Archive member included to satisfy reference by file (symbol)

app/libapp.a(main.c.obj)      (--whole-archive)
app/libapp.a(sensor_node.c.obj)
                              (--whole-archive)
zephyr/libzephyr.a(heap.c.obj)
                              (--whole-archive)
zephyr/libzephyr.a(cbprintf_packaged.c.obj)
                              (--whole-archive)
zephyr/libzephyr.a(clock.c.obj)
                              (--whole-archive)
zephyr/libzephyr.a(printk.c.obj)
                              (--whole-archive)
zephyr/libzephyr.a(sem.c.obj)
                              (--whole-archive)
zephyr/libzephyr.a(thread_entry.c.obj)
                              (--whole-archive)
zephyr/libzephyr.a(cbprintf_complete.c.obj)
                              (--whole-archive)
zephyr/libzephyr.a(assert.c.obj)
                              (--whole-archive)
zephyr/libzephyr.a(mpsc_pbuf.c.obj)
                              (--whole-archive)
zephyr/libzephyr.a(dec.c.obj)
                              (--whole-archive)
zephyr/libzephyr.a(hex.c.obj)
                              (--whole-archive)
zephyr/libzephyr.a(rb.c.obj)  (--whole-archive)
zephyr/libzephyr.a(timeutil.c.obj)
                              (--whole-archive)
zephyr/libzephyr.a(bitarray.c.obj)
                              (--whole-archive)
zephyr/libzephyr.a(ring_buffer.c.obj)
                              (--whole-archive)
zephyr/libzephyr.a(last_section_id.c.obj)
                              (--whole-archive)
zephyr/libzephyr.a(configs.c.obj)
                              (--whole-archive)
zephyr/libzephyr.a(soc.c.obj)
                              (--whole-archive)
zephyr/libzephyr.a(log_core.c.obj)
                              (--whole-archive)
zephyr/libzephyr.a(log_mgmt.c.obj)
                              (--whole-archive)
zephyr/libzephyr.a(log_cache.c.obj)
                              (--whole-archive)
zephyr/libzephyr.a(log_msg.c.obj)
                              (--whole-archive)
zephyr/libzephyr.a(log_output.c.obj)
                              (--whole-archive)
zephyr/libzephyr.a(log_backend_uart.c.obj)
                              (--whole-archive)
zephyr/libzephyr.a(tracing_none.c.obj)
                              (--whole-archive)
zephyr/arch/common/libarch__common.a(sw_isr_common.c.obj)
                              (--whole-archive)
zephyr/arch/arch/arm/core/libarch__arm__core.a(fatal.c.obj)
                              (--whole-archive)
zephyr/arch/arch/arm/core/libarch__arm__core.a(nmi.c.obj)
                              (--whole-archive)
zephyr/arch/arch/arm/core/libarch__arm__core.a(nmi_on_reset.S.obj)
                              (--whole-archive)
zephyr/arch/arch/arm/core/libarch__arm__core.a(tls.c.obj)
                              (--whole-archive)
zephyr/arch/arch/arm/core/cortex_m/libarch__arm__core__cortex_m.a(exc_exit.c.obj)
                              (--whole-archive)
zephyr/arch/arch/arm/core/cortex_m/libarch__arm__core__cortex_m.a(fault.c.obj)
                              (--whole-archive)
zephyr/arch/arch/arm/core/cortex_m/libarch__arm__core__cortex_m.a(fault_s.S.obj)
                              (--whole-archive)
zephyr/arch/arch/arm/core/cortex_m/libarch__arm__core__cortex_m.a(fpu.c.obj)
                              (--whole-archive)
zephyr/arch/arch/arm/core/cortex_m/libarch__arm__core__cortex_m.a(reset.S.obj)
                              (--whole-archive)
zephyr/arch/arch/arm/core/cortex_m/libarch__arm__core__cortex_m.a(scb.c.obj)
                              (--whole-archive)
zephyr/arch/arch/arm/core/cortex_m/libarch__arm__core__cortex_m.a(thread_abort.c.obj)
                              (--whole-archive)
zephyr/arch/arch/arm/core/cortex_m/libarch__arm__core__cortex_m.a(vector_table.S.obj)
                              (--whole-archive)
zephyr/arch/arch/arm/core/cortex_m/libarch__arm__core__cortex_m.a(swap_helper.S.obj)
                              (--whole-archive)
zephyr/arch/arch/arm/core/cortex_m/libarch__arm__core__cortex_m.a(irq_manage.c.obj)
                              (--whole-archive)
zephyr/arch/arch/arm/core/cortex_m/libarch__arm__core__cortex_m.a(prep_c.c.obj)
                              (--whole-archive)
zephyr/arch/arch/arm/core/cortex_m/libarch__arm__core__cortex_m.a(thread.c.obj)
                              (--whole-archive)
zephyr/arch/arch/arm/core/cortex_m/libarch__arm__core__cortex_m.a(cpu_idle.c.obj)
                              (--whole-archive)
zephyr/arch/arch/arm/core/cortex_m/libarch__arm__core__cortex_m.a(irq_init.c.obj)
                              (--whole-archive)
zephyr/arch/arch/arm/core/cortex_m/libarch__arm__core__cortex_m.a(isr_wrapper.c.obj)
                              (--whole-archive)
zephyr/arch/arch/arm/core/cortex_m/libarch__arm__core__cortex_m.a(__aeabi_read_tp.S.obj)
                              (--whole-archive)
zephyr/arch/arch/arm/core/cortex_m/cmse/libarch__arm__core__cortex_m__cmse.a(arm_core_cmse.c.obj)
[...]
Memory Configuration

Name             Origin             Length             Attributes
IMAGE_DEF_FLASH  0x0000000010000000 0x0000000000000080 r
FLASH            0x0000000010000100 0x00000000003fff00 xr
RAM              0x0000000020000000 0x0000000000082000 xw
IDT_LIST         0x00000000ffff7fff 0x0000000000008000 xw
*default*        0x0000000000000000 0xffffffffffffffff

Linker script and memory map

                0x00000000100044c0                vfprintf = __l_vfprintf
                0x0000000000000000                vfscanf = __l_vfscanf
LOAD zephyr/CMakeFiles/zephyr_pre0.dir/misc/empty_file.c.obj
LOAD zephyr/CMakeFiles/offsets.dir/./arch/arm/core/offsets/offsets.c.obj
LOAD app/libapp.a
LOAD zephyr/libzephyr.a
LOAD zephyr/arch/common/libarch__common.a
LOAD zephyr/arch/arch/arm/core/libarch__arm__core.a
LOAD zephyr/arch/arch/arm/core/cortex_m/libarch__arm__core__cortex_m.a
LOAD zephyr/arch/arch/arm/core/cortex_m/cmse/libarch__arm__core__cortex_m__cmse.a
LOAD zephyr/lib/libc/picolibc/liblib__libc__picolibc.a
LOAD zephyr/lib/libc/common/liblib__libc__common.a
LOAD zephyr/soc/soc/rp2350a/rp2350/libsoc__raspberrypi__rpi_pico__rp2350.a
LOAD zephyr/drivers/clock_control/libdrivers__clock_control.a
LOAD zephyr/drivers/console/libdrivers__console.a
LOAD zephyr/drivers/gpio/libdrivers__gpio.a
LOAD zephyr/drivers/pinctrl/libdrivers__pinctrl.a
LOAD zephyr/drivers/reset/libdrivers__reset.a
LOAD zephyr/drivers/serial/libdrivers__serial.a
LOAD zephyr/drivers/timer/libdrivers__timer.a
LOAD modules/hal_rpi_pico/libmodules__hal_rpi_pico.a
LOAD zephyr/kernel/libkernel.a
LOAD zephyr/arch/common/libisr_tables.a
LOAD /Users/majanyberg/zephyrproject/zephyr-sdk-0.16.6/arm-zephyr-eabi/bin/../lib/gcc/../../picolibc/arm-zephyr-eabi/lib/thumb/v8-m.main/nofp/libc.a
LOAD /Users/majanyberg/zephyrproject/zephyr-sdk-0.16.6/arm-zephyr-eabi/bin/../lib/gcc/arm-zephyr-eabi/12.2.0/thumb/v8-m.main/nofp/libgcc.a

.image_def      0x0000000010000000       0x1c
                0x0000000010000000        0x4 LONG 0xffffded3
                0x0000000010000004        0x4 LONG 0x10210142
                0x0000000010000008        0x4 LONG 0x203
                0x000000001000000c        0x4 LONG 0x10000200 ABSOLUTE (_vector_start)
                0x0000000010000010        0x4 LONG 0x3ff
                0x0000000010000014        0x4 LONG 0x0
                0x0000000010000018        0x4 LONG 0xab123579
                0x0000000000000004                _region_min_align = 0x4

.rel.plt        0x000000001000001c        0x0
 *(SORT_BY_ALIGNMENT(.rel.plt))
                [!provide]                        PROVIDE (__rel_iplt_start = .)
 *(SORT_BY_ALIGNMENT(.rel.iplt))
 .rel.iplt      0x000000001000001c        0x0 app/libapp.a(main.c.obj)
                [!provide]                        PROVIDE (__rel_iplt_end = .)

.rela.plt       0x000000001000001c        0x0
 *(SORT_BY_ALIGNMENT(.rela.plt))
                [!provide]                        PROVIDE (__rela_iplt_start = .)
 *(SORT_BY_ALIGNMENT(.rela.iplt))
                [!provide]                        PROVIDE (__rela_iplt_end = .)

.rel.dyn
 *(SORT_BY_ALIGNMENT(.rel.*))

.rela.dyn
 *(SORT_BY_ALIGNMENT(.rela.*))

/DISCARD/
 *(SORT_BY_ALIGNMENT(.plt))

/DISCARD/
 *(SORT_BY_ALIGNMENT(.iplt))
                0x0000000010000100                __rom_region_start = 0x10000100

rom_start       0x0000000010000100      0x210
                0x0000000010000100                __rom_start_address = .
 FILL mask 0x00
                0x0000000010000100                . = (. + (0x0 - (. - __rom_start_address)))
                0x0000000010000100                . = ALIGN (0x4)
                0x0000000010000100                . = ALIGN (0x80)
                0x0000000010000200                . = ALIGN (0x200)
 *fill*         0x0000000010000100      0x100 00
                0x0000000010000200                _vector_start = .
 *(SORT_BY_ALIGNMENT(.exc_vector_table))
 *(SORT_BY_ALIGNMENT(.exc_vector_table.*))
 .exc_vector_table._vector_table_section
                0x0000000010000200       0x40 zephyr/arch/arch/arm/core/cortex_m/libarch__arm__core__cortex_m.a(vector_table.S.obj)
                0x0000000010000200                _vector_table
 *(SORT_BY_ALIGNMENT(.vectors))
                0x0000000010000310                _vector_end = .
                0x0000000010000240                . = ALIGN (0x4)
 *(SORT_BY_ALIGNMENT(.gnu.linkonce.irq_vector_table*))
 .gnu.linkonce.irq_vector_table
                0x0000000010000240       0xd0 zephyr/arch/common/libisr_tables.a(isr_tables.c.obj)
                0x0000000010000240                _irq_vector_table
                0x0000000010000310                _vector_end = .

text            0x0000000010000310     0x5e70
                0x0000000010000310                __text_region_start = .
 *(SORT_BY_ALIGNMENT(.text))
 .text          0x0000000010000310      0x21c /Users/majanyberg/zephyrproject/zephyr-sdk-0.16.6/arm-zephyr-eabi/bin/../lib/gcc/arm-zephyr-eabi/12.2.0/thumb/v8-m.main/nofp/libgcc.a(_arm_addsubsf3.o)
                0x0000000010000310                __aeabi_frsub
                0x0000000010000318                __aeabi_fsub
                0x0000000010000318                __subsf3
                0x000000001000031c                __aeabi_fadd
                0x000000001000031c                __addsf3
                0x000000001000047c                __aeabi_ui2f
                0x000000001000047c                __floatunsisf
                0x0000000010000484                __floatsisf
                0x0000000010000484                __aeabi_i2f
                0x00000000100004a0                __aeabi_ul2f
                0x00000000100004a0                __floatundisf
                0x00000000100004b0                __aeabi_l2f
                0x00000000100004b0                __floatdisf
 .text          0x000000001000052c      0x2a0 /Users/majanyberg/zephyrproject/zephyr-sdk-0.16.6/arm-zephyr-eabi/bin/../lib/gcc/arm-zephyr-eabi/12.2.0/thumb/v8-m.main/nofp/libgcc.a(_arm_muldivsf3.o)
                0x000000001000052c                __mulsf3
                0x000000001000052c                __aeabi_fmul
                0x0000000010000694                __divsf3
                0x0000000010000694                __aeabi_fdiv
 .text          0x00000000100007cc       0x4c /Users/majanyberg/zephyrproject/zephyr-sdk-0.16.6/arm-zephyr-eabi/bin/../lib/gcc/arm-zephyr-eabi/12.2.0/thumb/v8-m.main/nofp/libgcc.a(_arm_fixsfsi.o)
                0x00000000100007cc                __fixsfsi
                0x00000000100007cc                __aeabi_f2iz
 .text          0x0000000010000818       0x30 /Users/majanyberg/zephyrproject/zephyr-sdk-0.16.6/arm-zephyr-eabi/bin/../lib/gcc/arm-zephyr-eabi/12.2.0/thumb/v8-m.main/nofp/libgcc.a(_aeabi_uldivmod.o)
                0x0000000010000818                __aeabi_uldivmod
 .text          0x0000000010000848        0x4 /Users/majanyberg/zephyrproject/zephyr-sdk-0.16.6/arm-zephyr-eabi/bin/../lib/gcc/arm-zephyr-eabi/12.2.0/thumb/v8-m.main/nofp/libgcc.a(_dvmd_tls.o)
                0x0000000010000848                __aeabi_ldiv0
                0x0000000010000848                __aeabi_idiv0
 .text          0x000000001000084c       0x10 /Users/majanyberg/zephyrproject/zephyr-sdk-0.16.6/arm-zephyr-eabi/bin/../lib/gcc/../../picolibc/arm-zephyr-eabi/lib/thumb/v8-m.main/nofp/libc.a(strlen.S.o)
                0x000000001000084c                strlen
 .text          0x000000001000085c      0x29c /Users/majanyberg/zephyrproject/zephyr-sdk-0.16.6/arm-zephyr-eabi/bin/../lib/gcc/arm-zephyr-eabi/12.2.0/thumb/v8-m.main/nofp/libgcc.a(_udivmoddi4.o)
                0x000000001000085c                __udivmoddi4
 *(SORT_BY_ALIGNMENT(.text.*))
 .text.sensor_channel_get.constprop.0.isra.0
                0x0000000010000af8       0x18 app/libapp.a(main.c.obj)
 .text.main     0x0000000010000b10      0x17c app/libapp.a(main.c.obj)
                0x0000000010000b10                main
 .text.sensor_node_channel_get
                0x0000000010000c8c       0x88 app/libapp.a(sensor_node.c.obj)
 .text.sensor_node_uart_isr
                0x0000000010000d14       0x9c app/libapp.a(sensor_node.c.obj)
 .text.sensor_node_init
                0x0000000010000db0      0x120 app/libapp.a(sensor_node.c.obj)
 .text.cbvprintf_package
                0x0000000010000ed0      0x3a4 zephyr/libzephyr.a(cbprintf_packaged.c.obj)
                0x0000000010000ed0                cbvprintf_package
 .text.cbprintf_package_convert
                0x0000000010001274      0x3d0 zephyr/libzephyr.a(cbprintf_packaged.c.obj)
                0x0000000010001274                cbprintf_package_convert
 .text.__printk_hook_install
                0x0000000010001644        0xc zephyr/libzephyr.a(printk.c.obj)
                0x0000000010001644                __printk_hook_install
 .text.z_thread_entry
                0x0000000010001650       0x34 zephyr/libzephyr.a(thread_entry.c.obj)
                0x0000000010001650                z_thread_entry
 .text.activate_foreach_backend
                0x0000000010001684       0x64 zephyr/libzephyr.a(log_core.c.obj)
 .text.enable_logger
                0x00000000100016e8       0x5c zephyr/libzephyr.a(log_core.c.obj)
 .text.log_process_thread_timer_expiry_fn
                0x0000000010001744        0xc zephyr/libzephyr.a(log_core.c.obj)
 .text.z_log_init
                0x0000000010001750       0x94 zephyr/libzephyr.a(log_core.c.obj)
 .text.log_format_func_t_get
                0x00000000100017e4        0xc zephyr/libzephyr.a(log_core.c.obj)
                0x00000000100017e4                log_format_func_t_get
 .text.log_set_timestamp_func
                0x00000000100017f0       0x20 zephyr/libzephyr.a(log_core.c.obj)
                0x00000000100017f0                log_set_timestamp_func
 .text.z_log_notify_backend_enabled
                0x0000000010001810       0x1c zephyr/libzephyr.a(log_core.c.obj)
                0x0000000010001810                z_log_notify_backend_enabled
 .text.z_log_dropped
                0x000000001000182c       0x3c zephyr/libzephyr.a(log_core.c.obj)
                0x000000001000182c                z_log_dropped
 .text.z_log_dropped_read_and_clear
                0x0000000010001868       0x18 zephyr/libzephyr.a(log_core.c.obj)
                0x0000000010001868                z_log_dropped_read_and_clear
 .text.dropped_notify
                0x0000000010001880       0x30 zephyr/libzephyr.a(log_core.c.obj)
                0x0000000010001880                dropped_notify
 .text.z_log_msg_init
                0x00000000100018b0       0x20 zephyr/libzephyr.a(log_core.c.obj)
                0x00000000100018b0                z_log_msg_init
 .text.log_core_init
                0x00000000100018d0       0x50 zephyr/libzephyr.a(log_core.c.obj)
                0x00000000100018d0                log_core_init
 .text.z_log_msg_alloc
                0x0000000010001920       0x10 zephyr/libzephyr.a(log_core.c.obj)
                0x0000000010001920                z_log_msg_alloc
 .text.z_log_msg_local_claim
                0x0000000010001930        0xc zephyr/libzephyr.a(log_core.c.obj)
                0x0000000010001930                z_log_msg_local_claim
 .text.z_log_msg_free
                0x000000001000193c       0x10 zephyr/libzephyr.a(log_core.c.obj)
                0x000000001000193c                z_log_msg_free
 .text.z_log_msg_pending
                0x000000001000194c        0xc zephyr/libzephyr.a(log_core.c.obj)
                0x000000001000194c                z_log_msg_pending
 .text.z_impl_log_process
                0x0000000010001958       0xac zephyr/libzephyr.a(log_core.c.obj)
                0x0000000010001958                z_impl_log_process
 .text.z_impl_log_panic
                0x0000000010001a04       0x44 zephyr/libzephyr.a(log_core.c.obj)
                0x0000000010001a04                z_impl_log_panic
 .text.log_process_thread_func
                0x0000000010001a48       0xa4 zephyr/libzephyr.a(log_core.c.obj)
 .text.z_log_msg_post_finalize
                0x0000000010001aec       0x78 zephyr/libzephyr.a(log_core.c.obj)
 .text.z_log_msg_commit
                0x0000000010001b64       0x24 zephyr/libzephyr.a(log_core.c.obj)
                0x0000000010001b64                z_log_msg_commit
 .text.log_source_name_get
                0x0000000010001b88       0x1c zephyr/libzephyr.a(log_mgmt.c.obj)
                0x0000000010001b88                log_source_name_get
 .text.z_impl_z_log_msg_static_create
                0x0000000010001ba4      0x108 zephyr/libzephyr.a(log_msg.c.obj)
                0x0000000010001ba4                z_impl_z_log_msg_static_create
 .text.z_log_msg_runtime_vcreate
                0x0000000010001cac       0xa0 zephyr/libzephyr.a(log_msg.c.obj)
                0x0000000010001cac                z_log_msg_runtime_vcreate
 .text.log_msg_get_source_id
                0x0000000010001d4c       0x18 zephyr/libzephyr.a(log_msg.c.obj)
                0x0000000010001d4c                log_msg_get_source_id
 .text.print_formatted
                0x0000000010001d64       0x24 zephyr/libzephyr.a(log_output.c.obj)
 .text.newline_print
                0x0000000010001d88       0x1c zephyr/libzephyr.a(log_output.c.obj)
 .text.log_output_process
                0x0000000010001da4      0x2d4 zephyr/libzephyr.a(log_output.c.obj)
                0x0000000010001da4                log_output_process
 .text.log_output_dropped_process
                0x0000000010002078       0x58 zephyr/libzephyr.a(log_output.c.obj)
                0x0000000010002078                log_output_dropped_process
 .text.log_output_timestamp_freq_set
                0x00000000100020d0       0x2c zephyr/libzephyr.a(log_output.c.obj)
                0x00000000100020d0                log_output_timestamp_freq_set
 .text.char_out
                0x00000000100020fc       0x24 zephyr/libzephyr.a(log_backend_uart.c.obj)
 .text.z_arm_fatal_error
                0x0000000010002120       0xb8 zephyr/arch/arch/arm/core/libarch__arm__core.a(fatal.c.obj)
                0x0000000010002120                z_arm_fatal_error
 .text.z_SysNmiOnReset
                0x00000000100021d8        0x8 zephyr/arch/arch/arm/core/libarch__arm__core.a(nmi_on_reset.S.obj)
                0x00000000100021d8                z_SysNmiOnReset
 .text.arch_tls_stack_setup
                0x00000000100021e0       0x40 zephyr/arch/arch/arm/core/libarch__arm__core.a(tls.c.obj)
                0x00000000100021e0                arch_tls_stack_setup
 .text._HandlerModeExit
                0x0000000010002220       0x20 zephyr/arch/arch/arm/core/cortex_m/libarch__arm__core__cortex_m.a(exc_exit.c.obj)
                0x0000000010002220                z_arm_exc_exit
                0x0000000010002220                z_arm_int_exit
 .text.mem_manage_fault.constprop.0
                0x0000000010002240       0xd0 zephyr/arch/arch/arm/core/cortex_m/libarch__arm__core__cortex_m.a(fault.c.obj)
 .text.usage_fault.constprop.0
                0x0000000010002310       0xbc zephyr/arch/arch/arm/core/cortex_m/libarch__arm__core__cortex_m.a(fault.c.obj)
 .text.bus_fault.constprop.0
                0x00000000100023cc       0xd0 zephyr/arch/arch/arm/core/cortex_m/libarch__arm__core__cortex_m.a(fault.c.obj)
 .text.z_arm_fault
                0x000000001000249c      0x1d0 zephyr/arch/arch/arm/core/cortex_m/libarch__arm__core__cortex_m.a(fault.c.obj)
                0x000000001000249c                z_arm_fault
 .text.z_arm_fault_init
                0x000000001000266c       0x18 zephyr/arch/arch/arm/core/cortex_m/libarch__arm__core__cortex_m.a(fault.c.obj)
                0x000000001000266c                z_arm_fault_init
 .text.__fault  0x0000000010002684       0x14 zephyr/arch/arch/arm/core/cortex_m/libarch__arm__core__cortex_m.a(fault_s.S.obj)
                0x0000000010002684                z_arm_bus_fault
                0x0000000010002684                z_arm_usage_fault
                0x0000000010002684                z_arm_mpu_fault
                0x0000000010002684                z_arm_exc_spurious
                0x0000000010002684                z_arm_debug_monitor
                0x0000000010002684                z_arm_hard_fault
 .text._reset_section
                0x0000000010002698       0x38 zephyr/arch/arch/arm/core/cortex_m/libarch__arm__core__cortex_m.a(reset.S.obj)
                0x0000000010002698                z_arm_reset
                0x0000000010002698                __start
 .text.z_impl_k_thread_abort
                0x00000000100026d0       0x2c zephyr/arch/arch/arm/core/cortex_m/libarch__arm__core__cortex_m.a(thread_abort.c.obj)
                0x00000000100026d0                z_impl_k_thread_abort
 .text.z_arm_pendsv
                0x00000000100026fc       0x54 zephyr/arch/arch/arm/core/cortex_m/libarch__arm__core__cortex_m.a(swap_helper.S.obj)
                0x00000000100026fc                z_arm_pendsv
 .text.z_arm_svc
                0x0000000010002750       0x24 zephyr/arch/arch/arm/core/cortex_m/libarch__arm__core__cortex_m.a(swap_helper.S.obj)
                0x0000000010002750                z_arm_svc
 .text.arm_irq_enable
                0x0000000010002774       0x1c zephyr/arch/arch/arm/core/cortex_m/libarch__arm__core__cortex_m.a(irq_manage.c.obj)
                0x0000000010002774                arm_irq_enable
 .text.arm_irq_priority_set
                0x0000000010002790       0x2c zephyr/arch/arch/arm/core/cortex_m/libarch__arm__core__cortex_m.a(irq_manage.c.obj)
                0x0000000010002790                arm_irq_priority_set
 .text.relocate_vector_table
                0x00000000100027bc       0x1c zephyr/arch/arch/arm/core/cortex_m/libarch__arm__core__cortex_m.a(prep_c.c.obj)
                0x00000000100027bc                relocate_vector_table
 .text.z_prep_c
                0x00000000100027d8       0x38 zephyr/arch/arch/arm/core/cortex_m/libarch__arm__core__cortex_m.a(prep_c.c.obj)
                0x00000000100027d8                z_prep_c
 .text.arch_new_thread
                0x0000000010002810       0x38 zephyr/arch/arch/arm/core/cortex_m/libarch__arm__core__cortex_m.a(thread.c.obj)
                0x0000000010002810                arch_new_thread
 .text.arch_switch_to_main_thread
                0x0000000010002848       0x38 zephyr/arch/arch/arm/core/cortex_m/libarch__arm__core__cortex_m.a(thread.c.obj)
                0x0000000010002848                arch_switch_to_main_thread
 .text.z_arm_cpu_idle_init
                0x0000000010002880        0xc zephyr/arch/arch/arm/core/cortex_m/libarch__arm__core__cortex_m.a(cpu_idle.c.obj)
                0x0000000010002880                z_arm_cpu_idle_init
 .text.z_arm_interrupt_init
                0x000000001000288c       0x18 zephyr/arch/arch/arm/core/cortex_m/libarch__arm__core__cortex_m.a(irq_init.c.obj)
                0x000000001000288c                z_arm_interrupt_init
 .text._isr_wrapper
                0x00000000100028a4       0x24 zephyr/arch/arch/arm/core/cortex_m/libarch__arm__core__cortex_m.a(isr_wrapper.c.obj)
                0x00000000100028a4                _isr_wrapper
 .text.cbvprintf
                0x00000000100028c8       0x38 zephyr/lib/libc/picolibc/liblib__libc__picolibc.a(cbprintf.c.obj)
                0x00000000100028c8                cbvprintf
 .text.z_impl_zephyr_fputc
                0x0000000010002900       0x10 zephyr/lib/libc/picolibc/liblib__libc__picolibc.a(stdio.c.obj)
                0x0000000010002900                z_impl_zephyr_fputc
 .text.__stdout_hook_install
                0x0000000010002910       0x18 zephyr/lib/libc/picolibc/liblib__libc__picolibc.a(stdio.c.obj)
                0x0000000010002910                __stdout_hook_install
 .text.abort    0x0000000010002928       0x1c zephyr/lib/libc/common/liblib__libc__common.a(abort.c.obj)
                0x0000000010002928                abort
 .text.malloc_prepare
                0x0000000010002944       0x24 zephyr/lib/libc/common/liblib__libc__common.a(malloc.c.obj)
 .text.rpi_pico_rosc_write.constprop.0
                0x0000000010002968       0x28 zephyr/drivers/clock_control/libdrivers__clock_control.a(clock_control_rpi_pico.c.obj)
 .text.rpi_pico_get_clock_src.isra.0
                0x0000000010002990       0x9c zephyr/drivers/clock_control/libdrivers__clock_control.a(clock_control_rpi_pico.c.obj)
 .text.rpi_pico_calc_clock_freq
                0x0000000010002a2c      0x104 zephyr/drivers/clock_control/libdrivers__clock_control.a(clock_control_rpi_pico.c.obj)
 .text.clock_control_rpi_pico_init
                0x0000000010002b30      0x1d8 zephyr/drivers/clock_control/libdrivers__clock_control.a(clock_control_rpi_pico.c.obj)
 .text.uart_console_init
                0x0000000010002d08       0x28 zephyr/drivers/console/libdrivers__console.a(uart_console.c.obj)
 .text.console_out
                0x0000000010002d30       0x28 zephyr/drivers/console/libdrivers__console.a(uart_console.c.obj)
 .text.gpio_rpi_get_pending_int
                0x0000000010002d58       0x30 zephyr/drivers/gpio/libdrivers__gpio.a(gpio_rpi_pico.c.obj)
 .text.gpio_rpi_configure
                0x0000000010002d88       0xc8 zephyr/drivers/gpio/libdrivers__gpio.a(gpio_rpi_pico.c.obj)
 .text.gpio_rpi_isr
                0x0000000010002e50       0x78 zephyr/drivers/gpio/libdrivers__gpio.a(gpio_rpi_pico.c.obj)
 .text.pl011_runtime_configure_internal
                0x0000000010002ec8      0x150 zephyr/drivers/serial/libdrivers__serial.a(uart_pl011.c.obj)
 .text.elapsed  0x0000000010003018       0x4c zephyr/drivers/timer/libdrivers__timer.a(cortex_m_systick.c.obj)
 .text.sys_clock_driver_init
                0x0000000010003064       0x38 zephyr/drivers/timer/libdrivers__timer.a(cortex_m_systick.c.obj)
 .text.sys_clock_isr
                0x000000001000309c       0x60 zephyr/drivers/timer/libdrivers__timer.a(cortex_m_systick.c.obj)
                0x000000001000309c                sys_clock_isr
 .text.sys_clock_set_timeout
                0x00000000100030fc       0xfc zephyr/drivers/timer/libdrivers__timer.a(cortex_m_systick.c.obj)
                0x00000000100030fc                sys_clock_set_timeout
 .text.sys_clock_elapsed
                0x00000000100031f8       0x3c zephyr/drivers/timer/libdrivers__timer.a(cortex_m_systick.c.obj)
                0x00000000100031f8                sys_clock_elapsed
 .text.clock_configure_internal
                0x0000000010003234       0xa4 modules/hal_rpi_pico/libmodules__hal_rpi_pico.a(clocks.c.obj)
 .text.pll_init
                0x00000000100032d8       0xb4 modules/hal_rpi_pico/libmodules__hal_rpi_pico.a(pll.c.obj)
                0x00000000100032d8                pll_init
 .text.xosc_init
                0x000000001000338c       0x28 modules/hal_rpi_pico/libmodules__hal_rpi_pico.a(xosc.c.obj)
                0x000000001000338c                xosc_init
 .text.gpio_set_function
                0x00000000100033b4       0x38 modules/hal_rpi_pico/libmodules__hal_rpi_pico.a(gpio.c.obj)
                0x00000000100033b4                gpio_set_function
 .text.gpio_set_pulls
                0x00000000100033ec       0x24 modules/hal_rpi_pico/libmodules__hal_rpi_pico.a(gpio.c.obj)
                0x00000000100033ec                gpio_set_pulls
 .text.gpio_set_input_hysteresis_enabled
                0x0000000010003410       0x1c modules/hal_rpi_pico/libmodules__hal_rpi_pico.a(gpio.c.obj)
                0x0000000010003410                gpio_set_input_hysteresis_enabled
 .text.gpio_set_slew_rate
                0x000000001000342c       0x1c modules/hal_rpi_pico/libmodules__hal_rpi_pico.a(gpio.c.obj)
                0x000000001000342c                gpio_set_slew_rate
 .text.gpio_set_drive_strength
                0x0000000010003448       0x20 modules/hal_rpi_pico/libmodules__hal_rpi_pico.a(gpio.c.obj)
                0x0000000010003448                gpio_set_drive_strength
 .text.gpio_acknowledge_irq
                0x0000000010003468       0x18 modules/hal_rpi_pico/libmodules__hal_rpi_pico.a(gpio.c.obj)
                0x0000000010003468                gpio_acknowledge_irq
 .text.gpio_set_irq_enabled
                0x0000000010003480       0x44 modules/hal_rpi_pico/libmodules__hal_rpi_pico.a(gpio.c.obj)
                0x0000000010003480                gpio_set_irq_enabled
 .text.gpio_set_input_enabled
                0x00000000100034c4       0x1c modules/hal_rpi_pico/libmodules__hal_rpi_pico.a(gpio.c.obj)
                0x00000000100034c4                gpio_set_input_enabled
 .text.runtime_init_per_core_enable_coprocessors
                0x00000000100034e0       0x1c modules/hal_rpi_pico/libmodules__hal_rpi_pico.a(runtime_init.c.obj)
                0x00000000100034e0                runtime_init_per_core_enable_coprocessors
 .text.k_sys_fatal_error_handler
                0x00000000100034fc       0x20 zephyr/kernel/libkernel.a(fatal.c.obj)
                0x00000000100034fc                k_sys_fatal_error_handler
 .text.z_fatal_error
                0x000000001000351c       0xe8 zephyr/kernel/libkernel.a(fatal.c.obj)
                0x000000001000351c                z_fatal_error
 .text.z_sys_init_run_level
                0x0000000010003604       0x30 zephyr/kernel/libkernel.a(init.c.obj)
 .text.bg_thread_main
                0x0000000010003634       0xc0 zephyr/kernel/libkernel.a(init.c.obj)
 .text.z_bss_zero
                0x00000000100036f4       0x18 zephyr/kernel/libkernel.a(init.c.obj)
                0x00000000100036f4                z_bss_zero
 .text.z_init_cpu
                0x000000001000370c       0x68 zephyr/kernel/libkernel.a(init.c.obj)
                0x000000001000370c                z_init_cpu
 .text.z_cstart
                0x0000000010003774       0xbc zephyr/kernel/libkernel.a(init.c.obj)
                0x0000000010003774                z_cstart
 .text.z_impl_k_sem_give
                0x0000000010003830       0x68 zephyr/kernel/libkernel.a(sem.c.obj)
                0x0000000010003830                z_impl_k_sem_give
 .text.z_impl_k_sem_take
                0x0000000010003898       0x4c zephyr/kernel/libkernel.a(sem.c.obj)
                0x0000000010003898                z_impl_k_sem_take
 .text.z_setup_new_thread
                0x00000000100038e4       0x70 zephyr/kernel/libkernel.a(thread.c.obj)
                0x00000000100038e4                z_setup_new_thread
 .text.z_impl_k_thread_create
                0x0000000010003954       0x58 zephyr/kernel/libkernel.a(thread.c.obj)
                0x0000000010003954                z_impl_k_thread_create
 .text.z_dummy_thread_init
                0x00000000100039ac       0x14 zephyr/kernel/libkernel.a(thread.c.obj)
                0x00000000100039ac                z_dummy_thread_init
 .text.z_swap_irqlock
                0x00000000100039c0       0x30 zephyr/kernel/libkernel.a(sched.c.obj)
 .text.ready_thread
                0x00000000100039f0       0x84 zephyr/kernel/libkernel.a(sched.c.obj)
 .text.unready_thread
                0x0000000010003a74       0x54 zephyr/kernel/libkernel.a(sched.c.obj)
 .text.add_thread_timeout
                0x0000000010003ac8       0x1c zephyr/kernel/libkernel.a(sched.c.obj)
 .text.move_thread_to_end_of_prio_q
                0x0000000010003ae4       0x90 zephyr/kernel/libkernel.a(sched.c.obj)
                0x0000000010003ae4                move_thread_to_end_of_prio_q
 .text.z_pend_curr
                0x0000000010003b74       0x44 zephyr/kernel/libkernel.a(sched.c.obj)
                0x0000000010003b74                z_pend_curr
 .text.z_reschedule
                0x0000000010003bb8       0x24 zephyr/kernel/libkernel.a(sched.c.obj)
                0x0000000010003bb8                z_reschedule
 .text.z_reschedule_irqlock
                0x0000000010003bdc       0x28 zephyr/kernel/libkernel.a(sched.c.obj)
                0x0000000010003bdc                z_reschedule_irqlock
 .text.k_sched_lock
                0x0000000010003c04       0x28 zephyr/kernel/libkernel.a(sched.c.obj)
                0x0000000010003c04                k_sched_lock
 .text.k_sched_unlock
                0x0000000010003c2c       0x68 zephyr/kernel/libkernel.a(sched.c.obj)
                0x0000000010003c2c                k_sched_unlock
 .text.z_sched_init
                0x0000000010003c94       0x10 zephyr/kernel/libkernel.a(sched.c.obj)
                0x0000000010003c94                z_sched_init
 .text.z_impl_k_yield
                0x0000000010003ca4       0x88 zephyr/kernel/libkernel.a(sched.c.obj)
                0x0000000010003ca4                z_impl_k_yield
 .text.z_tick_sleep
                0x0000000010003d2c       0x78 zephyr/kernel/libkernel.a(sched.c.obj)
 .text.z_impl_k_wakeup
                0x0000000010003da4       0x48 zephyr/kernel/libkernel.a(sched.c.obj)
                0x0000000010003da4                z_impl_k_wakeup
 .text.z_impl_k_sched_current_thread_query
                0x0000000010003dec        0xc zephyr/kernel/libkernel.a(sched.c.obj)
                0x0000000010003dec                z_impl_k_sched_current_thread_query
 .text.z_thread_abort
                0x0000000010003df8      0x138 zephyr/kernel/libkernel.a(sched.c.obj)
                0x0000000010003df8                z_thread_abort
 .text.slice_timeout
                0x0000000010003f30       0x20 zephyr/kernel/libkernel.a(timeslicing.c.obj)
 .text.thread_is_sliceable
                0x0000000010003f50       0x3c zephyr/kernel/libkernel.a(timeslicing.c.obj)
                0x0000000010003f50                thread_is_sliceable
 .text.z_reset_time_slice
                0x0000000010003f8c       0x50 zephyr/kernel/libkernel.a(timeslicing.c.obj)
                0x0000000010003f8c                z_reset_time_slice
 .text.z_time_slice
                0x0000000010003fdc       0x60 zephyr/kernel/libkernel.a(timeslicing.c.obj)
                0x0000000010003fdc                z_time_slice
 .text.z_data_copy
                0x000000001000403c       0x38 zephyr/kernel/libkernel.a(xip.c.obj)
                0x000000001000403c                z_data_copy
 .text.first    0x0000000010004074       0x10 zephyr/kernel/libkernel.a(timeout.c.obj)
 .text.elapsed  0x0000000010004084       0x14 zephyr/kernel/libkernel.a(timeout.c.obj)
 .text.remove_timeout
                0x0000000010004098       0x38 zephyr/kernel/libkernel.a(timeout.c.obj)
 .text.z_add_timeout
                0x00000000100040d0      0x120 zephyr/kernel/libkernel.a(timeout.c.obj)
                0x00000000100040d0                z_add_timeout
 .text.sys_clock_announce
                0x00000000100041f0       0xbc zephyr/kernel/libkernel.a(timeout.c.obj)
                0x00000000100041f0                sys_clock_announce
 .text.sys_clock_tick_get
                0x00000000100042ac       0x30 zephyr/kernel/libkernel.a(timeout.c.obj)
                0x00000000100042ac                sys_clock_tick_get
 .text.z_timer_expiration_handler
                0x00000000100042dc      0x110 zephyr/kernel/libkernel.a(timer.c.obj)
                0x00000000100042dc                z_timer_expiration_handler
 .text.z_impl_k_timer_start
                0x00000000100043ec       0x70 zephyr/kernel/libkernel.a(timer.c.obj)
                0x00000000100043ec                z_impl_k_timer_start
 .text.boot_banner
                0x000000001000445c        0xc zephyr/kernel/libkernel.a(banner.c.obj)
                0x000000001000445c                boot_banner
 .text.snprintf
                0x0000000010004468       0x58 /Users/majanyberg/zephyrproject/zephyr-sdk-0.16.6/arm-zephyr-eabi/bin/../lib/gcc/../../picolibc/arm-zephyr-eabi/lib/thumb/v8-m.main/nofp/libc.a(libc_tinystdio_snprintf.c.o)
                0x0000000010004468                snprintf
 .text.__l_vfprintf
                0x00000000100044c0      0x4b4 /Users/majanyberg/zephyrproject/zephyr-sdk-0.16.6/arm-zephyr-eabi/bin/../lib/gcc/../../picolibc/arm-zephyr-eabi/lib/thumb/v8-m.main/nofp/libc.a(libc_tinystdio_vflprintf.c.o)
                0x00000000100044c0                __l_vfprintf
 .text._OffsetAbsSyms
                0x0000000010004974        0x2 zephyr/CMakeFiles/offsets.dir/./arch/arm/core/offsets/offsets.c.obj
                0x0000000010004974                _OffsetAbsSyms
 .text.gpio_pin_set_dt.isra.0
                0x0000000010004976       0x28 app/libapp.a(main.c.obj)
 .text.gpio_pin_configure_dt.constprop.0.isra.0
                0x000000001000499e       0x34 app/libapp.a(main.c.obj)
 .text.sensor_node_sample_fetch
                0x00000000100049d2       0x40 app/libapp.a(sensor_node.c.obj)
 .text.chunk_field
                0x0000000010004a12       0x16 zephyr/libzephyr.a(heap.c.obj)
 .text.chunk_set
                0x0000000010004a28       0x16 zephyr/libzephyr.a(heap.c.obj)
 .text.chunk_size
                0x0000000010004a3e        0xc zephyr/libzephyr.a(heap.c.obj)
 .text.set_chunk_used
                0x0000000010004a4a       0x30 zephyr/libzephyr.a(heap.c.obj)
 .text.set_chunk_size
                0x0000000010004a7a        0x8 zephyr/libzephyr.a(heap.c.obj)
 .text.bucket_idx.isra.0
                0x0000000010004a82       0x1c zephyr/libzephyr.a(heap.c.obj)
 .text.free_list_add
                0x0000000010004a9e       0x84 zephyr/libzephyr.a(heap.c.obj)
 .text.sys_heap_init
                0x0000000010004b22       0xb0 zephyr/libzephyr.a(heap.c.obj)
                0x0000000010004b22                sys_heap_init
 .text.cbpprintf_external
                0x0000000010004bd2       0x62 zephyr/libzephyr.a(cbprintf_packaged.c.obj)
                0x0000000010004bd2                cbpprintf_external
 .text.is_ptr   0x0000000010004c34       0x4a zephyr/libzephyr.a(cbprintf_packaged.c.obj)
                0x0000000010004c34                is_ptr
 .text.arch_printk_char_out
                0x0000000010004c7e        0x4 zephyr/libzephyr.a(printk.c.obj)
                0x0000000010004c7e                arch_printk_char_out
 .text.printk   0x0000000010004c82       0x1a zephyr/libzephyr.a(printk.c.obj)
                0x0000000010004c82                printk
 .text.free_space
                0x0000000010004c9c       0x26 zephyr/libzephyr.a(mpsc_pbuf.c.obj)
 .text.get_usage
                0x0000000010004cc2       0x22 zephyr/libzephyr.a(mpsc_pbuf.c.obj)
 .text.idx_inc  0x0000000010004ce4       0x1c zephyr/libzephyr.a(mpsc_pbuf.c.obj)
 .text.rd_idx_inc
                0x0000000010004d00       0x18 zephyr/libzephyr.a(mpsc_pbuf.c.obj)
 .text.add_skip_item
                0x0000000010004d18       0x3e zephyr/libzephyr.a(mpsc_pbuf.c.obj)
 .text.drop_item_locked
                0x0000000010004d56      0x100 zephyr/libzephyr.a(mpsc_pbuf.c.obj)
 .text.post_drop_action
                0x0000000010004e56       0x36 zephyr/libzephyr.a(mpsc_pbuf.c.obj)
 .text.max_utilization_update
                0x0000000010004e8c       0x1a zephyr/libzephyr.a(mpsc_pbuf.c.obj)
 .text.mpsc_pbuf_init
                0x0000000010004ea6       0x42 zephyr/libzephyr.a(mpsc_pbuf.c.obj)
                0x0000000010004ea6                mpsc_pbuf_init
 .text.mpsc_pbuf_alloc
                0x0000000010004ee8       0xfe zephyr/libzephyr.a(mpsc_pbuf.c.obj)
                0x0000000010004ee8                mpsc_pbuf_alloc
 .text.mpsc_pbuf_commit
                0x0000000010004fe6       0x3e zephyr/libzephyr.a(mpsc_pbuf.c.obj)
                0x0000000010004fe6                mpsc_pbuf_commit
 .text.mpsc_pbuf_claim
                0x0000000010005024       0xa8 zephyr/libzephyr.a(mpsc_pbuf.c.obj)
                0x0000000010005024                mpsc_pbuf_claim
 .text.mpsc_pbuf_free
                0x00000000100050cc       0x76 zephyr/libzephyr.a(mpsc_pbuf.c.obj)
                0x00000000100050cc                mpsc_pbuf_free
 .text.mpsc_pbuf_is_pending
                0x0000000010005142       0x32 zephyr/libzephyr.a(mpsc_pbuf.c.obj)
                0x0000000010005142                mpsc_pbuf_is_pending
 .text._ConfigAbsSyms
                0x0000000010005174        0x2 zephyr/libzephyr.a(configs.c.obj)
                0x0000000010005174                _ConfigAbsSyms
 .text.log_msg_generic_get_wlen
                0x0000000010005176       0x20 zephyr/libzephyr.a(log_core.c.obj)
 .text.dummy_timestamp
                0x0000000010005196        0x4 zephyr/libzephyr.a(log_core.c.obj)
 .text.atomic_inc
                0x000000001000519a       0x12 zephyr/libzephyr.a(log_core.c.obj)
 .text.default_lf_get_timestamp
                0x00000000100051ac       0x10 zephyr/libzephyr.a(log_core.c.obj)
 .text.z_log_vprintk
                0x00000000100051bc       0x1c zephyr/libzephyr.a(log_core.c.obj)
                0x00000000100051bc                z_log_vprintk
 .text.z_log_notify_drop
                0x00000000100051d8        0x6 zephyr/libzephyr.a(log_core.c.obj)
 .text.z_log_get_tag
                0x00000000100051de        0x4 zephyr/libzephyr.a(log_core.c.obj)
                0x00000000100051de                z_log_get_tag
 .text.log_backend_enable
                0x00000000100051e2       0x12 zephyr/libzephyr.a(log_mgmt.c.obj)
                0x00000000100051e2                log_backend_enable
 .text.z_cbprintf_cpy
                0x00000000100051f4       0x2e zephyr/libzephyr.a(log_msg.c.obj)
 .text.z_log_msg_finalize
                0x0000000010005222       0x32 zephyr/libzephyr.a(log_msg.c.obj)
                0x0000000010005222                z_log_msg_finalize
 .text.z_log_msg_simple_create
                0x0000000010005254       0x6e zephyr/libzephyr.a(log_msg.c.obj)
 .text.z_impl_z_log_msg_simple_create_0
                0x00000000100052c2       0x12 zephyr/libzephyr.a(log_msg.c.obj)
                0x00000000100052c2                z_impl_z_log_msg_simple_create_0
 .text.z_impl_z_log_msg_simple_create_1
                0x00000000100052d4       0x14 zephyr/libzephyr.a(log_msg.c.obj)
                0x00000000100052d4                z_impl_z_log_msg_simple_create_1
 .text.log_output_write
                0x00000000100052e8       0x1c zephyr/libzephyr.a(log_output.c.obj)
 .text.log_output_flush
                0x0000000010005304       0x1a zephyr/libzephyr.a(log_output.c.obj)
 .text.out_func
                0x000000001000531e       0x2e zephyr/libzephyr.a(log_output.c.obj)
 .text.cr_out_func
                0x000000001000534c       0x1c zephyr/libzephyr.a(log_output.c.obj)
 .text.log_output_msg_process
                0x0000000010005368       0x6a zephyr/libzephyr.a(log_output.c.obj)
                0x0000000010005368                log_output_msg_process
 .text.format_set
                0x00000000100053d2        0xc zephyr/libzephyr.a(log_backend_uart.c.obj)
 .text.log_backend_uart_init
                0x00000000100053de        0xc zephyr/libzephyr.a(log_backend_uart.c.obj)
 .text.panic    0x00000000100053ea       0x32 zephyr/libzephyr.a(log_backend_uart.c.obj)
 .text.dropped  0x000000001000541c        0xa zephyr/libzephyr.a(log_backend_uart.c.obj)
 .text.process  0x0000000010005426       0x1e zephyr/libzephyr.a(log_backend_uart.c.obj)
 .text.z_do_kernel_oops
                0x0000000010005444        0x8 zephyr/arch/arch/arm/core/libarch__arm__core.a(fatal.c.obj)
                0x0000000010005444                z_do_kernel_oops
 .text.z_arm_nmi
                0x000000001000544c        0xe zephyr/arch/arch/arm/core/libarch__arm__core.a(nmi.c.obj)
                0x000000001000544c                z_arm_nmi
 .text.z_log_msg_simple_create_0.constprop.0
                0x000000001000545a        0x8 zephyr/arch/arch/arm/core/cortex_m/libarch__arm__core__cortex_m.a(fault.c.obj)
 .text.z_irq_spurious
                0x0000000010005462        0x8 zephyr/arch/arch/arm/core/cortex_m/libarch__arm__core__cortex_m.a(irq_manage.c.obj)
                0x0000000010005462                z_irq_spurious
 .text.arch_irq_unlock_outlined
                0x000000001000546a        0xe zephyr/arch/arch/arm/core/cortex_m/libarch__arm__core__cortex_m.a(thread.c.obj)
                0x000000001000546a                arch_irq_unlock_outlined
 .text.arch_cpu_idle
                0x0000000010005478       0x1a zephyr/arch/arch/arm/core/cortex_m/libarch__arm__core__cortex_m.a(cpu_idle.c.obj)
                0x0000000010005478                arch_cpu_idle
 .text.__assert_no_args
                0x0000000010005492        0x6 zephyr/lib/libc/picolibc/liblib__libc__picolibc.a(assert.c.obj)
                0x0000000010005492                __assert_no_args
 .text.cbputc   0x0000000010005498        0xc zephyr/lib/libc/picolibc/liblib__libc__picolibc.a(cbprintf.c.obj)
 .text.picolibc_put
                0x00000000100054a4        0xa zephyr/lib/libc/picolibc/liblib__libc__picolibc.a(stdio.c.obj)
 .text.soc_reset_hook
                0x00000000100054ae        0x4 zephyr/soc/soc/rp2350a/rp2350/libsoc__raspberrypi__rpi_pico__rp2350.a(soc.c.obj)
                0x00000000100054ae                soc_reset_hook
 .text.clock_control_rpi_pico_on
                0x00000000100054b2       0x3c zephyr/drivers/clock_control/libdrivers__clock_control.a(clock_control_rpi_pico.c.obj)
 .text.clock_control_rpi_pico_off
                0x00000000100054ee       0x3c zephyr/drivers/clock_control/libdrivers__clock_control.a(clock_control_rpi_pico.c.obj)
 .text.rpi_pico_is_clock_enabled.isra.0
                0x000000001000552a       0x70 zephyr/drivers/clock_control/libdrivers__clock_control.a(clock_control_rpi_pico.c.obj)
 .text.clock_control_rpi_pico_get_status
                0x000000001000559a       0x18 zephyr/drivers/clock_control/libdrivers__clock_control.a(clock_control_rpi_pico.c.obj)
 .text.clock_control_rpi_pico_get_rate
                0x00000000100055b2       0x1e zephyr/drivers/clock_control/libdrivers__clock_control.a(clock_control_rpi_pico.c.obj)
 .text.rpi_pico_clkid_tuple_reorder_by_dependencies
                0x00000000100055d0       0x4c zephyr/drivers/clock_control/libdrivers__clock_control.a(clock_control_rpi_pico.c.obj)
                0x00000000100055d0                rpi_pico_clkid_tuple_reorder_by_dependencies
 .text.gpio_rpi_port_get_raw
                0x000000001000561c        0xa zephyr/drivers/gpio/libdrivers__gpio.a(gpio_rpi_pico.c.obj)
 .text.gpio_rpi_port_set_bits_raw
                0x0000000010005626       0x24 zephyr/drivers/gpio/libdrivers__gpio.a(gpio_rpi_pico.c.obj)
 .text.gpio_rpi_port_clear_bits_raw
                0x000000001000564a       0x24 zephyr/drivers/gpio/libdrivers__gpio.a(gpio_rpi_pico.c.obj)
 .text.gpio_rpi_port_toggle_bits
                0x000000001000566e       0x16 zephyr/drivers/gpio/libdrivers__gpio.a(gpio_rpi_pico.c.obj)
 .text.gpio_rpi_manage_callback
                0x0000000010005684       0x52 zephyr/drivers/gpio/libdrivers__gpio.a(gpio_rpi_pico.c.obj)
 .text.gpio_rpi_bank_init
                0x00000000100056d6        0xe zephyr/drivers/gpio/libdrivers__gpio.a(gpio_rpi_pico.c.obj)
 .text.gpio_rpi_pin_interrupt_configure
                0x00000000100056e4       0x42 zephyr/drivers/gpio/libdrivers__gpio.a(gpio_rpi_pico.c.obj)
 .text.bank_0_config_func
                0x0000000010005726       0x16 zephyr/drivers/gpio/libdrivers__gpio.a(gpio_rpi_pico.c.obj)
 .text.gpio_rpi_port_set_masked_raw
                0x000000001000573c       0x40 zephyr/drivers/gpio/libdrivers__gpio.a(gpio_rpi_pico.c.obj)
 .text.pinctrl_lookup_state
                0x000000001000577c       0x26 zephyr/drivers/pinctrl/libdrivers__pinctrl.a(common.c.obj)
                0x000000001000577c                pinctrl_lookup_state
 .text.pinctrl_configure_pins
                0x00000000100057a2       0xc6 zephyr/drivers/pinctrl/libdrivers__pinctrl.a(pinctrl_rpi_pico.c.obj)
                0x00000000100057a2                pinctrl_configure_pins
 .text.reset_rpi_init
                0x0000000010005868        0x4 zephyr/drivers/reset/libdrivers__reset.a(reset_rpi_pico.c.obj)
 .text.reset_rpi_read_register.isra.0
                0x000000001000586c       0x2a zephyr/drivers/reset/libdrivers__reset.a(reset_rpi_pico.c.obj)
 .text.reset_rpi_update
                0x0000000010005896       0x64 zephyr/drivers/reset/libdrivers__reset.a(reset_rpi_pico.c.obj)
 .text.reset_rpi_line_assert
                0x00000000100058fa        0x6 zephyr/drivers/reset/libdrivers__reset.a(reset_rpi_pico.c.obj)
 .text.reset_rpi_line_deassert
                0x0000000010005900        0x6 zephyr/drivers/reset/libdrivers__reset.a(reset_rpi_pico.c.obj)
 .text.reset_rpi_line_toggle
                0x0000000010005906       0x1a zephyr/drivers/reset/libdrivers__reset.a(reset_rpi_pico.c.obj)
 .text.reset_rpi_status
                0x0000000010005920       0x42 zephyr/drivers/reset/libdrivers__reset.a(reset_rpi_pico.c.obj)
 .text.pl011_poll_in
                0x0000000010005962       0x32 zephyr/drivers/serial/libdrivers__serial.a(uart_pl011.c.obj)
 .text.pl011_poll_out
                0x0000000010005994        0xe zephyr/drivers/serial/libdrivers__serial.a(uart_pl011.c.obj)
 .text.pl011_err_check
                0x00000000100059a2       0x2a zephyr/drivers/serial/libdrivers__serial.a(uart_pl011.c.obj)
 .text.pl011_runtime_config_get
                0x00000000100059cc       0x10 zephyr/drivers/serial/libdrivers__serial.a(uart_pl011.c.obj)
 .text.pl011_fifo_fill
                0x00000000100059dc       0x20 zephyr/drivers/serial/libdrivers__serial.a(uart_pl011.c.obj)
 .text.pl011_fifo_read
                0x00000000100059fc       0x20 zephyr/drivers/serial/libdrivers__serial.a(uart_pl011.c.obj)
 .text.pl011_irq_tx_enable
                0x0000000010005a1c       0x4a zephyr/drivers/serial/libdrivers__serial.a(uart_pl011.c.obj)
 .text.pl011_irq_tx_disable
                0x0000000010005a66       0x14 zephyr/drivers/serial/libdrivers__serial.a(uart_pl011.c.obj)
 .text.pl011_irq_tx_complete
                0x0000000010005a7a       0x10 zephyr/drivers/serial/libdrivers__serial.a(uart_pl011.c.obj)
 .text.pl011_irq_tx_ready
                0x0000000010005a8a       0x2c zephyr/drivers/serial/libdrivers__serial.a(uart_pl011.c.obj)
 .text.pl011_irq_rx_enable
                0x0000000010005ab6        0xe zephyr/drivers/serial/libdrivers__serial.a(uart_pl011.c.obj)
 .text.pl011_irq_rx_disable
                0x0000000010005ac4        0xe zephyr/drivers/serial/libdrivers__serial.a(uart_pl011.c.obj)
 .text.pl011_irq_rx_ready
                0x0000000010005ad2       0x26 zephyr/drivers/serial/libdrivers__serial.a(uart_pl011.c.obj)
 .text.pl011_irq_err_enable
                0x0000000010005af8        0xe zephyr/drivers/serial/libdrivers__serial.a(uart_pl011.c.obj)
 .text.pl011_irq_err_disable
                0x0000000010005b06        0xe zephyr/drivers/serial/libdrivers__serial.a(uart_pl011.c.obj)
 .text.pl011_irq_is_pending
                0x0000000010005b14       0x1c zephyr/drivers/serial/libdrivers__serial.a(uart_pl011.c.obj)
 .text.pl011_irq_update
                0x0000000010005b30        0x4 zephyr/drivers/serial/libdrivers__serial.a(uart_pl011.c.obj)
 .text.pl011_irq_callback_set
                0x0000000010005b34        0x8 zephyr/drivers/serial/libdrivers__serial.a(uart_pl011.c.obj)
 .text.pl011_isr
                0x0000000010005b3c       0x26 zephyr/drivers/serial/libdrivers__serial.a(uart_pl011.c.obj)
                0x0000000010005b3c                pl011_isr
 .text.pwr_on_raspberrypi_pico_uart_0
                0x0000000010005b62        0x4 zephyr/drivers/serial/libdrivers__serial.a(uart_pl011.c.obj)
 .text.clk_enable_raspberrypi_pico_uart_0
                0x0000000010005b66        0x4 zephyr/drivers/serial/libdrivers__serial.a(uart_pl011.c.obj)
 .text.pl011_irq_config_func_0
                0x0000000010005b6a       0x16 zephyr/drivers/serial/libdrivers__serial.a(uart_pl011.c.obj)
 .text.pl011_runtime_configure
                0x0000000010005b80        0x6 zephyr/drivers/serial/libdrivers__serial.a(uart_pl011.c.obj)
 .text.pl011_init
                0x0000000010005b86      0x11c zephyr/drivers/serial/libdrivers__serial.a(uart_pl011.c.obj)
 .text.clock_configure
                0x0000000010005ca2       0x48 modules/hal_rpi_pico/libmodules__hal_rpi_pico.a(clocks.c.obj)
                0x0000000010005ca2                clock_configure
 .text.tick_start
                0x0000000010005cea       0x14 modules/hal_rpi_pico/libmodules__hal_rpi_pico.a(ticks.c.obj)
                0x0000000010005cea                tick_start
 .text.gpio_set_irqover
                0x0000000010005cfe       0x1e modules/hal_rpi_pico/libmodules__hal_rpi_pico.a(gpio.c.obj)
                0x0000000010005cfe                gpio_set_irqover
 .text.gpio_set_inover
                0x0000000010005d1c       0x1e modules/hal_rpi_pico/libmodules__hal_rpi_pico.a(gpio.c.obj)
                0x0000000010005d1c                gpio_set_inover
 .text.gpio_set_outover
                0x0000000010005d3a       0x1e modules/hal_rpi_pico/libmodules__hal_rpi_pico.a(gpio.c.obj)
                0x0000000010005d3a                gpio_set_outover
 .text.gpio_set_oeover
                0x0000000010005d58       0x1e modules/hal_rpi_pico/libmodules__hal_rpi_pico.a(gpio.c.obj)
                0x0000000010005d58                gpio_set_oeover
 .text.gpio_init
                0x0000000010005d76       0x12 modules/hal_rpi_pico/libmodules__hal_rpi_pico.a(gpio.c.obj)
                0x0000000010005d76                gpio_init
 .text.z_device_state_init
                0x0000000010005d88        0x2 zephyr/kernel/libkernel.a(device.c.obj)
                0x0000000010005d88                z_device_state_init
 .text.z_impl_device_is_ready
                0x0000000010005d8a       0x16 zephyr/kernel/libkernel.a(device.c.obj)
                0x0000000010005d8a                z_impl_device_is_ready
 .text.arch_system_halt
                0x0000000010005da0       0x10 zephyr/kernel/libkernel.a(fatal.c.obj)
                0x0000000010005da0                arch_system_halt
 .text.do_device_init
                0x0000000010005db0       0x2e zephyr/kernel/libkernel.a(init.c.obj)
 .text.z_early_memset
                0x0000000010005dde        0x4 zephyr/kernel/libkernel.a(init.c.obj)
                0x0000000010005dde                z_early_memset
 .text.z_early_memcpy
                0x0000000010005de2        0x4 zephyr/kernel/libkernel.a(init.c.obj)
                0x0000000010005de2                z_early_memcpy
 .text.idle     0x0000000010005de6       0x16 zephyr/kernel/libkernel.a(idle.c.obj)
                0x0000000010005de6                idle
 .text.z_impl_k_sem_init
                0x0000000010005dfc       0x18 zephyr/kernel/libkernel.a(sem.c.obj)
                0x0000000010005dfc                z_impl_k_sem_init
 .text.k_is_in_isr
                0x0000000010005e14        0xc zephyr/kernel/libkernel.a(thread.c.obj)
                0x0000000010005e14                k_is_in_isr
 .text.z_impl_k_thread_name_set
                0x0000000010005e20        0x6 zephyr/kernel/libkernel.a(thread.c.obj)
                0x0000000010005e20                z_impl_k_thread_name_set
 .text.k_thread_name_get
                0x0000000010005e26        0x4 zephyr/kernel/libkernel.a(thread.c.obj)
                0x0000000010005e26                k_thread_name_get
 .text.sys_dlist_remove
                0x0000000010005e2a       0x10 zephyr/kernel/libkernel.a(sched.c.obj)
 .text.unpend_thread_no_timeout
                0x0000000010005e3a       0x14 zephyr/kernel/libkernel.a(sched.c.obj)
 .text.add_to_waitq_locked
                0x0000000010005e4e       0x50 zephyr/kernel/libkernel.a(sched.c.obj)
 .text.z_ready_thread
                0x0000000010005e9e       0x1e zephyr/kernel/libkernel.a(sched.c.obj)
                0x0000000010005e9e                z_ready_thread
 .text.z_unpend_thread_no_timeout
                0x0000000010005ebc       0x22 zephyr/kernel/libkernel.a(sched.c.obj)
                0x0000000010005ebc                z_unpend_thread_no_timeout
 .text.z_sched_wake_thread
                0x0000000010005ede       0x3a zephyr/kernel/libkernel.a(sched.c.obj)
                0x0000000010005ede                z_sched_wake_thread
 .text.z_thread_timeout
                0x0000000010005f18        0x8 zephyr/kernel/libkernel.a(sched.c.obj)
                0x0000000010005f18                z_thread_timeout
 .text.z_unpend1_no_timeout
                0x0000000010005f20       0x2c zephyr/kernel/libkernel.a(sched.c.obj)
                0x0000000010005f20                z_unpend1_no_timeout
 .text.z_impl_k_sleep
                0x0000000010005f4c       0x50 zephyr/kernel/libkernel.a(sched.c.obj)
                0x0000000010005f4c                z_impl_k_sleep
 .text.next_timeout
                0x0000000010005f9c       0x2e zephyr/kernel/libkernel.a(timeout.c.obj)
 .text.z_abort_timeout
                0x0000000010005fca       0x50 zephyr/kernel/libkernel.a(timeout.c.obj)
                0x0000000010005fca                z_abort_timeout
 .text.sys_clock_tick_get_32
                0x000000001000601a        0x8 zephyr/kernel/libkernel.a(timeout.c.obj)
                0x000000001000601a                sys_clock_tick_get_32
 .text.z_impl_k_uptime_ticks
                0x0000000010006022        0x4 zephyr/kernel/libkernel.a(timeout.c.obj)
                0x0000000010006022                z_impl_k_uptime_ticks
 .text.k_timer_init
                0x0000000010006026       0x18 zephyr/kernel/libkernel.a(timer.c.obj)
                0x0000000010006026                k_timer_init
 .text.z_impl_k_timer_stop
                0x000000001000603e       0x38 zephyr/kernel/libkernel.a(timer.c.obj)
                0x000000001000603e                z_impl_k_timer_stop
 .text.memcpy   0x0000000010006076       0x1a /Users/majanyberg/zephyrproject/zephyr-sdk-0.16.6/arm-zephyr-eabi/bin/../lib/gcc/../../picolibc/arm-zephyr-eabi/lib/thumb/v8-m.main/nofp/libc.a(memcpy.c.o)
                0x0000000010006076                memcpy
                0x0000000010006076                __aeabi_memcpy
                0x0000000010006076                __aeabi_memcpy4
                0x0000000010006076                __aeabi_memcpy8
 .text.memset   0x0000000010006090       0x10 /Users/majanyberg/zephyrproject/zephyr-sdk-0.16.6/arm-zephyr-eabi/bin/../lib/gcc/../../picolibc/arm-zephyr-eabi/lib/thumb/v8-m.main/nofp/libc.a(memset.c.o)
                0x0000000010006090                memset
 .text.strnlen  0x00000000100060a0       0x18 /Users/majanyberg/zephyrproject/zephyr-sdk-0.16.6/arm-zephyr-eabi/bin/../lib/gcc/../../picolibc/arm-zephyr-eabi/lib/thumb/v8-m.main/nofp/libc.a(libc_string_strnlen.c.o)
                0x00000000100060a0                strnlen
 .text.__ultoa_invert
                0x00000000100060b8       0xac /Users/majanyberg/zephyrproject/zephyr-sdk-0.16.6/arm-zephyr-eabi/bin/../lib/gcc/../../picolibc/arm-zephyr-eabi/lib/thumb/v8-m.main/nofp/libc.a(libc_tinystdio_vflprintf.c.o)
 .text.__file_str_put
                0x0000000010006164       0x10 /Users/majanyberg/zephyrproject/zephyr-sdk-0.16.6/arm-zephyr-eabi/bin/../lib/gcc/../../picolibc/arm-zephyr-eabi/lib/thumb/v8-m.main/nofp/libc.a(libc_tinystdio_filestrput.c.o)
                0x0000000010006164                __file_str_put
 *(SORT_BY_ALIGNMENT(.TEXT.*))
 .TEXT.__aeabi_read_tp
                0x0000000010006174        0xc zephyr/arch/arch/arm/core/cortex_m/libarch__arm__core__cortex_m.a(__aeabi_read_tp.S.obj)
                0x0000000010006174                __aeabi_read_tp
 *(SORT_BY_ALIGNMENT(.gnu.linkonce.t.*))
 *(SORT_BY_ALIGNMENT(.glue_7t))
 .glue_7t       0x0000000010006180        0x0 linker stubs
 *(SORT_BY_ALIGNMENT(.glue_7))
 .glue_7        0x0000000010006180        0x0 linker stubs
 *(SORT_BY_ALIGNMENT(.vfp11_veneer))
 .vfp11_veneer  0x0000000010006180        0x0 linker stubs
 *(SORT_BY_ALIGNMENT(.v4_bx))
 .v4_bx         0x0000000010006180        0x0 linker stubs
                0x0000000010006180                . = ALIGN (0x4)
                0x0000000010006180                __text_region_end = .

.ARM.exidx      0x0000000010006180        0x8
                0x0000000010006180                __exidx_start = .
 *(SORT_BY_ALIGNMENT(.ARM.exidx*) SORT_BY_ALIGNMENT(gnu.linkonce.armexidx.*))
 .ARM.exidx     0x0000000010006180        0x8 /Users/majanyberg/zephyrproject/zephyr-sdk-0.16.6/arm-zephyr-eabi/bin/../lib/gcc/../../picolibc/arm-zephyr-eabi/lib/thumb/v8-m.main/nofp/libc.a(strlen.S.o)
 .ARM.exidx     0x0000000010006188        0x0 /Users/majanyberg/zephyrproject/zephyr-sdk-0.16.6/arm-zephyr-eabi/bin/../lib/gcc/arm-zephyr-eabi/12.2.0/thumb/v8-m.main/nofp/libgcc.a(_udivmoddi4.o)
                                          0x8 (size before relaxing)
                0x0000000010006188                __exidx_end = .
                0x0000000010006188                __rodata_region_start = .

initlevel       0x0000000010006188       0x48
                0x0000000010006188                __init_start = .
                0x0000000010006188                __init_EARLY_start = .
 *(SORT_BY_NAME(SORT_BY_ALIGNMENT(.z_init_EARLY_P_?_*)))
 *(SORT_BY_NAME(SORT_BY_ALIGNMENT(.z_init_EARLY_P_??_*)))
 *(SORT_BY_NAME(SORT_BY_ALIGNMENT(.z_init_EARLY_P_???_*)))
                0x0000000010006188                __init_PRE_KERNEL_1_start = .
 *(SORT_BY_NAME(SORT_BY_ALIGNMENT(.z_init_PRE_KERNEL_1_P_?_*)))
 *(SORT_BY_NAME(SORT_BY_ALIGNMENT(.z_init_PRE_KERNEL_1_P_??_*)))
 .z_init_PRE_KERNEL_1_P_30_SUB_00025_
                0x0000000010006188        0x8 zephyr/drivers/clock_control/libdrivers__clock_control.a(clock_control_rpi_pico.c.obj)
 .z_init_PRE_KERNEL_1_P_35_SUB_00027_
                0x0000000010006190        0x8 zephyr/drivers/reset/libdrivers__reset.a(reset_rpi_pico.c.obj)
 .z_init_PRE_KERNEL_1_P_50_SUB_00031_
                0x0000000010006198        0x8 zephyr/drivers/serial/libdrivers__serial.a(uart_pl011.c.obj)
 .z_init_PRE_KERNEL_1_P_60_SUB_0_
                0x00000000100061a0        0x8 zephyr/drivers/console/libdrivers__console.a(uart_console.c.obj)
 *(SORT_BY_NAME(SORT_BY_ALIGNMENT(.z_init_PRE_KERNEL_1_P_???_*)))
                0x00000000100061a8                __init_PRE_KERNEL_2_start = .
 *(SORT_BY_NAME(SORT_BY_ALIGNMENT(.z_init_PRE_KERNEL_2_P_?_*)))
 .z_init_PRE_KERNEL_2_P_0_SUB_0_
                0x00000000100061a8        0x8 zephyr/drivers/timer/libdrivers__timer.a(cortex_m_systick.c.obj)
 *(SORT_BY_NAME(SORT_BY_ALIGNMENT(.z_init_PRE_KERNEL_2_P_??_*)))
 *(SORT_BY_NAME(SORT_BY_ALIGNMENT(.z_init_PRE_KERNEL_2_P_???_*)))
                0x00000000100061b0                __init_POST_KERNEL_start = .
 *(SORT_BY_NAME(SORT_BY_ALIGNMENT(.z_init_POST_KERNEL_P_?_*)))
 .z_init_POST_KERNEL_P_0_SUB_0_
                0x00000000100061b0        0x8 zephyr/libzephyr.a(log_core.c.obj)
 *(SORT_BY_NAME(SORT_BY_ALIGNMENT(.z_init_POST_KERNEL_P_??_*)))
 .z_init_POST_KERNEL_P_35_SUB_0_
                0x00000000100061b8        0x8 zephyr/lib/libc/common/liblib__libc__common.a(malloc.c.obj)
 .z_init_POST_KERNEL_P_40_SUB_00037_
                0x00000000100061c0        0x8 zephyr/drivers/gpio/libdrivers__gpio.a(gpio_rpi_pico.c.obj)
 .z_init_POST_KERNEL_P_90_SUB_00032_
                0x00000000100061c8        0x8 app/libapp.a(sensor_node.c.obj)
 *(SORT_BY_NAME(SORT_BY_ALIGNMENT(.z_init_POST_KERNEL_P_???_*)))
                0x00000000100061d0                __init_APPLICATION_start = .
 *(SORT_BY_NAME(SORT_BY_ALIGNMENT(.z_init_APPLICATION_P_?_*)))
 *(SORT_BY_NAME(SORT_BY_ALIGNMENT(.z_init_APPLICATION_P_??_*)))
 *(SORT_BY_NAME(SORT_BY_ALIGNMENT(.z_init_APPLICATION_P_???_*)))
                0x00000000100061d0                __init_SMP_start = .
 *(SORT_BY_NAME(SORT_BY_ALIGNMENT(.z_init_SMP_P_?_*)))
 *(SORT_BY_NAME(SORT_BY_ALIGNMENT(.z_init_SMP_P_??_*)))
 *(SORT_BY_NAME(SORT_BY_ALIGNMENT(.z_init_SMP_P_???_*)))
                0x00000000100061d0                __init_end = .

device_area     0x00000000100061d0       0xa0
                0x00000000100061d0                _device_list_start = .
 *(SORT_BY_NAME(SORT_BY_ALIGNMENT(._device.static.*_?_*)))
 *(SORT_BY_NAME(SORT_BY_ALIGNMENT(._device.static.*_??_*)))
 ._device.static.1_30_
                0x00000000100061d0       0x20 zephyr/drivers/clock_control/libdrivers__clock_control.a(clock_control_rpi_pico.c.obj)
                0x00000000100061d0                __device_dts_ord_25
 ._device.static.1_35_
                0x00000000100061f0       0x20 zephyr/drivers/reset/libdrivers__reset.a(reset_rpi_pico.c.obj)
                0x00000000100061f0                __device_dts_ord_27
 ._device.static.1_50_
                0x0000000010006210       0x20 zephyr/drivers/serial/libdrivers__serial.a(uart_pl011.c.obj)
                0x0000000010006210                __device_dts_ord_31
 ._device.static.3_40_
                0x0000000010006230       0x20 zephyr/drivers/gpio/libdrivers__gpio.a(gpio_rpi_pico.c.obj)
                0x0000000010006230                __device_dts_ord_37
 ._device.static.3_90_
                0x0000000010006250       0x20 app/libapp.a(sensor_node.c.obj)
                0x0000000010006250                __device_dts_ord_32
 *(SORT_BY_NAME(SORT_BY_ALIGNMENT(._device.static.*_???_*)))
 *(SORT_BY_NAME(SORT_BY_ALIGNMENT(._device.static.*_????_*)))
 *(SORT_BY_NAME(SORT_BY_ALIGNMENT(._device.static.*_?????_*)))
                0x0000000010006270                _device_list_end = .

sw_isr_table    0x0000000010006270      0x1a0
                0x0000000010006270                . = ALIGN (0x4)
 *(SORT_BY_ALIGNMENT(.gnu.linkonce.sw_isr_table*))
 .gnu.linkonce.sw_isr_table
                0x0000000010006270      0x1a0 zephyr/arch/common/libisr_tables.a(isr_tables.c.obj)
                0x0000000010006270                _sw_isr_table

initlevel_error
                0x0000000010006188        0x0
 *(SORT_BY_NAME(SORT_BY_ALIGNMENT(.z_init_*)))
                0x0000000000000001                ASSERT ((SIZEOF (initlevel_error) == 0x0), Undefined initialization levels used.)

app_shmem_regions
                0x0000000010006410        0x0
                0x0000000010006410                __app_shmem_regions_start = .
 *(SORT_BY_NAME(SORT_BY_ALIGNMENT(.app_regions.*)))
                0x0000000010006410                __app_shmem_regions_end = .

k_p4wq_initparam_area
                0x0000000010006410        0x0
                0x0000000010006410                _k_p4wq_initparam_list_start = .
 *(SORT_BY_NAME(SORT_BY_ALIGNMENT(._k_p4wq_initparam.static.*)))
                0x0000000010006410                _k_p4wq_initparam_list_end = .

_static_thread_data_area
                0x0000000010006410        0x0
                0x0000000010006410                __static_thread_data_list_start = .
 *(SORT_BY_NAME(SORT_BY_ALIGNMENT(.__static_thread_data.static.*)))
                0x0000000010006410                __static_thread_data_list_end = .

device_deps     0x0000000010006410        0x0
                0x0000000010006410                __device_deps_start = .
 *(SORT_BY_NAME(SORT_BY_ALIGNMENT(.__device_deps_pass2*)))
                0x0000000010006410                __device_deps_end = .

gpio_driver_api_area
                0x0000000010006410       0x24
                0x0000000010006410                _gpio_driver_api_list_start = .
 *(SORT_BY_NAME(SORT_BY_ALIGNMENT(._gpio_driver_api.static.*)))
 ._gpio_driver_api.static.gpio_rpi_driver_api_
                0x0000000010006410       0x24 zephyr/drivers/gpio/libdrivers__gpio.a(gpio_rpi_pico.c.obj)
                0x0000000010006434                _gpio_driver_api_list_end = .

reset_driver_api_area
                0x0000000010006434       0x10
                0x0000000010006434                _reset_driver_api_list_start = .
 *(SORT_BY_NAME(SORT_BY_ALIGNMENT(._reset_driver_api.static.*)))
 ._reset_driver_api.static.reset_rpi_driver_api_
                0x0000000010006434       0x10 zephyr/drivers/reset/libdrivers__reset.a(reset_rpi_pico.c.obj)
                0x0000000010006444                _reset_driver_api_list_end = .

sensor_driver_api_area
                0x0000000010006444        0x0
                0x0000000010006444                _sensor_driver_api_list_start = .
 *(SORT_BY_NAME(SORT_BY_ALIGNMENT(._sensor_driver_api.static.*)))
                0x0000000010006444                _sensor_driver_api_list_end = .

shared_irq_driver_api_area
                0x0000000010006444        0x0
                0x0000000010006444                _shared_irq_driver_api_list_start = .
 *(SORT_BY_NAME(SORT_BY_ALIGNMENT(._shared_irq_driver_api.static.*)))
                0x0000000010006444                _shared_irq_driver_api_list_end = .

crypto_driver_api_area
                0x0000000010006444        0x0
                0x0000000010006444                _crypto_driver_api_list_start = .
 *(SORT_BY_NAME(SORT_BY_ALIGNMENT(._crypto_driver_api.static.*)))
                0x0000000010006444                _crypto_driver_api_list_end = .

adc_driver_api_area
                0x0000000010006444        0x0
                0x0000000010006444                _adc_driver_api_list_start = .
 *(SORT_BY_NAME(SORT_BY_ALIGNMENT(._adc_driver_api.static.*)))
                0x0000000010006444                _adc_driver_api_list_end = .

auxdisplay_driver_api_area
                0x0000000010006444        0x0
                0x0000000010006444                _auxdisplay_driver_api_list_start = .
 *(SORT_BY_NAME(SORT_BY_ALIGNMENT(._auxdisplay_driver_api.static.*)))
                0x0000000010006444                _auxdisplay_driver_api_list_end = .

bbram_driver_api_area
                0x0000000010006444        0x0
                0x0000000010006444                _bbram_driver_api_list_start = .
 *(SORT_BY_NAME(SORT_BY_ALIGNMENT(._bbram_driver_api.static.*)))
                0x0000000010006444                _bbram_driver_api_list_end = .

bt_hci_driver_api_area
                0x0000000010006444        0x0
                0x0000000010006444                _bt_hci_driver_api_list_start = .
 *(SORT_BY_NAME(SORT_BY_ALIGNMENT(._bt_hci_driver_api.static.*)))
                0x0000000010006444                _bt_hci_driver_api_list_end = .

can_driver_api_area
                0x0000000010006444        0x0
                0x0000000010006444                _can_driver_api_list_start = .
 *(SORT_BY_NAME(SORT_BY_ALIGNMENT(._can_driver_api.static.*)))
                0x0000000010006444                _can_driver_api_list_end = .

cellular_driver_api_area
                0x0000000010006444        0x0
                0x0000000010006444                _cellular_driver_api_list_start = .
 *(SORT_BY_NAME(SORT_BY_ALIGNMENT(._cellular_driver_api.static.*)))
                0x0000000010006444                _cellular_driver_api_list_end = .

charger_driver_api_area
                0x0000000010006444        0x0
                0x0000000010006444                _charger_driver_api_list_start = .
 *(SORT_BY_NAME(SORT_BY_ALIGNMENT(._charger_driver_api.static.*)))
                0x0000000010006444                _charger_driver_api_list_end = .

clock_control_driver_api_area
                0x0000000010006444       0x1c
                0x0000000010006444                _clock_control_driver_api_list_start = .
 *(SORT_BY_NAME(SORT_BY_ALIGNMENT(._clock_control_driver_api.static.*)))
 ._clock_control_driver_api.static.clock_control_rpi_pico_api_
                0x0000000010006444       0x1c zephyr/drivers/clock_control/libdrivers__clock_control.a(clock_control_rpi_pico.c.obj)
                0x0000000010006460                _clock_control_driver_api_list_end = .

comparator_driver_api_area
                0x0000000010006460        0x0
                0x0000000010006460                _comparator_driver_api_list_start = .
 *(SORT_BY_NAME(SORT_BY_ALIGNMENT(._comparator_driver_api.static.*)))
                0x0000000010006460                _comparator_driver_api_list_end = .

coredump_driver_api_area
                0x0000000010006460        0x0
                0x0000000010006460                _coredump_driver_api_list_start = .
 *(SORT_BY_NAME(SORT_BY_ALIGNMENT(._coredump_driver_api.static.*)))
                0x0000000010006460                _coredump_driver_api_list_end = .

counter_driver_api_area
                0x0000000010006460        0x0
                0x0000000010006460                _counter_driver_api_list_start = .
 *(SORT_BY_NAME(SORT_BY_ALIGNMENT(._counter_driver_api.static.*)))
                0x0000000010006460                _counter_driver_api_list_end = .

dac_driver_api_area
                0x0000000010006460        0x0
                0x0000000010006460                _dac_driver_api_list_start = .
 *(SORT_BY_NAME(SORT_BY_ALIGNMENT(._dac_driver_api.static.*)))
                0x0000000010006460                _dac_driver_api_list_end = .

dai_driver_api_area
                0x0000000010006460        0x0
                0x0000000010006460                _dai_driver_api_list_start = .
 *(SORT_BY_NAME(SORT_BY_ALIGNMENT(._dai_driver_api.static.*)))
                0x0000000010006460                _dai_driver_api_list_end = .

display_driver_api_area
                0x0000000010006460        0x0
                0x0000000010006460                _display_driver_api_list_start = .
 *(SORT_BY_NAME(SORT_BY_ALIGNMENT(._display_driver_api.static.*)))
                0x0000000010006460                _display_driver_api_list_end = .

dma_driver_api_area
                0x0000000010006460        0x0
                0x0000000010006460                _dma_driver_api_list_start = .
 *(SORT_BY_NAME(SORT_BY_ALIGNMENT(._dma_driver_api.static.*)))
                0x0000000010006460                _dma_driver_api_list_end = .

edac_driver_api_area
                0x0000000010006460        0x0
                0x0000000010006460                _edac_driver_api_list_start = .
 *(SORT_BY_NAME(SORT_BY_ALIGNMENT(._edac_driver_api.static.*)))
                0x0000000010006460                _edac_driver_api_list_end = .

eeprom_driver_api_area
                0x0000000010006460        0x0
                0x0000000010006460                _eeprom_driver_api_list_start = .
 *(SORT_BY_NAME(SORT_BY_ALIGNMENT(._eeprom_driver_api.static.*)))
                0x0000000010006460                _eeprom_driver_api_list_end = .

emul_bbram_driver_api_area
                0x0000000010006460        0x0
                0x0000000010006460                _emul_bbram_driver_api_list_start = .
 *(SORT_BY_NAME(SORT_BY_ALIGNMENT(._emul_bbram_driver_api.static.*)))
                0x0000000010006460                _emul_bbram_driver_api_list_end = .

fuel_gauge_emul_driver_api_area
                0x0000000010006460        0x0
                0x0000000010006460                _fuel_gauge_emul_driver_api_list_start = .
 *(SORT_BY_NAME(SORT_BY_ALIGNMENT(._fuel_gauge_emul_driver_api.static.*)))
                0x0000000010006460                _fuel_gauge_emul_driver_api_list_end = .

emul_sensor_driver_api_area
                0x0000000010006460        0x0
                0x0000000010006460                _emul_sensor_driver_api_list_start = .
 *(SORT_BY_NAME(SORT_BY_ALIGNMENT(._emul_sensor_driver_api.static.*)))
                0x0000000010006460                _emul_sensor_driver_api_list_end = .

entropy_driver_api_area
                0x0000000010006460        0x0
                0x0000000010006460                _entropy_driver_api_list_start = .
 *(SORT_BY_NAME(SORT_BY_ALIGNMENT(._entropy_driver_api.static.*)))
                0x0000000010006460                _entropy_driver_api_list_end = .

espi_driver_api_area
                0x0000000010006460        0x0
                0x0000000010006460                _espi_driver_api_list_start = .
 *(SORT_BY_NAME(SORT_BY_ALIGNMENT(._espi_driver_api.static.*)))
                0x0000000010006460                _espi_driver_api_list_end = .

espi_saf_driver_api_area
                0x0000000010006460        0x0
                0x0000000010006460                _espi_saf_driver_api_list_start = .
 *(SORT_BY_NAME(SORT_BY_ALIGNMENT(._espi_saf_driver_api.static.*)))
                0x0000000010006460                _espi_saf_driver_api_list_end = .

flash_driver_api_area
                0x0000000010006460        0x0
                0x0000000010006460                _flash_driver_api_list_start = .
 *(SORT_BY_NAME(SORT_BY_ALIGNMENT(._flash_driver_api.static.*)))
                0x0000000010006460                _flash_driver_api_list_end = .

fpga_driver_api_area
                0x0000000010006460        0x0
                0x0000000010006460                _fpga_driver_api_list_start = .
 *(SORT_BY_NAME(SORT_BY_ALIGNMENT(._fpga_driver_api.static.*)))
                0x0000000010006460                _fpga_driver_api_list_end = .

fuel_gauge_driver_api_area
                0x0000000010006460        0x0
                0x0000000010006460                _fuel_gauge_driver_api_list_start = .
 *(SORT_BY_NAME(SORT_BY_ALIGNMENT(._fuel_gauge_driver_api.static.*)))
                0x0000000010006460                _fuel_gauge_driver_api_list_end = .

gnss_driver_api_area
                0x0000000010006460        0x0
                0x0000000010006460                _gnss_driver_api_list_start = .
 *(SORT_BY_NAME(SORT_BY_ALIGNMENT(._gnss_driver_api.static.*)))
                0x0000000010006460                _gnss_driver_api_list_end = .

haptics_driver_api_area
                0x0000000010006460        0x0
                0x0000000010006460                _haptics_driver_api_list_start = .
 *(SORT_BY_NAME(SORT_BY_ALIGNMENT(._haptics_driver_api.static.*)))
                0x0000000010006460                _haptics_driver_api_list_end = .

hwspinlock_driver_api_area
                0x0000000010006460        0x0
                0x0000000010006460                _hwspinlock_driver_api_list_start = .
 *(SORT_BY_NAME(SORT_BY_ALIGNMENT(._hwspinlock_driver_api.static.*)))
                0x0000000010006460                _hwspinlock_driver_api_list_end = .

i2c_driver_api_area
                0x0000000010006460        0x0
                0x0000000010006460                _i2c_driver_api_list_start = .
 *(SORT_BY_NAME(SORT_BY_ALIGNMENT(._i2c_driver_api.static.*)))
                0x0000000010006460                _i2c_driver_api_list_end = .

i2c_target_driver_api_area
                0x0000000010006460        0x0
                0x0000000010006460                _i2c_target_driver_api_list_start = .
 *(SORT_BY_NAME(SORT_BY_ALIGNMENT(._i2c_target_driver_api.static.*)))
                0x0000000010006460                _i2c_target_driver_api_list_end = .

i2s_driver_api_area
                0x0000000010006460        0x0
                0x0000000010006460                _i2s_driver_api_list_start = .
 *(SORT_BY_NAME(SORT_BY_ALIGNMENT(._i2s_driver_api.static.*)))
                0x0000000010006460                _i2s_driver_api_list_end = .

i3c_driver_api_area
                0x0000000010006460        0x0
                0x0000000010006460                _i3c_driver_api_list_start = .
 *(SORT_BY_NAME(SORT_BY_ALIGNMENT(._i3c_driver_api.static.*)))
                0x0000000010006460                _i3c_driver_api_list_end = .

ipm_driver_api_area
                0x0000000010006460        0x0
                0x0000000010006460                _ipm_driver_api_list_start = .
 *(SORT_BY_NAME(SORT_BY_ALIGNMENT(._ipm_driver_api.static.*)))
                0x0000000010006460                _ipm_driver_api_list_end = .

led_driver_api_area
                0x0000000010006460        0x0
                0x0000000010006460                _led_driver_api_list_start = .
 *(SORT_BY_NAME(SORT_BY_ALIGNMENT(._led_driver_api.static.*)))
                0x0000000010006460                _led_driver_api_list_end = .

led_strip_driver_api_area
                0x0000000010006460        0x0
                0x0000000010006460                _led_strip_driver_api_list_start = .
 *(SORT_BY_NAME(SORT_BY_ALIGNMENT(._led_strip_driver_api.static.*)))
                0x0000000010006460                _led_strip_driver_api_list_end = .

lora_driver_api_area
                0x0000000010006460        0x0
                0x0000000010006460                _lora_driver_api_list_start = .
 *(SORT_BY_NAME(SORT_BY_ALIGNMENT(._lora_driver_api.static.*)))
                0x0000000010006460                _lora_driver_api_list_end = .

mbox_driver_api_area
                0x0000000010006460        0x0
                0x0000000010006460                _mbox_driver_api_list_start = .
 *(SORT_BY_NAME(SORT_BY_ALIGNMENT(._mbox_driver_api.static.*)))
                0x0000000010006460                _mbox_driver_api_list_end = .

mdio_driver_api_area
                0x0000000010006460        0x0
                0x0000000010006460                _mdio_driver_api_list_start = .
 *(SORT_BY_NAME(SORT_BY_ALIGNMENT(._mdio_driver_api.static.*)))
                0x0000000010006460                _mdio_driver_api_list_end = .

mipi_dbi_driver_api_area
                0x0000000010006460        0x0
                0x0000000010006460                _mipi_dbi_driver_api_list_start = .
 *(SORT_BY_NAME(SORT_BY_ALIGNMENT(._mipi_dbi_driver_api.static.*)))
                0x0000000010006460                _mipi_dbi_driver_api_list_end = .

mipi_dsi_driver_api_area
                0x0000000010006460        0x0
                0x0000000010006460                _mipi_dsi_driver_api_list_start = .
 *(SORT_BY_NAME(SORT_BY_ALIGNMENT(._mipi_dsi_driver_api.static.*)))
                0x0000000010006460                _mipi_dsi_driver_api_list_end = .

mspi_driver_api_area
                0x0000000010006460        0x0
                0x0000000010006460                _mspi_driver_api_list_start = .
 *(SORT_BY_NAME(SORT_BY_ALIGNMENT(._mspi_driver_api.static.*)))
                0x0000000010006460                _mspi_driver_api_list_end = .

peci_driver_api_area
                0x0000000010006460        0x0
                0x0000000010006460                _peci_driver_api_list_start = .
 *(SORT_BY_NAME(SORT_BY_ALIGNMENT(._peci_driver_api.static.*)))
                0x0000000010006460                _peci_driver_api_list_end = .

ps2_driver_api_area
                0x0000000010006460        0x0
                0x0000000010006460                _ps2_driver_api_list_start = .
 *(SORT_BY_NAME(SORT_BY_ALIGNMENT(._ps2_driver_api.static.*)))
                0x0000000010006460                _ps2_driver_api_list_end = .

ptp_clock_driver_api_area
                0x0000000010006460        0x0
                0x0000000010006460                _ptp_clock_driver_api_list_start = .
 *(SORT_BY_NAME(SORT_BY_ALIGNMENT(._ptp_clock_driver_api.static.*)))
                0x0000000010006460                _ptp_clock_driver_api_list_end = .

pwm_driver_api_area
                0x0000000010006460        0x0
                0x0000000010006460                _pwm_driver_api_list_start = .
 *(SORT_BY_NAME(SORT_BY_ALIGNMENT(._pwm_driver_api.static.*)))
                0x0000000010006460                _pwm_driver_api_list_end = .

regulator_parent_driver_api_area
                0x0000000010006460        0x0
                0x0000000010006460                _regulator_parent_driver_api_list_start = .
 *(SORT_BY_NAME(SORT_BY_ALIGNMENT(._regulator_parent_driver_api.static.*)))
                0x0000000010006460                _regulator_parent_driver_api_list_end = .

regulator_driver_api_area
                0x0000000010006460        0x0
                0x0000000010006460                _regulator_driver_api_list_start = .
 *(SORT_BY_NAME(SORT_BY_ALIGNMENT(._regulator_driver_api.static.*)))
                0x0000000010006460                _regulator_driver_api_list_end = .

retained_mem_driver_api_area
                0x0000000010006460        0x0
                0x0000000010006460                _retained_mem_driver_api_list_start = .
 *(SORT_BY_NAME(SORT_BY_ALIGNMENT(._retained_mem_driver_api.static.*)))
                0x0000000010006460                _retained_mem_driver_api_list_end = .

rtc_driver_api_area
                0x0000000010006460        0x0
                0x0000000010006460                _rtc_driver_api_list_start = .
 *(SORT_BY_NAME(SORT_BY_ALIGNMENT(._rtc_driver_api.static.*)))
                0x0000000010006460                _rtc_driver_api_list_end = .

sdhc_driver_api_area
                0x0000000010006460        0x0
                0x0000000010006460                _sdhc_driver_api_list_start = .
 *(SORT_BY_NAME(SORT_BY_ALIGNMENT(._sdhc_driver_api.static.*)))
                0x0000000010006460                _sdhc_driver_api_list_end = .

smbus_driver_api_area
                0x0000000010006460        0x0
                0x0000000010006460                _smbus_driver_api_list_start = .
 *(SORT_BY_NAME(SORT_BY_ALIGNMENT(._smbus_driver_api.static.*)))
                0x0000000010006460                _smbus_driver_api_list_end = .

spi_driver_api_area
                0x0000000010006460        0x0
                0x0000000010006460                _spi_driver_api_list_start = .
 *(SORT_BY_NAME(SORT_BY_ALIGNMENT(._spi_driver_api.static.*)))
                0x0000000010006460                _spi_driver_api_list_end = .

stepper_driver_api_area
                0x0000000010006460        0x0
                0x0000000010006460                _stepper_driver_api_list_start = .
 *(SORT_BY_NAME(SORT_BY_ALIGNMENT(._stepper_driver_api.static.*)))
                0x0000000010006460                _stepper_driver_api_list_end = .

syscon_driver_api_area
                0x0000000010006460        0x0
                0x0000000010006460                _syscon_driver_api_list_start = .
 *(SORT_BY_NAME(SORT_BY_ALIGNMENT(._syscon_driver_api.static.*)))
                0x0000000010006460                _syscon_driver_api_list_end = .

tee_driver_api_area
                0x0000000010006460        0x0
                0x0000000010006460                _tee_driver_api_list_start = .
 *(SORT_BY_NAME(SORT_BY_ALIGNMENT(._tee_driver_api.static.*)))
                0x0000000010006460                _tee_driver_api_list_end = .

video_driver_api_area
                0x0000000010006460        0x0
                0x0000000010006460                _video_driver_api_list_start = .
 *(SORT_BY_NAME(SORT_BY_ALIGNMENT(._video_driver_api.static.*)))
                0x0000000010006460                _video_driver_api_list_end = .

virtio_driver_api_area
                0x0000000010006460        0x0
                0x0000000010006460                _virtio_driver_api_list_start = .
 *(SORT_BY_NAME(SORT_BY_ALIGNMENT(._virtio_driver_api.static.*)))
                0x0000000010006460                _virtio_driver_api_list_end = .

w1_driver_api_area
                0x0000000010006460        0x0
                0x0000000010006460                _w1_driver_api_list_start = .
 *(SORT_BY_NAME(SORT_BY_ALIGNMENT(._w1_driver_api.static.*)))
                0x0000000010006460                _w1_driver_api_list_end = .

wdt_driver_api_area
                0x0000000010006460        0x0
                0x0000000010006460                _wdt_driver_api_list_start = .
 *(SORT_BY_NAME(SORT_BY_ALIGNMENT(._wdt_driver_api.static.*)))
                0x0000000010006460                _wdt_driver_api_list_end = .

can_transceiver_driver_api_area
                0x0000000010006460        0x0
                0x0000000010006460                _can_transceiver_driver_api_list_start = .
 *(SORT_BY_NAME(SORT_BY_ALIGNMENT(._can_transceiver_driver_api.static.*)))
                0x0000000010006460                _can_transceiver_driver_api_list_end = .

nrf_clock_control_driver_api_area
                0x0000000010006460        0x0
                0x0000000010006460                _nrf_clock_control_driver_api_list_start = .
 *(SORT_BY_NAME(SORT_BY_ALIGNMENT(._nrf_clock_control_driver_api.static.*)))
                0x0000000010006460                _nrf_clock_control_driver_api_list_end = .

i3c_target_driver_api_area
                0x0000000010006460        0x0
                0x0000000010006460                _i3c_target_driver_api_list_start = .
 *(SORT_BY_NAME(SORT_BY_ALIGNMENT(._i3c_target_driver_api.static.*)))
                0x0000000010006460                _i3c_target_driver_api_list_end = .

its_driver_api_area
                0x0000000010006460        0x0
                0x0000000010006460                _its_driver_api_list_start = .
 *(SORT_BY_NAME(SORT_BY_ALIGNMENT(._its_driver_api.static.*)))
                0x0000000010006460                _its_driver_api_list_end = .

vtd_driver_api_area
                0x0000000010006460        0x0
                0x0000000010006460                _vtd_driver_api_list_start = .
 *(SORT_BY_NAME(SORT_BY_ALIGNMENT(._vtd_driver_api.static.*)))
                0x0000000010006460                _vtd_driver_api_list_end = .

renesas_elc_driver_api_area
                0x0000000010006460        0x0
                0x0000000010006460                _renesas_elc_driver_api_list_start = .
 *(SORT_BY_NAME(SORT_BY_ALIGNMENT(._renesas_elc_driver_api.static.*)))
                0x0000000010006460                _renesas_elc_driver_api_list_end = .

tgpio_driver_api_area
                0x0000000010006460        0x0
                0x0000000010006460                _tgpio_driver_api_list_start = .
 *(SORT_BY_NAME(SORT_BY_ALIGNMENT(._tgpio_driver_api.static.*)))
                0x0000000010006460                _tgpio_driver_api_list_end = .

pcie_ctrl_driver_api_area
                0x0000000010006460        0x0
                0x0000000010006460                _pcie_ctrl_driver_api_list_start = .
 *(SORT_BY_NAME(SORT_BY_ALIGNMENT(._pcie_ctrl_driver_api.static.*)))
                0x0000000010006460                _pcie_ctrl_driver_api_list_end = .

pcie_ep_driver_api_area
                0x0000000010006460        0x0
                0x0000000010006460                _pcie_ep_driver_api_list_start = .
 *(SORT_BY_NAME(SORT_BY_ALIGNMENT(._pcie_ep_driver_api.static.*)))
                0x0000000010006460                _pcie_ep_driver_api_list_end = .

psi5_driver_api_area
                0x0000000010006460        0x0
                0x0000000010006460                _psi5_driver_api_list_start = .
 *(SORT_BY_NAME(SORT_BY_ALIGNMENT(._psi5_driver_api.static.*)))
                0x0000000010006460                _psi5_driver_api_list_end = .

sent_driver_api_area
                0x0000000010006460        0x0
                0x0000000010006460                _sent_driver_api_list_start = .
 *(SORT_BY_NAME(SORT_BY_ALIGNMENT(._sent_driver_api.static.*)))
                0x0000000010006460                _sent_driver_api_list_end = .

svc_driver_api_area
                0x0000000010006460        0x0
                0x0000000010006460                _svc_driver_api_list_start = .
 *(SORT_BY_NAME(SORT_BY_ALIGNMENT(._svc_driver_api.static.*)))
                0x0000000010006460                _svc_driver_api_list_end = .

uart_driver_api_area
                0x0000000010006460       0x4c
                0x0000000010006460                _uart_driver_api_list_start = .
 *(SORT_BY_NAME(SORT_BY_ALIGNMENT(._uart_driver_api.static.*)))
 ._uart_driver_api.static.pl011_driver_api_
                0x0000000010006460       0x4c zephyr/drivers/serial/libdrivers__serial.a(uart_pl011.c.obj)
                0x00000000100064ac                _uart_driver_api_list_end = .

bc12_emul_driver_api_area
                0x00000000100064ac        0x0
                0x00000000100064ac                _bc12_emul_driver_api_list_start = .
 *(SORT_BY_NAME(SORT_BY_ALIGNMENT(._bc12_emul_driver_api.static.*)))
                0x00000000100064ac                _bc12_emul_driver_api_list_end = .

bc12_driver_api_area
                0x00000000100064ac        0x0
                0x00000000100064ac                _bc12_driver_api_list_start = .
 *(SORT_BY_NAME(SORT_BY_ALIGNMENT(._bc12_driver_api.static.*)))
                0x00000000100064ac                _bc12_driver_api_list_end = .

usbc_ppc_driver_api_area
                0x00000000100064ac        0x0
                0x00000000100064ac                _usbc_ppc_driver_api_list_start = .
 *(SORT_BY_NAME(SORT_BY_ALIGNMENT(._usbc_ppc_driver_api.static.*)))
                0x00000000100064ac                _usbc_ppc_driver_api_list_end = .

tcpc_driver_api_area
                0x00000000100064ac        0x0
                0x00000000100064ac                _tcpc_driver_api_list_start = .
 *(SORT_BY_NAME(SORT_BY_ALIGNMENT(._tcpc_driver_api.static.*)))
                0x00000000100064ac                _tcpc_driver_api_list_end = .

usbc_vbus_driver_api_area
                0x00000000100064ac        0x0
                0x00000000100064ac                _usbc_vbus_driver_api_list_start = .
 *(SORT_BY_NAME(SORT_BY_ALIGNMENT(._usbc_vbus_driver_api.static.*)))
                0x00000000100064ac                _usbc_vbus_driver_api_list_end = .

ivshmem_driver_api_area
                0x00000000100064ac        0x0
                0x00000000100064ac                _ivshmem_driver_api_list_start = .
 *(SORT_BY_NAME(SORT_BY_ALIGNMENT(._ivshmem_driver_api.static.*)))
                0x00000000100064ac                _ivshmem_driver_api_list_end = .

ethphy_driver_api_area
                0x00000000100064ac        0x0
                0x00000000100064ac                _ethphy_driver_api_list_start = .
 *(SORT_BY_NAME(SORT_BY_ALIGNMENT(._ethphy_driver_api.static.*)))
                0x00000000100064ac                _ethphy_driver_api_list_end = .

ztest           0x00000000100064ac        0x0
                0x00000000100064ac                _ztest_expected_result_entry_list_start = .
 *(SORT_BY_NAME(SORT_BY_ALIGNMENT(._ztest_expected_result_entry.static.*)))
                0x00000000100064ac                _ztest_expected_result_entry_list_end = .
                0x00000000100064ac                _ztest_suite_node_list_start = .
 *(SORT_BY_NAME(SORT_BY_ALIGNMENT(._ztest_suite_node.static.*)))
                0x00000000100064ac                _ztest_suite_node_list_end = .
                0x00000000100064ac                _ztest_unit_test_list_start = .
 *(SORT_BY_NAME(SORT_BY_ALIGNMENT(._ztest_unit_test.static.*)))
                0x00000000100064ac                _ztest_unit_test_list_end = .
                0x00000000100064ac                _ztest_test_rule_list_start = .
 *(SORT_BY_NAME(SORT_BY_ALIGNMENT(._ztest_test_rule.static.*)))
                0x00000000100064ac                _ztest_test_rule_list_end = .

init_array      0x00000000100064ac        0x0
                0x00000000100064ac                __zephyr_init_array_start = .
 *(SORT_BY_INIT_PRIORITY(.init_array.*) SORT_BY_INIT_PRIORITY(.ctors.*))
 *(SORT_BY_ALIGNMENT(.init_array) SORT_BY_ALIGNMENT(.ctors))
                0x00000000100064ac                __zephyr_init_array_end = .
                0x0000000000000001                ASSERT ((__zephyr_init_array_start == __zephyr_init_array_end), GNU-style constructors required but STATIC_INIT_GNU not enabled)

bt_l2cap_fixed_chan_area
                0x00000000100064ac        0x0
                0x00000000100064ac                _bt_l2cap_fixed_chan_list_start = .
 *(SORT_BY_NAME(SORT_BY_ALIGNMENT(._bt_l2cap_fixed_chan.static.*)))
                0x00000000100064ac                _bt_l2cap_fixed_chan_list_end = .

bt_gatt_service_static_area
                0x00000000100064ac        0x0
                0x00000000100064ac                _bt_gatt_service_static_list_start = .
 *(SORT_BY_NAME(SORT_BY_ALIGNMENT(._bt_gatt_service_static.static.*)))
                0x00000000100064ac                _bt_gatt_service_static_list_end = .

log_strings_area
                0x00000000100064ac        0x0
                0x00000000100064ac                _log_strings_list_start = .
 *(SORT_BY_NAME(SORT_BY_ALIGNMENT(._log_strings.static.*)))
                0x00000000100064ac                _log_strings_list_end = .

log_stmesp_ptr_area
                0x00000000100064ac        0x0
                0x00000000100064ac                _log_stmesp_ptr_list_start = .
 *(SORT_BY_NAME(SORT_BY_ALIGNMENT(._log_stmesp_ptr.static.*)))
                0x00000000100064ac                _log_stmesp_ptr_list_end = .

log_stmesp_str_area
                0x00000000100064ac        0x0
                0x00000000100064ac                _log_stmesp_str_list_start = .
 *(SORT_BY_NAME(SORT_BY_ALIGNMENT(._log_stmesp_str.static.*)))
                0x00000000100064ac                _log_stmesp_str_list_end = .

log_const_area  0x00000000100064ac       0x40
                0x00000000100064ac                _log_const_list_start = .
 *(SORT_BY_NAME(SORT_BY_ALIGNMENT(._log_const.static.*)))
 ._log_const.static.log_const_cbprintf_package_
                0x00000000100064ac        0x8 zephyr/libzephyr.a(cbprintf_packaged.c.obj)
                0x00000000100064ac                log_const_cbprintf_package
 ._log_const.static.log_const_log_
                0x00000000100064b4        0x8 zephyr/libzephyr.a(log_core.c.obj)
                0x00000000100064b4                log_const_log
 ._log_const.static.log_const_log_mgmt_
                0x00000000100064bc        0x8 zephyr/libzephyr.a(log_mgmt.c.obj)
                0x00000000100064bc                log_const_log_mgmt
 ._log_const.static.log_const_log_uart_
                0x00000000100064c4        0x8 zephyr/libzephyr.a(log_backend_uart.c.obj)
                0x00000000100064c4                log_const_log_uart
 ._log_const.static.log_const_main_
                0x00000000100064cc        0x8 app/libapp.a(main.c.obj)
                0x00000000100064cc                log_const_main
 ._log_const.static.log_const_os_
                0x00000000100064d4        0x8 zephyr/kernel/libkernel.a(init.c.obj)
                0x00000000100064d4                log_const_os
 ._log_const.static.log_const_sensor_node_
                0x00000000100064dc        0x8 app/libapp.a(sensor_node.c.obj)
                0x00000000100064dc                log_const_sensor_node
 ._log_const.static.log_const_soc_
                0x00000000100064e4        0x8 zephyr/libzephyr.a(soc.c.obj)
                0x00000000100064e4                log_const_soc
                0x00000000100064ec                _log_const_list_end = .

log_backend_area
                0x00000000100064ec       0x10
                0x00000000100064ec                _log_backend_list_start = .
 *(SORT_BY_NAME(SORT_BY_ALIGNMENT(._log_backend.static.*)))
 ._log_backend.static.log_backend_uart_
                0x00000000100064ec       0x10 zephyr/libzephyr.a(log_backend_uart.c.obj)
                0x00000000100064fc                _log_backend_list_end = .

log_link_area   0x00000000100064fc        0x0
                0x00000000100064fc                _log_link_list_start = .
 *(SORT_BY_NAME(SORT_BY_ALIGNMENT(._log_link.static.*)))
                0x00000000100064fc                _log_link_list_end = .

tracing_backend_area
                0x00000000100064fc        0x0