Archive member included to satisfy reference by file (symbol)

app/libapp.a(main.c.obj)      (--whole-archive)
app/libapp.a(sensor_node.c.obj)
                              (--whole-archive)
zephyr/libzephyr.a(heap.c.obj)
                              (--whole-archive)
zephyr/libzephyr.a(cbprintf_packaged.c.obj)
                              (--whole-archive)
zephyr/libzephyr.a(clock.c.obj)
                              (--whole-archive)
zephyr/libzephyr.a(printk.c.obj)
                              (--whole-archive)
zephyr/libzephyr.a(sem.c.obj)
                              (--whole-archive)
zephyr/libzephyr.a(thread_entry.c.obj)
                              (--whole-archive)
zephyr/libzephyr.a(cbprintf_complete.c.obj)
                              (--whole-archive)
zephyr/libzephyr.a(assert.c.obj)
                              (--whole-archive)
zephyr/libzephyr.a(mpsc_pbuf.c.obj)
                              (--whole-archive)
zephyr/libzephyr.a(dec.c.obj)
                              (--whole-archive)
zephyr/libzephyr.a(hex.c.obj)
                              (--whole-archive)
zephyr/libzephyr.a(rb.c.obj)  (--whole-archive)
zephyr/libzephyr.a(timeutil.c.obj)
                              (--whole-archive)
zephyr/libzephyr.a(bitarray.c.obj)
                              (--whole-archive)
zephyr/libzephyr.a(ring_buffer.c.obj)
                              (--whole-archive)
zephyr/libzephyr.a(last_section_id.c.obj)
                              (--whole-archive)
zephyr/libzephyr.a(configs.c.obj)
                              (--whole-archive)
zephyr/libzephyr.a(soc.c.obj)
                              (--whole-archive)
zephyr/libzephyr.a(log_core.c.obj)
                              (--whole-archive)
zephyr/libzephyr.a(log_mgmt.c.obj)
                              (--whole-archive)
zephyr/libzephyr.a(log_cache.c.obj)
                              (--whole-archive)
zephyr/libzephyr.a(log_msg.c.obj)
                              (--whole-archive)
zephyr/libzephyr.a(log_output.c.obj)
                              (--whole-archive)
zephyr/libzephyr.a(log_backend_uart.c.obj)
                              (--whole-archive)
zephyr/libzephyr.a(tracing_none.c.obj)
                              (--whole-archive)
zephyr/arch/common/libarch__common.a(sw_isr_common.c.obj)
                              (--whole-archive)
zephyr/arch/arch/arm/core/libarch__arm__core.a(fatal.c.obj)
                              (--whole-archive)
zephyr/arch/arch/arm/core/libarch__arm__core.a(nmi.c.obj)
                              (--whole-archive)
zephyr/arch/arch/arm/core/libarch__arm__core.a(nmi_on_reset.S.obj)
                              (--whole-archive)
zephyr/arch/arch/arm/core/libarch__arm__core.a(tls.c.obj)
                              (--whole-archive)
zephyr/arch/arch/arm/core/cortex_m/libarch__arm__core__cortex_m.a(exc_exit.c.obj)
                              (--whole-archive)
zephyr/arch/arch/arm/core/cortex_m/libarch__arm__core__cortex_m.a(fault.c.obj)
                              (--whole-archive)
zephyr/arch/arch/arm/core/cortex_m/libarch__arm__core__cortex_m.a(fault_s.S.obj)
                              (--whole-archive)
zephyr/arch/arch/arm/core/cortex_m/libarch__arm__core__cortex_m.a(fpu.c.obj)
                              (--whole-archive)
zephyr/arch/arch/arm/core/cortex_m/libarch__arm__core__cortex_m.a(reset.S.obj)
                              (--whole-archive)
zephyr/arch/arch/arm/core/cortex_m/libarch__arm__core__cortex_m.a(scb.c.obj)
                              (--whole-archive)
zephyr/arch/arch/arm/core/cortex_m/libarch__arm__core__cortex_m.a(thread_abort.c.obj)
                              (--whole-archive)
zephyr/arch/arch/arm/core/cortex_m/libarch__arm__core__cortex_m.a(vector_table.S.obj)
                              (--whole-archive)
zephyr/arch/arch/arm/core/cortex_m/libarch__arm__core__cortex_m.a(swap_helper.S.obj)
                              (--whole-archive)
zephyr/arch/arch/arm/core/cortex_m/libarch__arm__core__cortex_m.a(irq_manage.c.obj)
                              (--whole-archive)
zephyr/arch/arch/arm/core/cortex_m/libarch__arm__core__cortex_m.a(prep_c.c.obj)
                              (--whole-archive)
zephyr/arch/arch/arm/core/cortex_m/libarch__arm__core__cortex_m.a(thread.c.obj)
                              (--whole-archive)
zephyr/arch/arch/arm/core/cortex_m/libarch__arm__core__cortex_m.a(cpu_idle.c.obj)
                              (--whole-archive)
zephyr/arch/arch/arm/core/cortex_m/libarch__arm__core__cortex_m.a(irq_init.c.obj)
                              (--whole-archive)
zephyr/arch/arch/arm/core/cortex_m/libarch__arm__core__cortex_m.a(isr_wrapper.c.obj)
                              (--whole-archive)
zephyr/arch/arch/arm/core/cortex_m/libarch__arm__core__cortex_m.a(__aeabi_read_tp.S.obj)
                              (--whole-archive)
zephyr/arch/arch/arm/core/cortex_m/cmse/libarch__arm__core__cortex_m__cmse.a(arm_core_cmse.c.obj)
[...]
Memory Configuration

Name             Origin             Length             Attributes
IMAGE_DEF_FLASH  0x0000000010000000 0x0000000000000080 r
FLASH            0x0000000010000100 0x00000000003fff00 xr
RAM              0x0000000020000000 0x0000000000082000 xw
IDT_LIST         0x00000000ffff7fff 0x0000000000008000 xw
*default*        0x0000000000000000 0xffffffffffffffff

Linker script and memory map

                0x000000001000462c                vfprintf = __l_vfprintf
                0x0000000000000000                vfscanf = __l_vfscanf
LOAD zephyr/CMakeFiles/zephyr_final.dir/misc/empty_file.c.obj
LOAD zephyr/CMakeFiles/zephyr_final.dir/isr_tables.c.obj
LOAD zephyr/CMakeFiles/offsets.dir/./arch/arm/core/offsets/offsets.c.obj
LOAD app/libapp.a
LOAD zephyr/libzephyr.a
LOAD zephyr/arch/common/libarch__common.a
LOAD zephyr/arch/arch/arm/core/libarch__arm__core.a
LOAD zephyr/arch/arch/arm/core/cortex_m/libarch__arm__core__cortex_m.a
LOAD zephyr/arch/arch/arm/core/cortex_m/cmse/libarch__arm__core__cortex_m__cmse.a
LOAD zephyr/lib/libc/picolibc/liblib__libc__picolibc.a
LOAD zephyr/lib/libc/common/liblib__libc__common.a
LOAD zephyr/soc/soc/rp2350a/rp2350/libsoc__raspberrypi__rpi_pico__rp2350.a
LOAD zephyr/drivers/clock_control/libdrivers__clock_control.a
LOAD zephyr/drivers/console/libdrivers__console.a
LOAD zephyr/drivers/gpio/libdrivers__gpio.a
LOAD zephyr/drivers/pinctrl/libdrivers__pinctrl.a
LOAD zephyr/drivers/reset/libdrivers__reset.a
LOAD zephyr/drivers/serial/libdrivers__serial.a
LOAD zephyr/drivers/timer/libdrivers__timer.a
LOAD modules/hal_rpi_pico/libmodules__hal_rpi_pico.a
LOAD zephyr/kernel/libkernel.a
LOAD zephyr/arch/common/libisr_tables.a
LOAD /Users/majanyberg/zephyrproject/zephyr-sdk-0.16.6/arm-zephyr-eabi/bin/../lib/gcc/../../picolibc/arm-zephyr-eabi/lib/thumb/v8-m.main/nofp/libc.a
LOAD /Users/majanyberg/zephyrproject/zephyr-sdk-0.16.6/arm-zephyr-eabi/bin/../lib/gcc/arm-zephyr-eabi/12.2.0/thumb/v8-m.main/nofp/libgcc.a

.image_def      0x0000000010000000       0x1c
                0x0000000010000000        0x4 LONG 0xffffded3
                0x0000000010000004        0x4 LONG 0x10210142
                0x0000000010000008        0x4 LONG 0x203
                0x000000001000000c        0x4 LONG 0x10000200 ABSOLUTE (_vector_start)
                0x0000000010000010        0x4 LONG 0x3ff
                0x0000000010000014        0x4 LONG 0x0
                0x0000000010000018        0x4 LONG 0xab123579
                0x0000000000000004                _region_min_align = 0x4

.rel.plt        0x000000001000001c        0x0
 *(SORT_BY_ALIGNMENT(.rel.plt))
                [!provide]                        PROVIDE (__rel_iplt_start = .)
 *(SORT_BY_ALIGNMENT(.rel.iplt))
 .rel.iplt      0x000000001000001c        0x0 zephyr/CMakeFiles/zephyr_final.dir/isr_tables.c.obj
                [!provide]                        PROVIDE (__rel_iplt_end = .)

.rela.plt       0x000000001000001c        0x0
 *(SORT_BY_ALIGNMENT(.rela.plt))
                [!provide]                        PROVIDE (__rela_iplt_start = .)
 *(SORT_BY_ALIGNMENT(.rela.iplt))
                [!provide]                        PROVIDE (__rela_iplt_end = .)

.rel.dyn
 *(SORT_BY_ALIGNMENT(.rel.*))

.rela.dyn
 *(SORT_BY_ALIGNMENT(.rela.*))

/DISCARD/
 *(SORT_BY_ALIGNMENT(.plt))

/DISCARD/
 *(SORT_BY_ALIGNMENT(.iplt))
                0x0000000010000100                __rom_region_start = 0x10000100

rom_start       0x0000000010000100      0x210
                0x0000000010000100                __rom_start_address = .
 FILL mask 0x00
                0x0000000010000100                . = (. + (0x0 - (. - __rom_start_address)))
                0x0000000010000100                . = ALIGN (0x4)
                0x0000000010000100                . = ALIGN (0x80)
                0x0000000010000200                . = ALIGN (0x200)
 *fill*         0x0000000010000100      0x100 00
                0x0000000010000200                _vector_start = .
 *(SORT_BY_ALIGNMENT(.exc_vector_table))
 *(SORT_BY_ALIGNMENT(.exc_vector_table.*))
 .exc_vector_table._vector_table_section
                0x0000000010000200       0x40 zephyr/arch/arch/arm/core/cortex_m/libarch__arm__core__cortex_m.a(vector_table.S.obj)
                0x0000000010000200                _vector_table
 *(SORT_BY_ALIGNMENT(.vectors))
                0x0000000010000310                _vector_end = .
                0x0000000010000240                . = ALIGN (0x4)
 *(SORT_BY_ALIGNMENT(.gnu.linkonce.irq_vector_table*))
 .gnu.linkonce.irq_vector_table
                0x0000000010000240       0xd0 zephyr/CMakeFiles/zephyr_final.dir/isr_tables.c.obj
                0x0000000010000240                _irq_vector_table
                0x0000000010000310                _vector_end = .

text            0x0000000010000310     0x5fac
                0x0000000010000310                __text_region_start = .
 *(SORT_BY_ALIGNMENT(.text))
 .text          0x0000000010000310      0x21c /Users/majanyberg/zephyrproject/zephyr-sdk-0.16.6/arm-zephyr-eabi/bin/../lib/gcc/arm-zephyr-eabi/12.2.0/thumb/v8-m.main/nofp/libgcc.a(_arm_addsubsf3.o)
                0x0000000010000310                __aeabi_frsub
                0x0000000010000318                __aeabi_fsub
                0x0000000010000318                __subsf3
                0x000000001000031c                __aeabi_fadd
                0x000000001000031c                __addsf3
                0x000000001000047c                __aeabi_ui2f
                0x000000001000047c                __floatunsisf
                0x0000000010000484                __floatsisf
                0x0000000010000484                __aeabi_i2f
                0x00000000100004a0                __aeabi_ul2f
                0x00000000100004a0                __floatundisf
                0x00000000100004b0                __aeabi_l2f
                0x00000000100004b0                __floatdisf
 .text          0x000000001000052c      0x2a0 /Users/majanyberg/zephyrproject/zephyr-sdk-0.16.6/arm-zephyr-eabi/bin/../lib/gcc/arm-zephyr-eabi/12.2.0/thumb/v8-m.main/nofp/libgcc.a(_arm_muldivsf3.o)
                0x000000001000052c                __mulsf3
                0x000000001000052c                __aeabi_fmul
                0x0000000010000694                __divsf3
                0x0000000010000694                __aeabi_fdiv
 .text          0x00000000100007cc       0x4c /Users/majanyberg/zephyrproject/zephyr-sdk-0.16.6/arm-zephyr-eabi/bin/../lib/gcc/arm-zephyr-eabi/12.2.0/thumb/v8-m.main/nofp/libgcc.a(_arm_fixsfsi.o)
                0x00000000100007cc                __fixsfsi
                0x00000000100007cc                __aeabi_f2iz
 .text          0x0000000010000818       0x30 /Users/majanyberg/zephyrproject/zephyr-sdk-0.16.6/arm-zephyr-eabi/bin/../lib/gcc/arm-zephyr-eabi/12.2.0/thumb/v8-m.main/nofp/libgcc.a(_aeabi_uldivmod.o)
                0x0000000010000818                __aeabi_uldivmod
 .text          0x0000000010000848        0x4 /Users/majanyberg/zephyrproject/zephyr-sdk-0.16.6/arm-zephyr-eabi/bin/../lib/gcc/arm-zephyr-eabi/12.2.0/thumb/v8-m.main/nofp/libgcc.a(_dvmd_tls.o)
                0x0000000010000848                __aeabi_ldiv0
                0x0000000010000848                __aeabi_idiv0
 .text          0x000000001000084c       0x10 /Users/majanyberg/zephyrproject/zephyr-sdk-0.16.6/arm-zephyr-eabi/bin/../lib/gcc/../../picolibc/arm-zephyr-eabi/lib/thumb/v8-m.main/nofp/libc.a(strlen.S.o)
                0x000000001000084c                strlen
 .text          0x000000001000085c      0x29c /Users/majanyberg/zephyrproject/zephyr-sdk-0.16.6/arm-zephyr-eabi/bin/../lib/gcc/arm-zephyr-eabi/12.2.0/thumb/v8-m.main/nofp/libgcc.a(_udivmoddi4.o)
                0x000000001000085c                __udivmoddi4
 *(SORT_BY_ALIGNMENT(.text.*))
 .text.sensor_channel_get.constprop.0.isra.0
                0x0000000010000af8       0x18 app/libapp.a(main.c.obj)
 .text.blink_led.constprop.0
                0x0000000010000b10       0x34 app/libapp.a(main.c.obj)
 .text.main     0x0000000010000b44      0x2b4 app/libapp.a(main.c.obj)
                0x0000000010000b44                main
 .text.sensor_node_channel_get
                0x0000000010000df8       0x88 app/libapp.a(sensor_node.c.obj)
 .text.sensor_node_uart_isr
                0x0000000010000e80       0x9c app/libapp.a(sensor_node.c.obj)
 .text.sensor_node_init
                0x0000000010000f1c      0x120 app/libapp.a(sensor_node.c.obj)
 .text.cbvprintf_package
                0x000000001000103c      0x3a4 zephyr/libzephyr.a(cbprintf_packaged.c.obj)
                0x000000001000103c                cbvprintf_package
 .text.cbprintf_package_convert
                0x00000000100013e0      0x3d0 zephyr/libzephyr.a(cbprintf_packaged.c.obj)
                0x00000000100013e0                cbprintf_package_convert
 .text.__printk_hook_install
                0x00000000100017b0        0xc zephyr/libzephyr.a(printk.c.obj)
                0x00000000100017b0                __printk_hook_install
 .text.z_thread_entry
                0x00000000100017bc       0x34 zephyr/libzephyr.a(thread_entry.c.obj)
                0x00000000100017bc                z_thread_entry
 .text.activate_foreach_backend
                0x00000000100017f0       0x64 zephyr/libzephyr.a(log_core.c.obj)
 .text.enable_logger
                0x0000000010001854       0x5c zephyr/libzephyr.a(log_core.c.obj)
 .text.log_process_thread_timer_expiry_fn
                0x00000000100018b0        0xc zephyr/libzephyr.a(log_core.c.obj)
 .text.z_log_init
                0x00000000100018bc       0x94 zephyr/libzephyr.a(log_core.c.obj)
 .text.log_format_func_t_get
                0x0000000010001950        0xc zephyr/libzephyr.a(log_core.c.obj)
                0x0000000010001950                log_format_func_t_get
 .text.log_set_timestamp_func
                0x000000001000195c       0x20 zephyr/libzephyr.a(log_core.c.obj)
                0x000000001000195c                log_set_timestamp_func
 .text.z_log_notify_backend_enabled
                0x000000001000197c       0x1c zephyr/libzephyr.a(log_core.c.obj)
                0x000000001000197c                z_log_notify_backend_enabled
 .text.z_log_dropped
                0x0000000010001998       0x3c zephyr/libzephyr.a(log_core.c.obj)
                0x0000000010001998                z_log_dropped
 .text.z_log_dropped_read_and_clear
                0x00000000100019d4       0x18 zephyr/libzephyr.a(log_core.c.obj)
                0x00000000100019d4                z_log_dropped_read_and_clear
 .text.dropped_notify
                0x00000000100019ec       0x30 zephyr/libzephyr.a(log_core.c.obj)
                0x00000000100019ec                dropped_notify
 .text.z_log_msg_init
                0x0000000010001a1c       0x20 zephyr/libzephyr.a(log_core.c.obj)
                0x0000000010001a1c                z_log_msg_init
 .text.log_core_init
                0x0000000010001a3c       0x50 zephyr/libzephyr.a(log_core.c.obj)
                0x0000000010001a3c                log_core_init
 .text.z_log_msg_alloc
                0x0000000010001a8c       0x10 zephyr/libzephyr.a(log_core.c.obj)
                0x0000000010001a8c                z_log_msg_alloc
 .text.z_log_msg_local_claim
                0x0000000010001a9c        0xc zephyr/libzephyr.a(log_core.c.obj)
                0x0000000010001a9c                z_log_msg_local_claim
 .text.z_log_msg_free
                0x0000000010001aa8       0x10 zephyr/libzephyr.a(log_core.c.obj)
                0x0000000010001aa8                z_log_msg_free
 .text.z_log_msg_pending
                0x0000000010001ab8        0xc zephyr/libzephyr.a(log_core.c.obj)
                0x0000000010001ab8                z_log_msg_pending
 .text.z_impl_log_process
                0x0000000010001ac4       0xac zephyr/libzephyr.a(log_core.c.obj)
                0x0000000010001ac4                z_impl_log_process
 .text.z_impl_log_panic
                0x0000000010001b70       0x44 zephyr/libzephyr.a(log_core.c.obj)
                0x0000000010001b70                z_impl_log_panic
 .text.log_process_thread_func
                0x0000000010001bb4       0xa4 zephyr/libzephyr.a(log_core.c.obj)
 .text.z_log_msg_post_finalize
                0x0000000010001c58       0x78 zephyr/libzephyr.a(log_core.c.obj)
 .text.z_log_msg_commit
                0x0000000010001cd0       0x24 zephyr/libzephyr.a(log_core.c.obj)
                0x0000000010001cd0                z_log_msg_commit
 .text.log_source_name_get
                0x0000000010001cf4       0x1c zephyr/libzephyr.a(log_mgmt.c.obj)
                0x0000000010001cf4                log_source_name_get
 .text.z_impl_z_log_msg_static_create
                0x0000000010001d10      0x108 zephyr/libzephyr.a(log_msg.c.obj)
                0x0000000010001d10                z_impl_z_log_msg_static_create
 .text.z_log_msg_runtime_vcreate
                0x0000000010001e18       0xa0 zephyr/libzephyr.a(log_msg.c.obj)
                0x0000000010001e18                z_log_msg_runtime_vcreate
 .text.log_msg_get_source_id
                0x0000000010001eb8       0x18 zephyr/libzephyr.a(log_msg.c.obj)
                0x0000000010001eb8                log_msg_get_source_id
 .text.print_formatted
                0x0000000010001ed0       0x24 zephyr/libzephyr.a(log_output.c.obj)
 .text.newline_print
                0x0000000010001ef4       0x1c zephyr/libzephyr.a(log_output.c.obj)
 .text.log_output_process
                0x0000000010001f10      0x2d4 zephyr/libzephyr.a(log_output.c.obj)
                0x0000000010001f10                log_output_process
 .text.log_output_dropped_process
                0x00000000100021e4       0x58 zephyr/libzephyr.a(log_output.c.obj)
                0x00000000100021e4                log_output_dropped_process
 .text.log_output_timestamp_freq_set
                0x000000001000223c       0x2c zephyr/libzephyr.a(log_output.c.obj)
                0x000000001000223c                log_output_timestamp_freq_set
 .text.char_out
                0x0000000010002268       0x24 zephyr/libzephyr.a(log_backend_uart.c.obj)
 .text.z_arm_fatal_error
                0x000000001000228c       0xb8 zephyr/arch/arch/arm/core/libarch__arm__core.a(fatal.c.obj)
                0x000000001000228c                z_arm_fatal_error
 .text.z_SysNmiOnReset
                0x0000000010002344        0x8 zephyr/arch/arch/arm/core/libarch__arm__core.a(nmi_on_reset.S.obj)
                0x0000000010002344                z_SysNmiOnReset
 .text.arch_tls_stack_setup
                0x000000001000234c       0x40 zephyr/arch/arch/arm/core/libarch__arm__core.a(tls.c.obj)
                0x000000001000234c                arch_tls_stack_setup
 .text._HandlerModeExit
                0x000000001000238c       0x20 zephyr/arch/arch/arm/core/cortex_m/libarch__arm__core__cortex_m.a(exc_exit.c.obj)
                0x000000001000238c                z_arm_exc_exit
                0x000000001000238c                z_arm_int_exit
 .text.mem_manage_fault.constprop.0
                0x00000000100023ac       0xd0 zephyr/arch/arch/arm/core/cortex_m/libarch__arm__core__cortex_m.a(fault.c.obj)
 .text.usage_fault.constprop.0
                0x000000001000247c       0xbc zephyr/arch/arch/arm/core/cortex_m/libarch__arm__core__cortex_m.a(fault.c.obj)
 .text.bus_fault.constprop.0
                0x0000000010002538       0xd0 zephyr/arch/arch/arm/core/cortex_m/libarch__arm__core__cortex_m.a(fault.c.obj)
 .text.z_arm_fault
                0x0000000010002608      0x1d0 zephyr/arch/arch/arm/core/cortex_m/libarch__arm__core__cortex_m.a(fault.c.obj)
                0x0000000010002608                z_arm_fault
 .text.z_arm_fault_init
                0x00000000100027d8       0x18 zephyr/arch/arch/arm/core/cortex_m/libarch__arm__core__cortex_m.a(fault.c.obj)
                0x00000000100027d8                z_arm_fault_init
 .text.__fault  0x00000000100027f0       0x14 zephyr/arch/arch/arm/core/cortex_m/libarch__arm__core__cortex_m.a(fault_s.S.obj)
                0x00000000100027f0                z_arm_bus_fault
                0x00000000100027f0                z_arm_usage_fault
                0x00000000100027f0                z_arm_mpu_fault
                0x00000000100027f0                z_arm_exc_spurious
                0x00000000100027f0                z_arm_debug_monitor
                0x00000000100027f0                z_arm_hard_fault
 .text._reset_section
                0x0000000010002804       0x38 zephyr/arch/arch/arm/core/cortex_m/libarch__arm__core__cortex_m.a(reset.S.obj)
                0x0000000010002804                z_arm_reset
                0x0000000010002804                __start
 .text.z_impl_k_thread_abort
                0x000000001000283c       0x2c zephyr/arch/arch/arm/core/cortex_m/libarch__arm__core__cortex_m.a(thread_abort.c.obj)
                0x000000001000283c                z_impl_k_thread_abort
 .text.z_arm_pendsv
                0x0000000010002868       0x54 zephyr/arch/arch/arm/core/cortex_m/libarch__arm__core__cortex_m.a(swap_helper.S.obj)
                0x0000000010002868                z_arm_pendsv
 .text.z_arm_svc
                0x00000000100028bc       0x24 zephyr/arch/arch/arm/core/cortex_m/libarch__arm__core__cortex_m.a(swap_helper.S.obj)
                0x00000000100028bc                z_arm_svc
 .text.arm_irq_enable
                0x00000000100028e0       0x1c zephyr/arch/arch/arm/core/cortex_m/libarch__arm__core__cortex_m.a(irq_manage.c.obj)
                0x00000000100028e0                arm_irq_enable
 .text.arm_irq_priority_set
                0x00000000100028fc       0x2c zephyr/arch/arch/arm/core/cortex_m/libarch__arm__core__cortex_m.a(irq_manage.c.obj)
                0x00000000100028fc                arm_irq_priority_set
 .text.relocate_vector_table
                0x0000000010002928       0x1c zephyr/arch/arch/arm/core/cortex_m/libarch__arm__core__cortex_m.a(prep_c.c.obj)
                0x0000000010002928                relocate_vector_table
 .text.z_prep_c
                0x0000000010002944       0x38 zephyr/arch/arch/arm/core/cortex_m/libarch__arm__core__cortex_m.a(prep_c.c.obj)
                0x0000000010002944                z_prep_c
 .text.arch_new_thread
                0x000000001000297c       0x38 zephyr/arch/arch/arm/core/cortex_m/libarch__arm__core__cortex_m.a(thread.c.obj)
                0x000000001000297c                arch_new_thread
 .text.arch_switch_to_main_thread
                0x00000000100029b4       0x38 zephyr/arch/arch/arm/core/cortex_m/libarch__arm__core__cortex_m.a(thread.c.obj)
                0x00000000100029b4                arch_switch_to_main_thread
 .text.z_arm_cpu_idle_init
                0x00000000100029ec        0xc zephyr/arch/arch/arm/core/cortex_m/libarch__arm__core__cortex_m.a(cpu_idle.c.obj)
                0x00000000100029ec                z_arm_cpu_idle_init
 .text.z_arm_interrupt_init
                0x00000000100029f8       0x18 zephyr/arch/arch/arm/core/cortex_m/libarch__arm__core__cortex_m.a(irq_init.c.obj)
                0x00000000100029f8                z_arm_interrupt_init
 .text._isr_wrapper
                0x0000000010002a10       0x24 zephyr/arch/arch/arm/core/cortex_m/libarch__arm__core__cortex_m.a(isr_wrapper.c.obj)
                0x0000000010002a10                _isr_wrapper
 .text.cbvprintf
                0x0000000010002a34       0x38 zephyr/lib/libc/picolibc/liblib__libc__picolibc.a(cbprintf.c.obj)
                0x0000000010002a34                cbvprintf
 .text.z_impl_zephyr_fputc
                0x0000000010002a6c       0x10 zephyr/lib/libc/picolibc/liblib__libc__picolibc.a(stdio.c.obj)
                0x0000000010002a6c                z_impl_zephyr_fputc
 .text.__stdout_hook_install
                0x0000000010002a7c       0x18 zephyr/lib/libc/picolibc/liblib__libc__picolibc.a(stdio.c.obj)
                0x0000000010002a7c                __stdout_hook_install
 .text.abort    0x0000000010002a94       0x1c zephyr/lib/libc/common/liblib__libc__common.a(abort.c.obj)
                0x0000000010002a94                abort
 .text.malloc_prepare
                0x0000000010002ab0       0x24 zephyr/lib/libc/common/liblib__libc__common.a(malloc.c.obj)
 .text.rpi_pico_rosc_write.constprop.0
                0x0000000010002ad4       0x28 zephyr/drivers/clock_control/libdrivers__clock_control.a(clock_control_rpi_pico.c.obj)
 .text.rpi_pico_get_clock_src.isra.0
                0x0000000010002afc       0x9c zephyr/drivers/clock_control/libdrivers__clock_control.a(clock_control_rpi_pico.c.obj)
 .text.rpi_pico_calc_clock_freq
                0x0000000010002b98      0x104 zephyr/drivers/clock_control/libdrivers__clock_control.a(clock_control_rpi_pico.c.obj)
 .text.clock_control_rpi_pico_init
                0x0000000010002c9c      0x1d8 zephyr/drivers/clock_control/libdrivers__clock_control.a(clock_control_rpi_pico.c.obj)
 .text.uart_console_init
                0x0000000010002e74       0x28 zephyr/drivers/console/libdrivers__console.a(uart_console.c.obj)
 .text.console_out
                0x0000000010002e9c       0x28 zephyr/drivers/console/libdrivers__console.a(uart_console.c.obj)
 .text.gpio_rpi_get_pending_int
                0x0000000010002ec4       0x30 zephyr/drivers/gpio/libdrivers__gpio.a(gpio_rpi_pico.c.obj)
 .text.gpio_rpi_configure
                0x0000000010002ef4       0xc8 zephyr/drivers/gpio/libdrivers__gpio.a(gpio_rpi_pico.c.obj)
 .text.gpio_rpi_isr
                0x0000000010002fbc       0x78 zephyr/drivers/gpio/libdrivers__gpio.a(gpio_rpi_pico.c.obj)
 .text.pl011_runtime_configure_internal
                0x0000000010003034      0x150 zephyr/drivers/serial/libdrivers__serial.a(uart_pl011.c.obj)
 .text.elapsed  0x0000000010003184       0x4c zephyr/drivers/timer/libdrivers__timer.a(cortex_m_systick.c.obj)
 .text.sys_clock_driver_init
                0x00000000100031d0       0x38 zephyr/drivers/timer/libdrivers__timer.a(cortex_m_systick.c.obj)
 .text.sys_clock_isr
                0x0000000010003208       0x60 zephyr/drivers/timer/libdrivers__timer.a(cortex_m_systick.c.obj)
                0x0000000010003208                sys_clock_isr
 .text.sys_clock_set_timeout
                0x0000000010003268       0xfc zephyr/drivers/timer/libdrivers__timer.a(cortex_m_systick.c.obj)
                0x0000000010003268                sys_clock_set_timeout
 .text.sys_clock_elapsed
                0x0000000010003364       0x3c zephyr/drivers/timer/libdrivers__timer.a(cortex_m_systick.c.obj)
                0x0000000010003364                sys_clock_elapsed
 .text.clock_configure_internal
                0x00000000100033a0       0xa4 modules/hal_rpi_pico/libmodules__hal_rpi_pico.a(clocks.c.obj)
 .text.pll_init
                0x0000000010003444       0xb4 modules/hal_rpi_pico/libmodules__hal_rpi_pico.a(pll.c.obj)
                0x0000000010003444                pll_init
 .text.xosc_init
                0x00000000100034f8       0x28 modules/hal_rpi_pico/libmodules__hal_rpi_pico.a(xosc.c.obj)
                0x00000000100034f8                xosc_init
 .text.gpio_set_function
                0x0000000010003520       0x38 modules/hal_rpi_pico/libmodules__hal_rpi_pico.a(gpio.c.obj)
                0x0000000010003520                gpio_set_function
 .text.gpio_set_pulls
                0x0000000010003558       0x24 modules/hal_rpi_pico/libmodules__hal_rpi_pico.a(gpio.c.obj)
                0x0000000010003558                gpio_set_pulls
 .text.gpio_set_input_hysteresis_enabled
                0x000000001000357c       0x1c modules/hal_rpi_pico/libmodules__hal_rpi_pico.a(gpio.c.obj)
                0x000000001000357c                gpio_set_input_hysteresis_enabled
 .text.gpio_set_slew_rate
                0x0000000010003598       0x1c modules/hal_rpi_pico/libmodules__hal_rpi_pico.a(gpio.c.obj)
                0x0000000010003598                gpio_set_slew_rate
 .text.gpio_set_drive_strength
                0x00000000100035b4       0x20 modules/hal_rpi_pico/libmodules__hal_rpi_pico.a(gpio.c.obj)
                0x00000000100035b4                gpio_set_drive_strength
 .text.gpio_acknowledge_irq
                0x00000000100035d4       0x18 modules/hal_rpi_pico/libmodules__hal_rpi_pico.a(gpio.c.obj)
                0x00000000100035d4                gpio_acknowledge_irq
 .text.gpio_set_irq_enabled
                0x00000000100035ec       0x44 modules/hal_rpi_pico/libmodules__hal_rpi_pico.a(gpio.c.obj)
                0x00000000100035ec                gpio_set_irq_enabled
 .text.gpio_set_input_enabled
                0x0000000010003630       0x1c modules/hal_rpi_pico/libmodules__hal_rpi_pico.a(gpio.c.obj)
                0x0000000010003630                gpio_set_input_enabled
 .text.runtime_init_per_core_enable_coprocessors
                0x000000001000364c       0x1c modules/hal_rpi_pico/libmodules__hal_rpi_pico.a(runtime_init.c.obj)
                0x000000001000364c                runtime_init_per_core_enable_coprocessors
 .text.k_sys_fatal_error_handler
                0x0000000010003668       0x20 zephyr/kernel/libkernel.a(fatal.c.obj)
                0x0000000010003668                k_sys_fatal_error_handler
 .text.z_fatal_error
                0x0000000010003688       0xe8 zephyr/kernel/libkernel.a(fatal.c.obj)
                0x0000000010003688                z_fatal_error
 .text.z_sys_init_run_level
                0x0000000010003770       0x30 zephyr/kernel/libkernel.a(init.c.obj)
 .text.bg_thread_main
                0x00000000100037a0       0xc0 zephyr/kernel/libkernel.a(init.c.obj)
 .text.z_bss_zero
                0x0000000010003860       0x18 zephyr/kernel/libkernel.a(init.c.obj)
                0x0000000010003860                z_bss_zero
 .text.z_init_cpu
                0x0000000010003878       0x68 zephyr/kernel/libkernel.a(init.c.obj)
                0x0000000010003878                z_init_cpu
 .text.z_cstart
                0x00000000100038e0       0xbc zephyr/kernel/libkernel.a(init.c.obj)
                0x00000000100038e0                z_cstart
 .text.z_impl_k_sem_give
                0x000000001000399c       0x68 zephyr/kernel/libkernel.a(sem.c.obj)
                0x000000001000399c                z_impl_k_sem_give
 .text.z_impl_k_sem_take
                0x0000000010003a04       0x4c zephyr/kernel/libkernel.a(sem.c.obj)
                0x0000000010003a04                z_impl_k_sem_take
 .text.z_setup_new_thread
                0x0000000010003a50       0x70 zephyr/kernel/libkernel.a(thread.c.obj)
                0x0000000010003a50                z_setup_new_thread
 .text.z_impl_k_thread_create
                0x0000000010003ac0       0x58 zephyr/kernel/libkernel.a(thread.c.obj)
                0x0000000010003ac0                z_impl_k_thread_create
 .text.z_dummy_thread_init
                0x0000000010003b18       0x14 zephyr/kernel/libkernel.a(thread.c.obj)
                0x0000000010003b18                z_dummy_thread_init
 .text.z_swap_irqlock
                0x0000000010003b2c       0x30 zephyr/kernel/libkernel.a(sched.c.obj)
 .text.ready_thread
                0x0000000010003b5c       0x84 zephyr/kernel/libkernel.a(sched.c.obj)
 .text.unready_thread
                0x0000000010003be0       0x54 zephyr/kernel/libkernel.a(sched.c.obj)
 .text.add_thread_timeout
                0x0000000010003c34       0x1c zephyr/kernel/libkernel.a(sched.c.obj)
 .text.move_thread_to_end_of_prio_q
                0x0000000010003c50       0x90 zephyr/kernel/libkernel.a(sched.c.obj)
                0x0000000010003c50                move_thread_to_end_of_prio_q
 .text.z_pend_curr
                0x0000000010003ce0       0x44 zephyr/kernel/libkernel.a(sched.c.obj)
                0x0000000010003ce0                z_pend_curr
 .text.z_reschedule
                0x0000000010003d24       0x24 zephyr/kernel/libkernel.a(sched.c.obj)
                0x0000000010003d24                z_reschedule
 .text.z_reschedule_irqlock
                0x0000000010003d48       0x28 zephyr/kernel/libkernel.a(sched.c.obj)
                0x0000000010003d48                z_reschedule_irqlock
 .text.k_sched_lock
                0x0000000010003d70       0x28 zephyr/kernel/libkernel.a(sched.c.obj)
                0x0000000010003d70                k_sched_lock
 .text.k_sched_unlock
                0x0000000010003d98       0x68 zephyr/kernel/libkernel.a(sched.c.obj)
                0x0000000010003d98                k_sched_unlock
 .text.z_sched_init
                0x0000000010003e00       0x10 zephyr/kernel/libkernel.a(sched.c.obj)
                0x0000000010003e00                z_sched_init
 .text.z_impl_k_yield
                0x0000000010003e10       0x88 zephyr/kernel/libkernel.a(sched.c.obj)
                0x0000000010003e10                z_impl_k_yield
 .text.z_tick_sleep
                0x0000000010003e98       0x78 zephyr/kernel/libkernel.a(sched.c.obj)
 .text.z_impl_k_wakeup
                0x0000000010003f10       0x48 zephyr/kernel/libkernel.a(sched.c.obj)
                0x0000000010003f10                z_impl_k_wakeup
 .text.z_impl_k_sched_current_thread_query
                0x0000000010003f58        0xc zephyr/kernel/libkernel.a(sched.c.obj)
                0x0000000010003f58                z_impl_k_sched_current_thread_query
 .text.z_thread_abort
                0x0000000010003f64      0x138 zephyr/kernel/libkernel.a(sched.c.obj)
                0x0000000010003f64                z_thread_abort
 .text.slice_timeout
                0x000000001000409c       0x20 zephyr/kernel/libkernel.a(timeslicing.c.obj)
 .text.thread_is_sliceable
                0x00000000100040bc       0x3c zephyr/kernel/libkernel.a(timeslicing.c.obj)
                0x00000000100040bc                thread_is_sliceable
 .text.z_reset_time_slice
                0x00000000100040f8       0x50 zephyr/kernel/libkernel.a(timeslicing.c.obj)
                0x00000000100040f8                z_reset_time_slice
 .text.z_time_slice
                0x0000000010004148       0x60 zephyr/kernel/libkernel.a(timeslicing.c.obj)
                0x0000000010004148                z_time_slice
 .text.z_data_copy
                0x00000000100041a8       0x38 zephyr/kernel/libkernel.a(xip.c.obj)
                0x00000000100041a8                z_data_copy
 .text.first    0x00000000100041e0       0x10 zephyr/kernel/libkernel.a(timeout.c.obj)
 .text.elapsed  0x00000000100041f0       0x14 zephyr/kernel/libkernel.a(timeout.c.obj)
 .text.remove_timeout
                0x0000000010004204       0x38 zephyr/kernel/libkernel.a(timeout.c.obj)
 .text.z_add_timeout
                0x000000001000423c      0x120 zephyr/kernel/libkernel.a(timeout.c.obj)
                0x000000001000423c                z_add_timeout
 .text.sys_clock_announce
                0x000000001000435c       0xbc zephyr/kernel/libkernel.a(timeout.c.obj)
                0x000000001000435c                sys_clock_announce
 .text.sys_clock_tick_get
                0x0000000010004418       0x30 zephyr/kernel/libkernel.a(timeout.c.obj)
                0x0000000010004418                sys_clock_tick_get
 .text.z_timer_expiration_handler
                0x0000000010004448      0x110 zephyr/kernel/libkernel.a(timer.c.obj)
                0x0000000010004448                z_timer_expiration_handler
 .text.z_impl_k_timer_start
                0x0000000010004558       0x70 zephyr/kernel/libkernel.a(timer.c.obj)
                0x0000000010004558                z_impl_k_timer_start
 .text.boot_banner
                0x00000000100045c8        0xc zephyr/kernel/libkernel.a(banner.c.obj)
                0x00000000100045c8                boot_banner
 .text.snprintf
                0x00000000100045d4       0x58 /Users/majanyberg/zephyrproject/zephyr-sdk-0.16.6/arm-zephyr-eabi/bin/../lib/gcc/../../picolibc/arm-zephyr-eabi/lib/thumb/v8-m.main/nofp/libc.a(libc_tinystdio_snprintf.c.o)
                0x00000000100045d4                snprintf
 .text.__l_vfprintf
                0x000000001000462c      0x4b4 /Users/majanyberg/zephyrproject/zephyr-sdk-0.16.6/arm-zephyr-eabi/bin/../lib/gcc/../../picolibc/arm-zephyr-eabi/lib/thumb/v8-m.main/nofp/libc.a(libc_tinystdio_vflprintf.c.o)
                0x000000001000462c                __l_vfprintf
 .text._OffsetAbsSyms
                0x0000000010004ae0        0x2 zephyr/CMakeFiles/offsets.dir/./arch/arm/core/offsets/offsets.c.obj
                0x0000000010004ae0                _OffsetAbsSyms
 .text.gpio_pin_set.isra.0
                0x0000000010004ae2       0x20 app/libapp.a(main.c.obj)
 .text.k_msleep.isra.0
                0x0000000010004b02        0xa app/libapp.a(main.c.obj)
 .text.sensor_node_sample_fetch
                0x0000000010004b0c       0x40 app/libapp.a(sensor_node.c.obj)
 .text.chunk_field
                0x0000000010004b4c       0x16 zephyr/libzephyr.a(heap.c.obj)
 .text.chunk_set
                0x0000000010004b62       0x16 zephyr/libzephyr.a(heap.c.obj)
 .text.chunk_size
                0x0000000010004b78        0xc zephyr/libzephyr.a(heap.c.obj)
 .text.set_chunk_used
                0x0000000010004b84       0x30 zephyr/libzephyr.a(heap.c.obj)
 .text.set_chunk_size
                0x0000000010004bb4        0x8 zephyr/libzephyr.a(heap.c.obj)
 .text.bucket_idx.isra.0
                0x0000000010004bbc       0x1c zephyr/libzephyr.a(heap.c.obj)
 .text.free_list_add
                0x0000000010004bd8       0x84 zephyr/libzephyr.a(heap.c.obj)
 .text.sys_heap_init
                0x0000000010004c5c       0xb0 zephyr/libzephyr.a(heap.c.obj)
                0x0000000010004c5c                sys_heap_init
 .text.cbpprintf_external
                0x0000000010004d0c       0x62 zephyr/libzephyr.a(cbprintf_packaged.c.obj)
                0x0000000010004d0c                cbpprintf_external
 .text.is_ptr   0x0000000010004d6e       0x4a zephyr/libzephyr.a(cbprintf_packaged.c.obj)
                0x0000000010004d6e                is_ptr
 .text.arch_printk_char_out
                0x0000000010004db8        0x4 zephyr/libzephyr.a(printk.c.obj)
                0x0000000010004db8                arch_printk_char_out
 .text.printk   0x0000000010004dbc       0x1a zephyr/libzephyr.a(printk.c.obj)
                0x0000000010004dbc                printk
 .text.free_space
                0x0000000010004dd6       0x26 zephyr/libzephyr.a(mpsc_pbuf.c.obj)
 .text.get_usage
                0x0000000010004dfc       0x22 zephyr/libzephyr.a(mpsc_pbuf.c.obj)
 .text.idx_inc  0x0000000010004e1e       0x1c zephyr/libzephyr.a(mpsc_pbuf.c.obj)
 .text.rd_idx_inc
                0x0000000010004e3a       0x18 zephyr/libzephyr.a(mpsc_pbuf.c.obj)
 .text.add_skip_item
                0x0000000010004e52       0x3e zephyr/libzephyr.a(mpsc_pbuf.c.obj)
 .text.drop_item_locked
                0x0000000010004e90      0x100 zephyr/libzephyr.a(mpsc_pbuf.c.obj)
 .text.post_drop_action
                0x0000000010004f90       0x36 zephyr/libzephyr.a(mpsc_pbuf.c.obj)
 .text.max_utilization_update
                0x0000000010004fc6       0x1a zephyr/libzephyr.a(mpsc_pbuf.c.obj)
 .text.mpsc_pbuf_init
                0x0000000010004fe0       0x42 zephyr/libzephyr.a(mpsc_pbuf.c.obj)
                0x0000000010004fe0                mpsc_pbuf_init
 .text.mpsc_pbuf_alloc
                0x0000000010005022       0xfe zephyr/libzephyr.a(mpsc_pbuf.c.obj)
                0x0000000010005022                mpsc_pbuf_alloc
 .text.mpsc_pbuf_commit
                0x0000000010005120       0x3e zephyr/libzephyr.a(mpsc_pbuf.c.obj)
                0x0000000010005120                mpsc_pbuf_commit
 .text.mpsc_pbuf_claim
                0x000000001000515e       0xa8 zephyr/libzephyr.a(mpsc_pbuf.c.obj)
                0x000000001000515e                mpsc_pbuf_claim
 .text.mpsc_pbuf_free
                0x0000000010005206       0x76 zephyr/libzephyr.a(mpsc_pbuf.c.obj)
                0x0000000010005206                mpsc_pbuf_free
 .text.mpsc_pbuf_is_pending
                0x000000001000527c       0x32 zephyr/libzephyr.a(mpsc_pbuf.c.obj)
                0x000000001000527c                mpsc_pbuf_is_pending
 .text._ConfigAbsSyms
                0x00000000100052ae        0x2 zephyr/libzephyr.a(configs.c.obj)
                0x00000000100052ae                _ConfigAbsSyms
 .text.log_msg_generic_get_wlen
                0x00000000100052b0       0x20 zephyr/libzephyr.a(log_core.c.obj)
 .text.dummy_timestamp
                0x00000000100052d0        0x4 zephyr/libzephyr.a(log_core.c.obj)
 .text.atomic_inc
                0x00000000100052d4       0x12 zephyr/libzephyr.a(log_core.c.obj)
 .text.default_lf_get_timestamp
                0x00000000100052e6       0x10 zephyr/libzephyr.a(log_core.c.obj)
 .text.z_log_vprintk
                0x00000000100052f6       0x1c zephyr/libzephyr.a(log_core.c.obj)
                0x00000000100052f6                z_log_vprintk
 .text.z_log_notify_drop
                0x0000000010005312        0x6 zephyr/libzephyr.a(log_core.c.obj)
 .text.z_log_get_tag
                0x0000000010005318        0x4 zephyr/libzephyr.a(log_core.c.obj)
                0x0000000010005318                z_log_get_tag
 .text.log_backend_enable
                0x000000001000531c       0x12 zephyr/libzephyr.a(log_mgmt.c.obj)
                0x000000001000531c                log_backend_enable
 .text.z_cbprintf_cpy
                0x000000001000532e       0x2e zephyr/libzephyr.a(log_msg.c.obj)
 .text.z_log_msg_finalize
                0x000000001000535c       0x32 zephyr/libzephyr.a(log_msg.c.obj)
                0x000000001000535c                z_log_msg_finalize
 .text.z_log_msg_simple_create
                0x000000001000538e       0x6e zephyr/libzephyr.a(log_msg.c.obj)
 .text.z_impl_z_log_msg_simple_create_0
                0x00000000100053fc       0x12 zephyr/libzephyr.a(log_msg.c.obj)
                0x00000000100053fc                z_impl_z_log_msg_simple_create_0
 .text.z_impl_z_log_msg_simple_create_1
                0x000000001000540e       0x14 zephyr/libzephyr.a(log_msg.c.obj)
                0x000000001000540e                z_impl_z_log_msg_simple_create_1
 .text.log_output_write
                0x0000000010005422       0x1c zephyr/libzephyr.a(log_output.c.obj)
 .text.log_output_flush
                0x000000001000543e       0x1a zephyr/libzephyr.a(log_output.c.obj)
 .text.out_func
                0x0000000010005458       0x2e zephyr/libzephyr.a(log_output.c.obj)
 .text.cr_out_func
                0x0000000010005486       0x1c zephyr/libzephyr.a(log_output.c.obj)
 .text.log_output_msg_process
                0x00000000100054a2       0x6a zephyr/libzephyr.a(log_output.c.obj)
                0x00000000100054a2                log_output_msg_process
 .text.format_set
                0x000000001000550c        0xc zephyr/libzephyr.a(log_backend_uart.c.obj)
 .text.log_backend_uart_init
                0x0000000010005518        0xc zephyr/libzephyr.a(log_backend_uart.c.obj)
 .text.panic    0x0000000010005524       0x32 zephyr/libzephyr.a(log_backend_uart.c.obj)
 .text.dropped  0x0000000010005556        0xa zephyr/libzephyr.a(log_backend_uart.c.obj)
 .text.process  0x0000000010005560       0x1e zephyr/libzephyr.a(log_backend_uart.c.obj)
 .text.z_do_kernel_oops
                0x000000001000557e        0x8 zephyr/arch/arch/arm/core/libarch__arm__core.a(fatal.c.obj)
                0x000000001000557e                z_do_kernel_oops
 .text.z_arm_nmi
                0x0000000010005586        0xe zephyr/arch/arch/arm/core/libarch__arm__core.a(nmi.c.obj)
                0x0000000010005586                z_arm_nmi
 .text.z_log_msg_simple_create_0.constprop.0
                0x0000000010005594        0x8 zephyr/arch/arch/arm/core/cortex_m/libarch__arm__core__cortex_m.a(fault.c.obj)
 .text.z_irq_spurious
                0x000000001000559c        0x8 zephyr/arch/arch/arm/core/cortex_m/libarch__arm__core__cortex_m.a(irq_manage.c.obj)
                0x000000001000559c                z_irq_spurious
 .text.arch_irq_unlock_outlined
                0x00000000100055a4        0xe zephyr/arch/arch/arm/core/cortex_m/libarch__arm__core__cortex_m.a(thread.c.obj)
                0x00000000100055a4                arch_irq_unlock_outlined
 .text.arch_cpu_idle
                0x00000000100055b2       0x1a zephyr/arch/arch/arm/core/cortex_m/libarch__arm__core__cortex_m.a(cpu_idle.c.obj)
                0x00000000100055b2                arch_cpu_idle
 .text.__assert_no_args
                0x00000000100055cc        0x6 zephyr/lib/libc/picolibc/liblib__libc__picolibc.a(assert.c.obj)
                0x00000000100055cc                __assert_no_args
 .text.cbputc   0x00000000100055d2        0xc zephyr/lib/libc/picolibc/liblib__libc__picolibc.a(cbprintf.c.obj)
 .text.picolibc_put
                0x00000000100055de        0xa zephyr/lib/libc/picolibc/liblib__libc__picolibc.a(stdio.c.obj)
 .text.soc_reset_hook
                0x00000000100055e8        0x4 zephyr/soc/soc/rp2350a/rp2350/libsoc__raspberrypi__rpi_pico__rp2350.a(soc.c.obj)
                0x00000000100055e8                soc_reset_hook
 .text.clock_control_rpi_pico_on
                0x00000000100055ec       0x3c zephyr/drivers/clock_control/libdrivers__clock_control.a(clock_control_rpi_pico.c.obj)
 .text.clock_control_rpi_pico_off
                0x0000000010005628       0x3c zephyr/drivers/clock_control/libdrivers__clock_control.a(clock_control_rpi_pico.c.obj)
 .text.rpi_pico_is_clock_enabled.isra.0
                0x0000000010005664       0x70 zephyr/drivers/clock_control/libdrivers__clock_control.a(clock_control_rpi_pico.c.obj)
 .text.clock_control_rpi_pico_get_status
                0x00000000100056d4       0x18 zephyr/drivers/clock_control/libdrivers__clock_control.a(clock_control_rpi_pico.c.obj)
 .text.clock_control_rpi_pico_get_rate
                0x00000000100056ec       0x1e zephyr/drivers/clock_control/libdrivers__clock_control.a(clock_control_rpi_pico.c.obj)
 .text.rpi_pico_clkid_tuple_reorder_by_dependencies
                0x000000001000570a       0x4c zephyr/drivers/clock_control/libdrivers__clock_control.a(clock_control_rpi_pico.c.obj)
                0x000000001000570a                rpi_pico_clkid_tuple_reorder_by_dependencies
 .text.gpio_rpi_port_get_raw
                0x0000000010005756        0xa zephyr/drivers/gpio/libdrivers__gpio.a(gpio_rpi_pico.c.obj)
 .text.gpio_rpi_port_set_bits_raw
                0x0000000010005760       0x24 zephyr/drivers/gpio/libdrivers__gpio.a(gpio_rpi_pico.c.obj)
 .text.gpio_rpi_port_clear_bits_raw
                0x0000000010005784       0x24 zephyr/drivers/gpio/libdrivers__gpio.a(gpio_rpi_pico.c.obj)
 .text.gpio_rpi_port_toggle_bits
                0x00000000100057a8       0x16 zephyr/drivers/gpio/libdrivers__gpio.a(gpio_rpi_pico.c.obj)
 .text.gpio_rpi_manage_callback
                0x00000000100057be       0x52 zephyr/drivers/gpio/libdrivers__gpio.a(gpio_rpi_pico.c.obj)
 .text.gpio_rpi_bank_init
                0x0000000010005810        0xe zephyr/drivers/gpio/libdrivers__gpio.a(gpio_rpi_pico.c.obj)
 .text.gpio_rpi_pin_interrupt_configure
                0x000000001000581e       0x42 zephyr/drivers/gpio/libdrivers__gpio.a(gpio_rpi_pico.c.obj)
 .text.bank_0_config_func
                0x0000000010005860       0x16 zephyr/drivers/gpio/libdrivers__gpio.a(gpio_rpi_pico.c.obj)
 .text.gpio_rpi_port_set_masked_raw
                0x0000000010005876       0x40 zephyr/drivers/gpio/libdrivers__gpio.a(gpio_rpi_pico.c.obj)
 .text.pinctrl_lookup_state
                0x00000000100058b6       0x26 zephyr/drivers/pinctrl/libdrivers__pinctrl.a(common.c.obj)
                0x00000000100058b6                pinctrl_lookup_state
 .text.pinctrl_configure_pins
                0x00000000100058dc       0xc6 zephyr/drivers/pinctrl/libdrivers__pinctrl.a(pinctrl_rpi_pico.c.obj)
                0x00000000100058dc                pinctrl_configure_pins
 .text.reset_rpi_init
                0x00000000100059a2        0x4 zephyr/drivers/reset/libdrivers__reset.a(reset_rpi_pico.c.obj)
 .text.reset_rpi_read_register.isra.0
                0x00000000100059a6       0x2a zephyr/drivers/reset/libdrivers__reset.a(reset_rpi_pico.c.obj)
 .text.reset_rpi_update
                0x00000000100059d0       0x64 zephyr/drivers/reset/libdrivers__reset.a(reset_rpi_pico.c.obj)
 .text.reset_rpi_line_assert
                0x0000000010005a34        0x6 zephyr/drivers/reset/libdrivers__reset.a(reset_rpi_pico.c.obj)
 .text.reset_rpi_line_deassert
                0x0000000010005a3a        0x6 zephyr/drivers/reset/libdrivers__reset.a(reset_rpi_pico.c.obj)
 .text.reset_rpi_line_toggle
                0x0000000010005a40       0x1a zephyr/drivers/reset/libdrivers__reset.a(reset_rpi_pico.c.obj)
 .text.reset_rpi_status
                0x0000000010005a5a       0x42 zephyr/drivers/reset/libdrivers__reset.a(reset_rpi_pico.c.obj)
 .text.pl011_poll_in
                0x0000000010005a9c       0x32 zephyr/drivers/serial/libdrivers__serial.a(uart_pl011.c.obj)
 .text.pl011_poll_out
                0x0000000010005ace        0xe zephyr/drivers/serial/libdrivers__serial.a(uart_pl011.c.obj)
 .text.pl011_err_check
                0x0000000010005adc       0x2a zephyr/drivers/serial/libdrivers__serial.a(uart_pl011.c.obj)
 .text.pl011_runtime_config_get
                0x0000000010005b06       0x10 zephyr/drivers/serial/libdrivers__serial.a(uart_pl011.c.obj)
 .text.pl011_fifo_fill
                0x0000000010005b16       0x20 zephyr/drivers/serial/libdrivers__serial.a(uart_pl011.c.obj)
 .text.pl011_fifo_read
                0x0000000010005b36       0x20 zephyr/drivers/serial/libdrivers__serial.a(uart_pl011.c.obj)
 .text.pl011_irq_tx_enable
                0x0000000010005b56       0x4a zephyr/drivers/serial/libdrivers__serial.a(uart_pl011.c.obj)
 .text.pl011_irq_tx_disable
                0x0000000010005ba0       0x14 zephyr/drivers/serial/libdrivers__serial.a(uart_pl011.c.obj)
 .text.pl011_irq_tx_complete
                0x0000000010005bb4       0x10 zephyr/drivers/serial/libdrivers__serial.a(uart_pl011.c.obj)
 .text.pl011_irq_tx_ready
                0x0000000010005bc4       0x2c zephyr/drivers/serial/libdrivers__serial.a(uart_pl011.c.obj)
 .text.pl011_irq_rx_enable
                0x0000000010005bf0        0xe zephyr/drivers/serial/libdrivers__serial.a(uart_pl011.c.obj)
 .text.pl011_irq_rx_disable
                0x0000000010005bfe        0xe zephyr/drivers/serial/libdrivers__serial.a(uart_pl011.c.obj)
 .text.pl011_irq_rx_ready
                0x0000000010005c0c       0x26 zephyr/drivers/serial/libdrivers__serial.a(uart_pl011.c.obj)
 .text.pl011_irq_err_enable
                0x0000000010005c32        0xe zephyr/drivers/serial/libdrivers__serial.a(uart_pl011.c.obj)
 .text.pl011_irq_err_disable
                0x0000000010005c40        0xe zephyr/drivers/serial/libdrivers__serial.a(uart_pl011.c.obj)
 .text.pl011_irq_is_pending
                0x0000000010005c4e       0x1c zephyr/drivers/serial/libdrivers__serial.a(uart_pl011.c.obj)
 .text.pl011_irq_update
                0x0000000010005c6a        0x4 zephyr/drivers/serial/libdrivers__serial.a(uart_pl011.c.obj)
 .text.pl011_irq_callback_set
                0x0000000010005c6e        0x8 zephyr/drivers/serial/libdrivers__serial.a(uart_pl011.c.obj)
 .text.pl011_isr
                0x0000000010005c76       0x26 zephyr/drivers/serial/libdrivers__serial.a(uart_pl011.c.obj)
                0x0000000010005c76                pl011_isr
 .text.pwr_on_raspberrypi_pico_uart_0
                0x0000000010005c9c        0x4 zephyr/drivers/serial/libdrivers__serial.a(uart_pl011.c.obj)
 .text.clk_enable_raspberrypi_pico_uart_0
                0x0000000010005ca0        0x4 zephyr/drivers/serial/libdrivers__serial.a(uart_pl011.c.obj)
 .text.pl011_irq_config_func_0
                0x0000000010005ca4       0x16 zephyr/drivers/serial/libdrivers__serial.a(uart_pl011.c.obj)
 .text.pl011_runtime_configure
                0x0000000010005cba        0x6 zephyr/drivers/serial/libdrivers__serial.a(uart_pl011.c.obj)
 .text.pl011_init
                0x0000000010005cc0      0x11c zephyr/drivers/serial/libdrivers__serial.a(uart_pl011.c.obj)
 .text.clock_configure
                0x0000000010005ddc       0x48 modules/hal_rpi_pico/libmodules__hal_rpi_pico.a(clocks.c.obj)
                0x0000000010005ddc                clock_configure
 .text.tick_start
                0x0000000010005e24       0x14 modules/hal_rpi_pico/libmodules__hal_rpi_pico.a(ticks.c.obj)
                0x0000000010005e24                tick_start
 .text.gpio_set_irqover
                0x0000000010005e38       0x1e modules/hal_rpi_pico/libmodules__hal_rpi_pico.a(gpio.c.obj)
                0x0000000010005e38                gpio_set_irqover
 .text.gpio_set_inover
                0x0000000010005e56       0x1e modules/hal_rpi_pico/libmodules__hal_rpi_pico.a(gpio.c.obj)
                0x0000000010005e56                gpio_set_inover
 .text.gpio_set_outover
                0x0000000010005e74       0x1e modules/hal_rpi_pico/libmodules__hal_rpi_pico.a(gpio.c.obj)
                0x0000000010005e74                gpio_set_outover
 .text.gpio_set_oeover
                0x0000000010005e92       0x1e modules/hal_rpi_pico/libmodules__hal_rpi_pico.a(gpio.c.obj)
                0x0000000010005e92                gpio_set_oeover
 .text.gpio_init
                0x0000000010005eb0       0x12 modules/hal_rpi_pico/libmodules__hal_rpi_pico.a(gpio.c.obj)
                0x0000000010005eb0                gpio_init
 .text.z_device_state_init
                0x0000000010005ec2        0x2 zephyr/kernel/libkernel.a(device.c.obj)
                0x0000000010005ec2                z_device_state_init
 .text.z_impl_device_is_ready
                0x0000000010005ec4       0x16 zephyr/kernel/libkernel.a(device.c.obj)
                0x0000000010005ec4                z_impl_device_is_ready
 .text.arch_system_halt
                0x0000000010005eda       0x10 zephyr/kernel/libkernel.a(fatal.c.obj)
                0x0000000010005eda                arch_system_halt
 .text.do_device_init
                0x0000000010005eea       0x2e zephyr/kernel/libkernel.a(init.c.obj)
 .text.z_early_memset
                0x0000000010005f18        0x4 zephyr/kernel/libkernel.a(init.c.obj)
                0x0000000010005f18                z_early_memset
 .text.z_early_memcpy
                0x0000000010005f1c        0x4 zephyr/kernel/libkernel.a(init.c.obj)
                0x0000000010005f1c                z_early_memcpy
 .text.idle     0x0000000010005f20       0x16 zephyr/kernel/libkernel.a(idle.c.obj)
                0x0000000010005f20                idle
 .text.z_impl_k_sem_init
                0x0000000010005f36       0x18 zephyr/kernel/libkernel.a(sem.c.obj)
                0x0000000010005f36                z_impl_k_sem_init
 .text.k_is_in_isr
                0x0000000010005f4e        0xc zephyr/kernel/libkernel.a(thread.c.obj)
                0x0000000010005f4e                k_is_in_isr
 .text.z_impl_k_thread_name_set
                0x0000000010005f5a        0x6 zephyr/kernel/libkernel.a(thread.c.obj)
                0x0000000010005f5a                z_impl_k_thread_name_set
 .text.k_thread_name_get
                0x0000000010005f60        0x4 zephyr/kernel/libkernel.a(thread.c.obj)
                0x0000000010005f60                k_thread_name_get
 .text.sys_dlist_remove
                0x0000000010005f64       0x10 zephyr/kernel/libkernel.a(sched.c.obj)
 .text.unpend_thread_no_timeout
                0x0000000010005f74       0x14 zephyr/kernel/libkernel.a(sched.c.obj)
 .text.add_to_waitq_locked
                0x0000000010005f88       0x50 zephyr/kernel/libkernel.a(sched.c.obj)
 .text.z_ready_thread
                0x0000000010005fd8       0x1e zephyr/kernel/libkernel.a(sched.c.obj)
                0x0000000010005fd8                z_ready_thread
 .text.z_unpend_thread_no_timeout
                0x0000000010005ff6       0x22 zephyr/kernel/libkernel.a(sched.c.obj)
                0x0000000010005ff6                z_unpend_thread_no_timeout
 .text.z_sched_wake_thread
                0x0000000010006018       0x3a zephyr/kernel/libkernel.a(sched.c.obj)
                0x0000000010006018                z_sched_wake_thread
 .text.z_thread_timeout
                0x0000000010006052        0x8 zephyr/kernel/libkernel.a(sched.c.obj)
                0x0000000010006052                z_thread_timeout
 .text.z_unpend1_no_timeout
                0x000000001000605a       0x2c zephyr/kernel/libkernel.a(sched.c.obj)
                0x000000001000605a                z_unpend1_no_timeout
 .text.z_impl_k_sleep
                0x0000000010006086       0x50 zephyr/kernel/libkernel.a(sched.c.obj)
                0x0000000010006086                z_impl_k_sleep
 .text.next_timeout
                0x00000000100060d6       0x2e zephyr/kernel/libkernel.a(timeout.c.obj)
 .text.z_abort_timeout
                0x0000000010006104       0x50 zephyr/kernel/libkernel.a(timeout.c.obj)
                0x0000000010006104                z_abort_timeout
 .text.sys_clock_tick_get_32
                0x0000000010006154        0x8 zephyr/kernel/libkernel.a(timeout.c.obj)
                0x0000000010006154                sys_clock_tick_get_32
 .text.z_impl_k_uptime_ticks
                0x000000001000615c        0x4 zephyr/kernel/libkernel.a(timeout.c.obj)
                0x000000001000615c                z_impl_k_uptime_ticks
 .text.k_timer_init
                0x0000000010006160       0x18 zephyr/kernel/libkernel.a(timer.c.obj)
                0x0000000010006160                k_timer_init
 .text.z_impl_k_timer_stop
                0x0000000010006178       0x38 zephyr/kernel/libkernel.a(timer.c.obj)
                0x0000000010006178                z_impl_k_timer_stop
 .text.memcpy   0x00000000100061b0       0x1a /Users/majanyberg/zephyrproject/zephyr-sdk-0.16.6/arm-zephyr-eabi/bin/../lib/gcc/../../picolibc/arm-zephyr-eabi/lib/thumb/v8-m.main/nofp/libc.a(memcpy.c.o)
                0x00000000100061b0                memcpy
                0x00000000100061b0                __aeabi_memcpy
                0x00000000100061b0                __aeabi_memcpy4
                0x00000000100061b0                __aeabi_memcpy8
 .text.memset   0x00000000100061ca       0x10 /Users/majanyberg/zephyrproject/zephyr-sdk-0.16.6/arm-zephyr-eabi/bin/../lib/gcc/../../picolibc/arm-zephyr-eabi/lib/thumb/v8-m.main/nofp/libc.a(memset.c.o)
                0x00000000100061ca                memset
 .text.strnlen  0x00000000100061da       0x18 /Users/majanyberg/zephyrproject/zephyr-sdk-0.16.6/arm-zephyr-eabi/bin/../lib/gcc/../../picolibc/arm-zephyr-eabi/lib/thumb/v8-m.main/nofp/libc.a(libc_string_strnlen.c.o)
                0x00000000100061da                strnlen
 .text.__ultoa_invert
                0x00000000100061f2       0xac /Users/majanyberg/zephyrproject/zephyr-sdk-0.16.6/arm-zephyr-eabi/bin/../lib/gcc/../../picolibc/arm-zephyr-eabi/lib/thumb/v8-m.main/nofp/libc.a(libc_tinystdio_vflprintf.c.o)
 .text.__file_str_put
                0x000000001000629e       0x10 /Users/majanyberg/zephyrproject/zephyr-sdk-0.16.6/arm-zephyr-eabi/bin/../lib/gcc/../../picolibc/arm-zephyr-eabi/lib/thumb/v8-m.main/nofp/libc.a(libc_tinystdio_filestrput.c.o)
                0x000000001000629e                __file_str_put
 *(SORT_BY_ALIGNMENT(.TEXT.*))
 *fill*         0x00000000100062ae        0x2 
 .TEXT.__aeabi_read_tp
                0x00000000100062b0        0xc zephyr/arch/arch/arm/core/cortex_m/libarch__arm__core__cortex_m.a(__aeabi_read_tp.S.obj)
                0x00000000100062b0                __aeabi_read_tp
 *(SORT_BY_ALIGNMENT(.gnu.linkonce.t.*))
 *(SORT_BY_ALIGNMENT(.glue_7t))
 .glue_7t       0x00000000100062bc        0x0 linker stubs
 *(SORT_BY_ALIGNMENT(.glue_7))
 .glue_7        0x00000000100062bc        0x0 linker stubs
 *(SORT_BY_ALIGNMENT(.vfp11_veneer))
 .vfp11_veneer  0x00000000100062bc        0x0 linker stubs
 *(SORT_BY_ALIGNMENT(.v4_bx))
 .v4_bx         0x00000000100062bc        0x0 linker stubs
                0x00000000100062bc                . = ALIGN (0x4)
                0x00000000100062bc                __text_region_end = .

.ARM.exidx      0x00000000100062bc        0x8
                0x00000000100062bc                __exidx_start = .
 *(SORT_BY_ALIGNMENT(.ARM.exidx*) SORT_BY_ALIGNMENT(gnu.linkonce.armexidx.*))
 .ARM.exidx     0x00000000100062bc        0x8 /Users/majanyberg/zephyrproject/zephyr-sdk-0.16.6/arm-zephyr-eabi/bin/../lib/gcc/../../picolibc/arm-zephyr-eabi/lib/thumb/v8-m.main/nofp/libc.a(strlen.S.o)
 .ARM.exidx     0x00000000100062c4        0x0 /Users/majanyberg/zephyrproject/zephyr-sdk-0.16.6/arm-zephyr-eabi/bin/../lib/gcc/arm-zephyr-eabi/12.2.0/thumb/v8-m.main/nofp/libgcc.a(_udivmoddi4.o)
                                          0x8 (size before relaxing)
                0x00000000100062c4                __exidx_end = .
                0x00000000100062c4                __rodata_region_start = .

initlevel       0x00000000100062c4       0x48
                0x00000000100062c4                __init_start = .
                0x00000000100062c4                __init_EARLY_start = .
 *(SORT_BY_NAME(SORT_BY_ALIGNMENT(.z_init_EARLY_P_?_*)))
 *(SORT_BY_NAME(SORT_BY_ALIGNMENT(.z_init_EARLY_P_??_*)))
 *(SORT_BY_NAME(SORT_BY_ALIGNMENT(.z_init_EARLY_P_???_*)))
                0x00000000100062c4                __init_PRE_KERNEL_1_start = .
 *(SORT_BY_NAME(SORT_BY_ALIGNMENT(.z_init_PRE_KERNEL_1_P_?_*)))
 *(SORT_BY_NAME(SORT_BY_ALIGNMENT(.z_init_PRE_KERNEL_1_P_??_*)))
 .z_init_PRE_KERNEL_1_P_30_SUB_00025_
                0x00000000100062c4        0x8 zephyr/drivers/clock_control/libdrivers__clock_control.a(clock_control_rpi_pico.c.obj)
 .z_init_PRE_KERNEL_1_P_35_SUB_00027_
                0x00000000100062cc        0x8 zephyr/drivers/reset/libdrivers__reset.a(reset_rpi_pico.c.obj)
 .z_init_PRE_KERNEL_1_P_50_SUB_00031_
                0x00000000100062d4        0x8 zephyr/drivers/serial/libdrivers__serial.a(uart_pl011.c.obj)
 .z_init_PRE_KERNEL_1_P_60_SUB_0_
                0x00000000100062dc        0x8 zephyr/drivers/console/libdrivers__console.a(uart_console.c.obj)
 *(SORT_BY_NAME(SORT_BY_ALIGNMENT(.z_init_PRE_KERNEL_1_P_???_*)))
                0x00000000100062e4                __init_PRE_KERNEL_2_start = .
 *(SORT_BY_NAME(SORT_BY_ALIGNMENT(.z_init_PRE_KERNEL_2_P_?_*)))
 .z_init_PRE_KERNEL_2_P_0_SUB_0_
                0x00000000100062e4        0x8 zephyr/drivers/timer/libdrivers__timer.a(cortex_m_systick.c.obj)
 *(SORT_BY_NAME(SORT_BY_ALIGNMENT(.z_init_PRE_KERNEL_2_P_??_*)))
 *(SORT_BY_NAME(SORT_BY_ALIGNMENT(.z_init_PRE_KERNEL_2_P_???_*)))
                0x00000000100062ec                __init_POST_KERNEL_start = .
 *(SORT_BY_NAME(SORT_BY_ALIGNMENT(.z_init_POST_KERNEL_P_?_*)))
 .z_init_POST_KERNEL_P_0_SUB_0_
                0x00000000100062ec        0x8 zephyr/libzephyr.a(log_core.c.obj)
 *(SORT_BY_NAME(SORT_BY_ALIGNMENT(.z_init_POST_KERNEL_P_??_*)))
 .z_init_POST_KERNEL_P_35_SUB_0_
                0x00000000100062f4        0x8 zephyr/lib/libc/common/liblib__libc__common.a(malloc.c.obj)
 .z_init_POST_KERNEL_P_40_SUB_00037_
                0x00000000100062fc        0x8 zephyr/drivers/gpio/libdrivers__gpio.a(gpio_rpi_pico.c.obj)
 .z_init_POST_KERNEL_P_90_SUB_00032_
                0x0000000010006304        0x8 app/libapp.a(sensor_node.c.obj)
 *(SORT_BY_NAME(SORT_BY_ALIGNMENT(.z_init_POST_KERNEL_P_???_*)))
                0x000000001000630c                __init_APPLICATION_start = .
 *(SORT_BY_NAME(SORT_BY_ALIGNMENT(.z_init_APPLICATION_P_?_*)))
 *(SORT_BY_NAME(SORT_BY_ALIGNMENT(.z_init_APPLICATION_P_??_*)))
 *(SORT_BY_NAME(SORT_BY_ALIGNMENT(.z_init_APPLICATION_P_???_*)))
                0x000000001000630c                __init_SMP_start = .
 *(SORT_BY_NAME(SORT_BY_ALIGNMENT(.z_init_SMP_P_?_*)))
 *(SORT_BY_NAME(SORT_BY_ALIGNMENT(.z_init_SMP_P_??_*)))
 *(SORT_BY_NAME(SORT_BY_ALIGNMENT(.z_init_SMP_P_???_*)))
                0x000000001000630c                __init_end = .

device_area     0x000000001000630c       0xa0
                0x000000001000630c                _device_list_start = .
 *(SORT_BY_NAME(SORT_BY_ALIGNMENT(._device.static.*_?_*)))
 *(SORT_BY_NAME(SORT_BY_ALIGNMENT(._device.static.*_??_*)))
 ._device.static.1_30_
                0x000000001000630c       0x20 zephyr/drivers/clock_control/libdrivers__clock_control.a(clock_control_rpi_pico.c.obj)
                0x000000001000630c                __device_dts_ord_25
 ._device.static.1_35_
                0x000000001000632c       0x20 zephyr/drivers/reset/libdrivers__reset.a(reset_rpi_pico.c.obj)
                0x000000001000632c                __device_dts_ord_27
 ._device.static.1_50_
                0x000000001000634c       0x20 zephyr/drivers/serial/libdrivers__serial.a(uart_pl011.c.obj)
                0x000000001000634c                __device_dts_ord_31
 ._device.static.3_40_
                0x000000001000636c       0x20 zephyr/drivers/gpio/libdrivers__gpio.a(gpio_rpi_pico.c.obj)
                0x000000001000636c                __device_dts_ord_37
 ._device.static.3_90_
                0x000000001000638c       0x20 app/libapp.a(sensor_node.c.obj)
                0x000000001000638c                __device_dts_ord_32
 *(SORT_BY_NAME(SORT_BY_ALIGNMENT(._device.static.*_???_*)))
 *(SORT_BY_NAME(SORT_BY_ALIGNMENT(._device.static.*_????_*)))
 *(SORT_BY_NAME(SORT_BY_ALIGNMENT(._device.static.*_?????_*)))
                0x00000000100063ac                _device_list_end = .

sw_isr_table    0x00000000100063ac      0x1a0
                0x00000000100063ac                . = ALIGN (0x4)
 *(SORT_BY_ALIGNMENT(.gnu.linkonce.sw_isr_table*))
 .gnu.linkonce.sw_isr_table
                0x00000000100063ac      0x1a0 zephyr/CMakeFiles/zephyr_final.dir/isr_tables.c.obj
                0x00000000100063ac                _sw_isr_table

initlevel_error
                0x00000000100062c4        0x0
 *(SORT_BY_NAME(SORT_BY_ALIGNMENT(.z_init_*)))
                0x0000000000000001                ASSERT ((SIZEOF (initlevel_error) == 0x0), Undefined initialization levels used.)

app_shmem_regions
                0x000000001000654c        0x0
                0x000000001000654c                __app_shmem_regions_start = .
 *(SORT_BY_NAME(SORT_BY_ALIGNMENT(.app_regions.*)))
                0x000000001000654c                __app_shmem_regions_end = .

k_p4wq_initparam_area
                0x000000001000654c        0x0
                0x000000001000654c                _k_p4wq_initparam_list_start = .
 *(SORT_BY_NAME(SORT_BY_ALIGNMENT(._k_p4wq_initparam.static.*)))
                0x000000001000654c                _k_p4wq_initparam_list_end = .

_static_thread_data_area
                0x000000001000654c        0x0
                0x000000001000654c                __static_thread_data_list_start = .
 *(SORT_BY_NAME(SORT_BY_ALIGNMENT(.__static_thread_data.static.*)))
                0x000000001000654c                __static_thread_data_list_end = .

device_deps     0x000000001000654c        0x0
                0x000000001000654c                __device_deps_start = .
 *(SORT_BY_NAME(SORT_BY_ALIGNMENT(.__device_deps_pass2*)))
                0x000000001000654c                __device_deps_end = .

gpio_driver_api_area
                0x000000001000654c       0x24
                0x000000001000654c                _gpio_driver_api_list_start = .
 *(SORT_BY_NAME(SORT_BY_ALIGNMENT(._gpio_driver_api.static.*)))
 ._gpio_driver_api.static.gpio_rpi_driver_api_
                0x000000001000654c       0x24 zephyr/drivers/gpio/libdrivers__gpio.a(gpio_rpi_pico.c.obj)
                0x0000000010006570                _gpio_driver_api_list_end = .

reset_driver_api_area
                0x0000000010006570       0x10
                0x0000000010006570                _reset_driver_api_list_start = .
 *(SORT_BY_NAME(SORT_BY_ALIGNMENT(._reset_driver_api.static.*)))
 ._reset_driver_api.static.reset_rpi_driver_api_
                0x0000000010006570       0x10 zephyr/drivers/reset/libdrivers__reset.a(reset_rpi_pico.c.obj)
                0x0000000010006580                _reset_driver_api_list_end = .

sensor_driver_api_area
                0x0000000010006580        0x0
                0x0000000010006580                _sensor_driver_api_list_start = .
 *(SORT_BY_NAME(SORT_BY_ALIGNMENT(._sensor_driver_api.static.*)))
                0x0000000010006580                _sensor_driver_api_list_end = .

shared_irq_driver_api_area
                0x0000000010006580        0x0
                0x0000000010006580                _shared_irq_driver_api_list_start = .
 *(SORT_BY_NAME(SORT_BY_ALIGNMENT(._shared_irq_driver_api.static.*)))
                0x0000000010006580                _shared_irq_driver_api_list_end = .

crypto_driver_api_area
                0x0000000010006580        0x0
                0x0000000010006580                _crypto_driver_api_list_start = .
 *(SORT_BY_NAME(SORT_BY_ALIGNMENT(._crypto_driver_api.static.*)))
                0x0000000010006580                _crypto_driver_api_list_end = .

adc_driver_api_area
                0x0000000010006580        0x0
                0x0000000010006580                _adc_driver_api_list_start = .
 *(SORT_BY_NAME(SORT_BY_ALIGNMENT(._adc_driver_api.static.*)))
                0x0000000010006580                _adc_driver_api_list_end = .

auxdisplay_driver_api_area
                0x0000000010006580        0x0
                0x0000000010006580                _auxdisplay_driver_api_list_start = .
 *(SORT_BY_NAME(SORT_BY_ALIGNMENT(._auxdisplay_driver_api.static.*)))
                0x0000000010006580                _auxdisplay_driver_api_list_end = .

bbram_driver_api_area
                0x0000000010006580        0x0
                0x0000000010006580                _bbram_driver_api_list_start = .
 *(SORT_BY_NAME(SORT_BY_ALIGNMENT(._bbram_driver_api.static.*)))
                0x0000000010006580                _bbram_driver_api_list_end = .

bt_hci_driver_api_area
                0x0000000010006580        0x0
                0x0000000010006580                _bt_hci_driver_api_list_start = .
 *(SORT_BY_NAME(SORT_BY_ALIGNMENT(._bt_hci_driver_api.static.*)))
                0x0000000010006580                _bt_hci_driver_api_list_end = .

can_driver_api_area
                0x0000000010006580        0x0
                0x0000000010006580                _can_driver_api_list_start = .
 *(SORT_BY_NAME(SORT_BY_ALIGNMENT(._can_driver_api.static.*)))
                0x0000000010006580                _can_driver_api_list_end = .

cellular_driver_api_area
                0x0000000010006580        0x0
                0x0000000010006580                _cellular_driver_api_list_start = .
 *(SORT_BY_NAME(SORT_BY_ALIGNMENT(._cellular_driver_api.static.*)))
                0x0000000010006580                _cellular_driver_api_list_end = .

charger_driver_api_area
                0x0000000010006580        0x0
                0x0000000010006580                _charger_driver_api_list_start = .
 *(SORT_BY_NAME(SORT_BY_ALIGNMENT(._charger_driver_api.static.*)))
                0x0000000010006580                _charger_driver_api_list_end = .

clock_control_driver_api_area
                0x0000000010006580       0x1c
                0x0000000010006580                _clock_control_driver_api_list_start = .
 *(SORT_BY_NAME(SORT_BY_ALIGNMENT(._clock_control_driver_api.static.*)))
 ._clock_control_driver_api.static.clock_control_rpi_pico_api_
                0x0000000010006580       0x1c zephyr/drivers/clock_control/libdrivers__clock_control.a(clock_control_rpi_pico.c.obj)
                0x000000001000659c                _clock_control_driver_api_list_end = .

comparator_driver_api_area
                0x000000001000659c        0x0
                0x000000001000659c                _comparator_driver_api_list_start = .
 *(SORT_BY_NAME(SORT_BY_ALIGNMENT(._comparator_driver_api.static.*)))
                0x000000001000659c                _comparator_driver_api_list_end = .

coredump_driver_api_area
                0x000000001000659c        0x0
                0x000000001000659c                _coredump_driver_api_list_start = .
 *(SORT_BY_NAME(SORT_BY_ALIGNMENT(._coredump_driver_api.static.*)))
                0x000000001000659c                _coredump_driver_api_list_end = .

counter_driver_api_area
                0x000000001000659c        0x0
                0x000000001000659c                _counter_driver_api_list_start = .
 *(SORT_BY_NAME(SORT_BY_ALIGNMENT(._counter_driver_api.static.*)))
                0x000000001000659c                _counter_driver_api_list_end = .

dac_driver_api_area
                0x000000001000659c        0x0
                0x000000001000659c                _dac_driver_api_list_start = .
 *(SORT_BY_NAME(SORT_BY_ALIGNMENT(._dac_driver_api.static.*)))
                0x000000001000659c                _dac_driver_api_list_end = .

dai_driver_api_area
                0x000000001000659c        0x0
                0x000000001000659c                _dai_driver_api_list_start = .
 *(SORT_BY_NAME(SORT_BY_ALIGNMENT(._dai_driver_api.static.*)))
                0x000000001000659c                _dai_driver_api_list_end = .

display_driver_api_area
                0x000000001000659c        0x0
                0x000000001000659c                _display_driver_api_list_start = .
 *(SORT_BY_NAME(SORT_BY_ALIGNMENT(._display_driver_api.static.*)))
                0x000000001000659c                _display_driver_api_list_end = .

dma_driver_api_area
                0x000000001000659c        0x0
                0x000000001000659c                _dma_driver_api_list_start = .
 *(SORT_BY_NAME(SORT_BY_ALIGNMENT(._dma_driver_api.static.*)))
                0x000000001000659c                _dma_driver_api_list_end = .

edac_driver_api_area
                0x000000001000659c        0x0
                0x000000001000659c                _edac_driver_api_list_start = .
 *(SORT_BY_NAME(SORT_BY_ALIGNMENT(._edac_driver_api.static.*)))
                0x000000001000659c                _edac_driver_api_list_end = .

eeprom_driver_api_area
                0x000000001000659c        0x0
                0x000000001000659c                _eeprom_driver_api_list_start = .
 *(SORT_BY_NAME(SORT_BY_ALIGNMENT(._eeprom_driver_api.static.*)))
                0x000000001000659c                _eeprom_driver_api_list_end = .

emul_bbram_driver_api_area
                0x000000001000659c        0x0
                0x000000001000659c                _emul_bbram_driver_api_list_start = .
 *(SORT_BY_NAME(SORT_BY_ALIGNMENT(._emul_bbram_driver_api.static.*)))
                0x000000001000659c                _emul_bbram_driver_api_list_end = .

fuel_gauge_emul_driver_api_area
                0x000000001000659c        0x0
                0x000000001000659c                _fuel_gauge_emul_driver_api_list_start = .
 *(SORT_BY_NAME(SORT_BY_ALIGNMENT(._fuel_gauge_emul_driver_api.static.*)))
                0x000000001000659c                _fuel_gauge_emul_driver_api_list_end = .

emul_sensor_driver_api_area
                0x000000001000659c        0x0
                0x000000001000659c                _emul_sensor_driver_api_list_start = .
 *(SORT_BY_NAME(SORT_BY_ALIGNMENT(._emul_sensor_driver_api.static.*)))
                0x000000001000659c                _emul_sensor_driver_api_list_end = .

entropy_driver_api_area
                0x000000001000659c        0x0
                0x000000001000659c                _entropy_driver_api_list_start = .
 *(SORT_BY_NAME(SORT_BY_ALIGNMENT(._entropy_driver_api.static.*)))
                0x000000001000659c                _entropy_driver_api_list_end = .

espi_driver_api_area
                0x000000001000659c        0x0
                0x000000001000659c                _espi_driver_api_list_start = .
 *(SORT_BY_NAME(SORT_BY_ALIGNMENT(._espi_driver_api.static.*)))
                0x000000001000659c                _espi_driver_api_list_end = .

espi_saf_driver_api_area
                0x000000001000659c        0x0
                0x000000001000659c                _espi_saf_driver_api_list_start = .
 *(SORT_BY_NAME(SORT_BY_ALIGNMENT(._espi_saf_driver_api.static.*)))
                0x000000001000659c                _espi_saf_driver_api_list_end = .

flash_driver_api_area
                0x000000001000659c        0x0
                0x000000001000659c                _flash_driver_api_list_start = .
 *(SORT_BY_NAME(SORT_BY_ALIGNMENT(._flash_driver_api.static.*)))
                0x000000001000659c                _flash_driver_api_list_end = .

fpga_driver_api_area
                0x000000001000659c        0x0
                0x000000001000659c                _fpga_driver_api_list_start = .
 *(SORT_BY_NAME(SORT_BY_ALIGNMENT(._fpga_driver_api.static.*)))
                0x000000001000659c                _fpga_driver_api_list_end = .

fuel_gauge_driver_api_area
                0x000000001000659c        0x0
                0x000000001000659c                _fuel_gauge_driver_api_list_start = .
 *(SORT_BY_NAME(SORT_BY_ALIGNMENT(._fuel_gauge_driver_api.static.*)))
                0x000000001000659c                _fuel_gauge_driver_api_list_end = .

gnss_driver_api_area
                0x000000001000659c        0x0
                0x000000001000659c                _gnss_driver_api_list_start = .
 *(SORT_BY_NAME(SORT_BY_ALIGNMENT(._gnss_driver_api.static.*)))
                0x000000001000659c                _gnss_driver_api_list_end = .

haptics_driver_api_area
                0x000000001000659c        0x0
                0x000000001000659c                _haptics_driver_api_list_start = .
 *(SORT_BY_NAME(SORT_BY_ALIGNMENT(._haptics_driver_api.static.*)))
                0x000000001000659c                _haptics_driver_api_list_end = .

hwspinlock_driver_api_area
                0x000000001000659c        0x0
                0x000000001000659c                _hwspinlock_driver_api_list_start = .
 *(SORT_BY_NAME(SORT_BY_ALIGNMENT(._hwspinlock_driver_api.static.*)))
                0x000000001000659c                _hwspinlock_driver_api_list_end = .

i2c_driver_api_area
                0x000000001000659c        0x0
                0x000000001000659c                _i2c_driver_api_list_start = .
 *(SORT_BY_NAME(SORT_BY_ALIGNMENT(._i2c_driver_api.static.*)))
                0x000000001000659c                _i2c_driver_api_list_end = .

i2c_target_driver_api_area
                0x000000001000659c        0x0
                0x000000001000659c                _i2c_target_driver_api_list_start = .
 *(SORT_BY_NAME(SORT_BY_ALIGNMENT(._i2c_target_driver_api.static.*)))
                0x000000001000659c                _i2c_target_driver_api_list_end = .

i2s_driver_api_area
                0x000000001000659c        0x0
                0x000000001000659c                _i2s_driver_api_list_start = .
 *(SORT_BY_NAME(SORT_BY_ALIGNMENT(._i2s_driver_api.static.*)))
                0x000000001000659c                _i2s_driver_api_list_end = .

i3c_driver_api_area
                0x000000001000659c        0x0
                0x000000001000659c                _i3c_driver_api_list_start = .
 *(SORT_BY_NAME(SORT_BY_ALIGNMENT(._i3c_driver_api.static.*)))
                0x000000001000659c                _i3c_driver_api_list_end = .

ipm_driver_api_area
                0x000000001000659c        0x0
                0x000000001000659c                _ipm_driver_api_list_start = .
 *(SORT_BY_NAME(SORT_BY_ALIGNMENT(._ipm_driver_api.static.*)))
                0x000000001000659c                _ipm_driver_api_list_end = .

led_driver_api_area
                0x000000001000659c        0x0
                0x000000001000659c                _led_driver_api_list_start = .
 *(SORT_BY_NAME(SORT_BY_ALIGNMENT(._led_driver_api.static.*)))
                0x000000001000659c                _led_driver_api_list_end = .

led_strip_driver_api_area
                0x000000001000659c        0x0
                0x000000001000659c                _led_strip_driver_api_list_start = .
 *(SORT_BY_NAME(SORT_BY_ALIGNMENT(._led_strip_driver_api.static.*)))
                0x000000001000659c                _led_strip_driver_api_list_end = .

lora_driver_api_area
                0x000000001000659c        0x0
                0x000000001000659c                _lora_driver_api_list_start = .
 *(SORT_BY_NAME(SORT_BY_ALIGNMENT(._lora_driver_api.static.*)))
                0x000000001000659c                _lora_driver_api_list_end = .

mbox_driver_api_area
                0x000000001000659c        0x0
                0x000000001000659c                _mbox_driver_api_list_start = .
 *(SORT_BY_NAME(SORT_BY_ALIGNMENT(._mbox_driver_api.static.*)))
                0x000000001000659c                _mbox_driver_api_list_end = .

mdio_driver_api_area
                0x000000001000659c        0x0
                0x000000001000659c                _mdio_driver_api_list_start = .
 *(SORT_BY_NAME(SORT_BY_ALIGNMENT(._mdio_driver_api.static.*)))
                0x000000001000659c                _mdio_driver_api_list_end = .

mipi_dbi_driver_api_area
                0x000000001000659c        0x0
                0x000000001000659c                _mipi_dbi_driver_api_list_start = .
 *(SORT_BY_NAME(SORT_BY_ALIGNMENT(._mipi_dbi_driver_api.static.*)))
                0x000000001000659c                _mipi_dbi_driver_api_list_end = .

mipi_dsi_driver_api_area
                0x000000001000659c        0x0
                0x000000001000659c                _mipi_dsi_driver_api_list_start = .
 *(SORT_BY_NAME(SORT_BY_ALIGNMENT(._mipi_dsi_driver_api.static.*)))
                0x000000001000659c                _mipi_dsi_driver_api_list_end = .

mspi_driver_api_area
                0x000000001000659c        0x0
                0x000000001000659c                _mspi_driver_api_list_start = .
 *(SORT_BY_NAME(SORT_BY_ALIGNMENT(._mspi_driver_api.static.*)))
                0x000000001000659c                _mspi_driver_api_list_end = .

peci_driver_api_area
                0x000000001000659c        0x0
                0x000000001000659c                _peci_driver_api_list_start = .
 *(SORT_BY_NAME(SORT_BY_ALIGNMENT(._peci_driver_api.static.*)))
                0x000000001000659c                _peci_driver_api_list_end = .

ps2_driver_api_area
                0x000000001000659c        0x0
                0x000000001000659c                _ps2_driver_api_list_start = .
 *(SORT_BY_NAME(SORT_BY_ALIGNMENT(._ps2_driver_api.static.*)))
                0x000000001000659c                _ps2_driver_api_list_end = .

ptp_clock_driver_api_area
                0x000000001000659c        0x0
                0x000000001000659c                _ptp_clock_driver_api_list_start = .
 *(SORT_BY_NAME(SORT_BY_ALIGNMENT(._ptp_clock_driver_api.static.*)))
                0x000000001000659c                _ptp_clock_driver_api_list_end = .

pwm_driver_api_area
                0x000000001000659c        0x0
                0x000000001000659c                _pwm_driver_api_list_start = .
 *(SORT_BY_NAME(SORT_BY_ALIGNMENT(._pwm_driver_api.static.*)))
                0x000000001000659c                _pwm_driver_api_list_end = .

regulator_parent_driver_api_area
                0x000000001000659c        0x0
                0x000000001000659c                _regulator_parent_driver_api_list_start = .
 *(SORT_BY_NAME(SORT_BY_ALIGNMENT(._regulator_parent_driver_api.static.*)))
                0x000000001000659c                _regulator_parent_driver_api_list_end = .

regulator_driver_api_area
                0x000000001000659c        0x0
                0x000000001000659c                _regulator_driver_api_list_start = .
 *(SORT_BY_NAME(SORT_BY_ALIGNMENT(._regulator_driver_api.static.*)))
                0x000000001000659c                _regulator_driver_api_list_end = .

retained_mem_driver_api_area
                0x000000001000659c        0x0
                0x000000001000659c                _retained_mem_driver_api_list_start = .
 *(SORT_BY_NAME(SORT_BY_ALIGNMENT(._retained_mem_driver_api.static.*)))
                0x000000001000659c                _retained_mem_driver_api_list_end = .

rtc_driver_api_area
                0x000000001000659c        0x0
                0x000000001000659c                _rtc_driver_api_list_start = .
 *(SORT_BY_NAME(SORT_BY_ALIGNMENT(._rtc_driver_api.static.*)))
                0x000000001000659c                _rtc_driver_api_list_end = .

sdhc_driver_api_area
                0x000000001000659c        0x0
                0x000000001000659c                _sdhc_driver_api_list_start = .
 *(SORT_BY_NAME(SORT_BY_ALIGNMENT(._sdhc_driver_api.static.*)))
                0x000000001000659c                _sdhc_driver_api_list_end = .

smbus_driver_api_area
                0x000000001000659c        0x0
                0x000000001000659c                _smbus_driver_api_list_start = .
 *(SORT_BY_NAME(SORT_BY_ALIGNMENT(._smbus_driver_api.static.*)))
                0x000000001000659c                _smbus_driver_api_list_end = .

spi_driver_api_area
                0x000000001000659c        0x0
                0x000000001000659c                _spi_driver_api_list_start = .
 *(SORT_BY_NAME(SORT_BY_ALIGNMENT(._spi_driver_api.static.*)))
                0x000000001000659c                _spi_driver_api_list_end = .

stepper_driver_api_area
                0x000000001000659c        0x0
                0x000000001000659c                _stepper_driver_api_list_start = .
 *(SORT_BY_NAME(SORT_BY_ALIGNMENT(._stepper_driver_api.static.*)))
                0x000000001000659c                _stepper_driver_api_list_end = .

syscon_driver_api_area
                0x000000001000659c        0x0
                0x000000001000659c                _syscon_driver_api_list_start = .
 *(SORT_BY_NAME(SORT_BY_ALIGNMENT(._syscon_driver_api.static.*)))
                0x000000001000659c                _syscon_driver_api_list_end = .

tee_driver_api_area
                0x000000001000659c        0x0
                0x000000001000659c                _tee_driver_api_list_start = .
 *(SORT_BY_NAME(SORT_BY_ALIGNMENT(._tee_driver_api.static.*)))
                0x000000001000659c                _tee_driver_api_list_end = .

video_driver_api_area
                0x000000001000659c        0x0
                0x000000001000659c                _video_driver_api_list_start = .
 *(SORT_BY_NAME(SORT_BY_ALIGNMENT(._video_driver_api.static.*)))
                0x000000001000659c                _video_driver_api_list_end = .

virtio_driver_api_area
                0x000000001000659c        0x0
                0x000000001000659c                _virtio_driver_api_list_start = .
 *(SORT_BY_NAME(SORT_BY_ALIGNMENT(._virtio_driver_api.static.*)))
                0x000000001000659c                _virtio_driver_api_list_end = .

w1_driver_api_area
                0x000000001000659c        0x0
                0x000000001000659c                _w1_driver_api_list_start = .
 *(SORT_BY_NAME(SORT_BY_ALIGNMENT(._w1_driver_api.static.*)))
                0x000000001000659c                _w1_driver_api_list_end = .

wdt_driver_api_area
                0x000000001000659c        0x0
                0x000000001000659c                _wdt_driver_api_list_start = .
 *(SORT_BY_NAME(SORT_BY_ALIGNMENT(._wdt_driver_api.static.*)))
                0x000000001000659c                _wdt_driver_api_list_end = .

can_transceiver_driver_api_area
                0x000000001000659c        0x0
                0x000000001000659c                _can_transceiver_driver_api_list_start = .
 *(SORT_BY_NAME(SORT_BY_ALIGNMENT(._can_transceiver_driver_api.static.*)))
                0x000000001000659c                _can_transceiver_driver_api_list_end = .

nrf_clock_control_driver_api_area
                0x000000001000659c        0x0
                0x000000001000659c                _nrf_clock_control_driver_api_list_start = .
 *(SORT_BY_NAME(SORT_BY_ALIGNMENT(._nrf_clock_control_driver_api.static.*)))
                0x000000001000659c                _nrf_clock_control_driver_api_list_end = .

i3c_target_driver_api_area
                0x000000001000659c        0x0
                0x000000001000659c                _i3c_target_driver_api_list_start = .
 *(SORT_BY_NAME(SORT_BY_ALIGNMENT(._i3c_target_driver_api.static.*)))
                0x000000001000659c                _i3c_target_driver_api_list_end = .

its_driver_api_area
                0x000000001000659c        0x0
                0x000000001000659c                _its_driver_api_list_start = .
 *(SORT_BY_NAME(SORT_BY_ALIGNMENT(._its_driver_api.static.*)))
                0x000000001000659c                _its_driver_api_list_end = .

vtd_driver_api_area
                0x000000001000659c        0x0
                0x000000001000659c                _vtd_driver_api_list_start = .
 *(SORT_BY_NAME(SORT_BY_ALIGNMENT(._vtd_driver_api.static.*)))
                0x000000001000659c                _vtd_driver_api_list_end = .

renesas_elc_driver_api_area
                0x000000001000659c        0x0
                0x000000001000659c                _renesas_elc_driver_api_list_start = .
 *(SORT_BY_NAME(SORT_BY_ALIGNMENT(._renesas_elc_driver_api.static.*)))
                0x000000001000659c                _renesas_elc_driver_api_list_end = .

tgpio_driver_api_area
                0x000000001000659c        0x0
                0x000000001000659c                _tgpio_driver_api_list_start = .
 *(SORT_BY_NAME(SORT_BY_ALIGNMENT(._tgpio_driver_api.static.*)))
                0x000000001000659c                _tgpio_driver_api_list_end = .

pcie_ctrl_driver_api_area
                0x000000001000659c        0x0
                0x000000001000659c                _pcie_ctrl_driver_api_list_start = .
 *(SORT_BY_NAME(SORT_BY_ALIGNMENT(._pcie_ctrl_driver_api.static.*)))
                0x000000001000659c                _pcie_ctrl_driver_api_list_end = .

pcie_ep_driver_api_area
                0x000000001000659c        0x0
                0x000000001000659c                _pcie_ep_driver_api_list_start = .
 *(SORT_BY_NAME(SORT_BY_ALIGNMENT(._pcie_ep_driver_api.static.*)))
                0x000000001000659c                _pcie_ep_driver_api_list_end = .

psi5_driver_api_area
                0x000000001000659c        0x0
                0x000000001000659c                _psi5_driver_api_list_start = .
 *(SORT_BY_NAME(SORT_BY_ALIGNMENT(._psi5_driver_api.static.*)))
                0x000000001000659c                _psi5_driver_api_list_end = .

sent_driver_api_area
                0x000000001000659c        0x0
                0x000000001000659c                _sent_driver_api_list_start = .
 *(SORT_BY_NAME(SORT_BY_ALIGNMENT(._sent_driver_api.static.*)))
                0x000000001000659c                _sent_driver_api_list_end = .

svc_driver_api_area
                0x000000001000659c        0x0
                0x000000001000659c                _svc_driver_api_list_start = .
 *(SORT_BY_NAME(SORT_BY_ALIGNMENT(._svc_driver_api.static.*)))
                0x000000001000659c                _svc_driver_api_list_end = .

uart_driver_api_area
                0x000000001000659c       0x4c
                0x000000001000659c                _uart_driver_api_list_start = .
 *(SORT_BY_NAME(SORT_BY_ALIGNMENT(._uart_driver_api.static.*)))
 ._uart_driver_api.static.pl011_driver_api_
                0x000000001000659c       0x4c zephyr/drivers/serial/libdrivers__serial.a(uart_pl011.c.obj)
                0x00000000100065e8                _uart_driver_api_list_end = .

bc12_emul_driver_api_area
                0x00000000100065e8        0x0
                0x00000000100065e8                _bc12_emul_driver_api_list_start = .
 *(SORT_BY_NAME(SORT_BY_ALIGNMENT(._bc12_emul_driver_api.static.*)))
                0x00000000100065e8                _bc12_emul_driver_api_list_end = .

bc12_driver_api_area
                0x00000000100065e8        0x0
                0x00000000100065e8                _bc12_driver_api_list_start = .
 *(SORT_BY_NAME(SORT_BY_ALIGNMENT(._bc12_driver_api.static.*)))
                0x00000000100065e8                _bc12_driver_api_list_end = .

usbc_ppc_driver_api_area
                0x00000000100065e8        0x0
                0x00000000100065e8                _usbc_ppc_driver_api_list_start = .
 *(SORT_BY_NAME(SORT_BY_ALIGNMENT(._usbc_ppc_driver_api.static.*)))
                0x00000000100065e8                _usbc_ppc_driver_api_list_end = .

tcpc_driver_api_area
                0x00000000100065e8        0x0
                0x00000000100065e8                _tcpc_driver_api_list_start = .
 *(SORT_BY_NAME(SORT_BY_ALIGNMENT(._tcpc_driver_api.static.*)))
                0x00000000100065e8                _tcpc_driver_api_list_end = .

usbc_vbus_driver_api_area
                0x00000000100065e8        0x0
                0x00000000100065e8                _usbc_vbus_driver_api_list_start = .
 *(SORT_BY_NAME(SORT_BY_ALIGNMENT(._usbc_vbus_driver_api.static.*)))
                0x00000000100065e8                _usbc_vbus_driver_api_list_end = .

ivshmem_driver_api_area
                0x00000000100065e8        0x0
                0x00000000100065e8                _ivshmem_driver_api_list_start = .
 *(SORT_BY_NAME(SORT_BY_ALIGNMENT(._ivshmem_driver_api.static.*)))
                0x00000000100065e8                _ivshmem_driver_api_list_end = .

ethphy_driver_api_area
                0x00000000100065e8        0x0
                0x00000000100065e8                _ethphy_driver_api_list_start = .
 *(SORT_BY_NAME(SORT_BY_ALIGNMENT(._ethphy_driver_api.static.*)))
                0x00000000100065e8                _ethphy_driver_api_list_end = .

ztest           0x00000000100065e8        0x0
                0x00000000100065e8                _ztest_expected_result_entry_list_start = .
 *(SORT_BY_NAME(SORT_BY_ALIGNMENT(._ztest_expected_result_entry.static.*)))
                0x00000000100065e8                _ztest_expected_result_entry_list_end = .
                0x00000000100065e8                _ztest_suite_node_list_start = .
 *(SORT_BY_NAME(SORT_BY_ALIGNMENT(._ztest_suite_node.static.*)))
                0x00000000100065e8                _ztest_suite_node_list_end = .
                0x00000000100065e8                _ztest_unit_test_list_start = .
 *(SORT_BY_NAME(SORT_BY_ALIGNMENT(._ztest_unit_test.static.*)))
                0x00000000100065e8                _ztest_unit_test_list_end = .
                0x00000000100065e8                _ztest_test_rule_list_start = .
 *(SORT_BY_NAME(SORT_BY_ALIGNMENT(._ztest_test_rule.static.*)))
                0x00000000100065e8                _ztest_test_rule_list_end = .

init_array      0x00000000100065e8        0x0
                0x00000000100065e8                __zephyr_init_array_start = .
 *(SORT_BY_INIT_PRIORITY(.init_array.*) SORT_BY_INIT_PRIORITY(.ctors.*))
 *(SORT_BY_ALIGNMENT(.init_array) SORT_BY_ALIGNMENT(.ctors))
                0x00000000100065e8                __zephyr_init_array_end = .
                0x0000000000000001                ASSERT ((__zephyr_init_array_start == __zephyr_init_array_end), GNU-style constructors required but STATIC_INIT_GNU not enabled)

bt_l2cap_fixed_chan_area
                0x00000000100065e8        0x0
                0x00000000100065e8                _bt_l2cap_fixed_chan_list_start = .
 *(SORT_BY_NAME(SORT_BY_ALIGNMENT(._bt_l2cap_fixed_chan.static.*)))
                0x00000000100065e8                _bt_l2cap_fixed_chan_list_end = .

bt_gatt_service_static_area
                0x00000000100065e8        0x0
                0x00000000100065e8                _bt_gatt_service_static_list_start = .
 *(SORT_BY_NAME(SORT_BY_ALIGNMENT(._bt_gatt_service_static.static.*)))
                0x00000000100065e8                _bt_gatt_service_static_list_end = .

log_strings_area
                0x00000000100065e8        0x0
                0x00000000100065e8                _log_strings_list_start = .
 *(SORT_BY_NAME(SORT_BY_ALIGNMENT(._log_strings.static.*)))
                0x00000000100065e8                _log_strings_list_end = .

log_stmesp_ptr_area
                0x00000000100065e8        0x0
                0x00000000100065e8                _log_stmesp_ptr_list_start = .
 *(SORT_BY_NAME(SORT_BY_ALIGNMENT(._log_stmesp_ptr.static.*)))
                0x00000000100065e8                _log_stmesp_ptr_list_end = .

log_stmesp_str_area
                0x00000000100065e8        0x0
                0x00000000100065e8                _log_stmesp_str_list_start = .
 *(SORT_BY_NAME(SORT_BY_ALIGNMENT(._log_stmesp_str.static.*)))
                0x00000000100065e8                _log_stmesp_str_list_end = .

log_const_area  0x00000000100065e8       0x40
                0x00000000100065e8                _log_const_list_start = .
 *(SORT_BY_NAME(SORT_BY_ALIGNMENT(._log_const.static.*)))
 ._log_const.static.log_const_cbprintf_package_
                0x00000000100065e8        0x8 zephyr/libzephyr.a(cbprintf_packaged.c.obj)
                0x00000000100065e8                log_const_cbprintf_package
 ._log_const.static.log_const_log_
                0x00000000100065f0        0x8 zephyr/libzephyr.a(log_core.c.obj)
                0x00000000100065f0                log_const_log
 ._log_const.static.log_const_log_mgmt_
                0x00000000100065f8        0x8 zephyr/libzephyr.a(log_mgmt.c.obj)
                0x00000000100065f8                log_const_log_mgmt
 ._log_const.static.log_const_log_uart_
                0x0000000010006600        0x8 zephyr/libzephyr.a(log_backend_uart.c.obj)
                0x0000000010006600                log_const_log_uart
 ._log_const.static.log_const_main_
                0x0000000010006608        0x8 app/libapp.a(main.c.obj)
                0x0000000010006608                log_const_main
 ._log_const.static.log_const_os_
                0x0000000010006610        0x8 zephyr/kernel/libkernel.a(init.c.obj)
                0x0000000010006610                log_const_os
 ._log_const.static.log_const_sensor_node_
                0x0000000010006618        0x8 app/libapp.a(sensor_node.c.obj)
                0x0000000010006618                log_const_sensor_node
 ._log_const.static.log_const_soc_
                0x0000000010006620        0x8 zephyr/libzephyr.a(soc.c.obj)
                0x0000000010006620                log_const_soc
                0x0000000010006628                _log_const_list_end = .

log_backend_area
                0x0000000010006628       0x10
                0x0000000010006628                _log_backend_list_start = .
 *(SORT_BY_NAME(SORT_BY_ALIGNMENT(._log_backend.static.*)))
 ._log_backend.static.log_backend_uart_
                0x0000000010006628       0x10 zephyr/libzephyr.a(log_backend_uart.c.obj)
                0x0000000010006638                _log_backend_list_end = .

log_link_area   0x0000000010006638        0x0
                0x0000000010006638                _log_link_list_start = .
 *(SORT_BY_NAME(SORT_BY_ALIGNMENT(._log_link.static.*)))