Archive member included to satisfy reference by file (symbol)

app/libapp.a(main.c.obj)      (--whole-archive)
app/libapp.a(sensor_node.c.obj)
                              (--whole-archive)
zephyr/libzephyr.a(validate_libc.c.obj)
                              (--whole-archive)
zephyr/libzephyr.a(heap.c.obj)
                              (--whole-archive)
zephyr/libzephyr.a(boot_banner.c.obj)
                              (--whole-archive)
zephyr/libzephyr.a(cbprintf_packaged.c.obj)
                              (--whole-archive)
zephyr/libzephyr.a(clock.c.obj)
                              (--whole-archive)
zephyr/libzephyr.a(printk.c.obj)
                              (--whole-archive)
zephyr/libzephyr.a(cbprintf_complete.c.obj)
                              (--whole-archive)
zephyr/libzephyr.a(assert.c.obj)
                              (--whole-archive)
zephyr/libzephyr.a(mpsc_pbuf.c.obj)
                              (--whole-archive)
zephyr/libzephyr.a(dec.c.obj)
                              (--whole-archive)
zephyr/libzephyr.a(hex.c.obj)
                              (--whole-archive)
zephyr/libzephyr.a(rb.c.obj)  (--whole-archive)
zephyr/libzephyr.a(set.c.obj)
                              (--whole-archive)
zephyr/libzephyr.a(timeutil.c.obj)
                              (--whole-archive)
zephyr/libzephyr.a(bitarray.c.obj)
                              (--whole-archive)
zephyr/libzephyr.a(bitmask.c.obj)
                              (--whole-archive)
zephyr/libzephyr.a(getopt.c.obj)
                              (--whole-archive)
zephyr/libzephyr.a(getopt_common.c.obj)
                              (--whole-archive)
zephyr/libzephyr.a(ring_buffer.c.obj)
                              (--whole-archive)
zephyr/libzephyr.a(last_section_id.c.obj)
                              (--whole-archive)
zephyr/libzephyr.a(configs.c.obj)
                              (--whole-archive)
zephyr/libzephyr.a(soc.c.obj)
                              (--whole-archive)
zephyr/libzephyr.a(log_core.c.obj)
                              (--whole-archive)
zephyr/libzephyr.a(log_mgmt.c.obj)
                              (--whole-archive)
zephyr/libzephyr.a(log_cache.c.obj)
                              (--whole-archive)
zephyr/libzephyr.a(log_msg.c.obj)
                              (--whole-archive)
zephyr/libzephyr.a(log_output.c.obj)
                              (--whole-archive)
zephyr/libzephyr.a(log_backend_uart.c.obj)
                              (--whole-archive)
zephyr/libzephyr.a(tracing_none.c.obj)
                              (--whole-archive)
zephyr/libzephyr.a(usb_device.c.obj)
                              (--whole-archive)
zephyr/libzephyr.a(usb_descriptor.c.obj)
                              (--whole-archive)
zephyr/libzephyr.a(usb_transfer.c.obj)
                              (--whole-archive)
zephyr/libzephyr.a(cdc_acm.c.obj)
                              (--whole-archive)
zephyr/libzephyr.a(usb_work_q.c.obj)
                              (--whole-archive)
zephyr/libzephyr.a(sem.c.obj)
                              (--whole-archive)
zephyr/libzephyr.a(thread_entry.c.obj)
                              (--whole-archive)
zephyr/arch/common/libarch__common.a(sw_isr_common.c.obj)
                              (--whole-archive)
zephyr/arch/common/libarch__common.a(init.c.obj)
                              (--whole-archive)
zephyr/arch/common/libarch__common.a(xip.c.obj)
                              (--whole-archive)
zephyr/arch/arch/arm/core/libarch__arm__core.a(fatal.c.obj)
                              (--whole-archive)
zephyr/arch/arch/arm/core/libarch__arm__core.a(nmi.c.obj)
                              (--whole-archive)
zephyr/arch/arch/arm/core/libarch__arm__core.a(nmi_on_reset.S.obj)
                              (--whole-archive)
zephyr/arch/arch/arm/core/libarch__arm__core.a(tls.c.obj)
                              (--whole-archive)
zephyr/arch/arch/arm/core/cortex_m/libarch__arm__core__cortex_m.a(fault.c.obj)
                              (--whole-archive)
zephyr/arch/arch/arm/core/cortex_m/libarch__arm__core__cortex_m.a(fault_s.S.obj)
                              (--whole-archive)
zephyr/arch/arch/arm/core/cortex_m/libarch__arm__core__cortex_m.a(fpu.c.obj)
                              (--whole-archive)
zephyr/arch/arch/arm/core/cortex_m/libarch__arm__core__cortex_m.a(reset.S.obj)
                              (--whole-archive)
zephyr/arch/arch/arm/core/cortex_m/libarch__arm__core__cortex_m.a(scb.c.obj)
                              (--whole-archive)
zephyr/arch/arch/arm/core/cortex_m/libarch__arm__core__cortex_m.a(vector_table.S.obj)
                              (--whole-archive)
zephyr/arch/arch/arm/core/cortex_m/libarch__arm__core__cortex_m.a(svc.S.obj)
                              (--whole-archive)
zephyr/arch/arch/arm/core/cortex_m/libarch__arm__core__cortex_m.a(irq_manage.c.obj)
                              (--whole-archive)
[...]
Memory Configuration

Name             Origin             Length             Attributes
FLASH            0x10000000         0x00400000         xr
RAM              0x20000000         0x00082000         xw
IDT_LIST         0xffff7fff         0x00008000         xw
*default*        0x00000000         0xffffffff

Linker script and memory map

                0x100069e4                        vfprintf = __l_vfprintf
                0x00000000                        vfscanf = __l_vfscanf
LOAD zephyr/CMakeFiles/zephyr_final.dir/misc/empty_file.c.obj
LOAD zephyr/CMakeFiles/zephyr_final.dir/isr_tables.c.obj
LOAD zephyr/CMakeFiles/offsets.dir/./arch/arm/core/offsets/offsets.c.obj
LOAD app/libapp.a
LOAD zephyr/libzephyr.a
LOAD zephyr/arch/common/libarch__common.a
LOAD zephyr/arch/arch/arm/core/libarch__arm__core.a
LOAD zephyr/arch/arch/arm/core/cortex_m/libarch__arm__core__cortex_m.a
LOAD zephyr/arch/arch/arm/core/cortex_m/cmse/libarch__arm__core__cortex_m__cmse.a
LOAD zephyr/lib/libc/picolibc/liblib__libc__picolibc.a
LOAD zephyr/lib/libc/common/liblib__libc__common.a
LOAD zephyr/soc/soc/rp2350a/rp2350/libsoc__raspberrypi__rpi_pico__rp2350.a
LOAD zephyr/subsys/portability/posix/c_lib_ext/libsubsys__portability__posix__c_lib_ext.a
LOAD zephyr/drivers/usb/device/libdrivers__usb__device.a
LOAD zephyr/drivers/clock_control/libdrivers__clock_control.a
LOAD zephyr/drivers/console/libdrivers__console.a
LOAD zephyr/drivers/gpio/libdrivers__gpio.a
LOAD zephyr/drivers/hwinfo/libdrivers__hwinfo.a
LOAD zephyr/drivers/pinctrl/libdrivers__pinctrl.a
LOAD zephyr/drivers/reset/libdrivers__reset.a
LOAD zephyr/drivers/serial/libdrivers__serial.a
LOAD zephyr/drivers/timer/libdrivers__timer.a
LOAD modules/hal_rpi_pico/libmodules__hal_rpi_pico.a
LOAD zephyr/kernel/libkernel.a
LOAD zephyr/arch/common/libisr_tables.a
LOAD C:/Users/20958/Downloads/zephyr-sdk-1.0.1_windows-x86_64_minimal/zephyr-sdk-1.0.1/gnu/arm-zephyr-eabi/bin/../lib/gcc/arm-zephyr-eabi/14.3.0/../../../../arm-zephyr-eabi/lib/thumb/v8-m.main/nofp/space\libc.a
LOAD C:/Users/20958/Downloads/zephyr-sdk-1.0.1_windows-x86_64_minimal/zephyr-sdk-1.0.1/gnu/arm-zephyr-eabi/bin/../lib/gcc/arm-zephyr-eabi/14.3.0/thumb/v8-m.main/nofp/space\libgcc.a
                0x00000004                        _region_min_align = 0x4

.rel.plt        0x10000000        0x0
 *(SORT_BY_ALIGNMENT(.rel.plt))
                [!provide]                        PROVIDE (__rel_iplt_start = .)
 *(SORT_BY_ALIGNMENT(.rel.iplt))
 .rel.iplt      0x10000000        0x0 zephyr/CMakeFiles/zephyr_final.dir/isr_tables.c.obj
                [!provide]                        PROVIDE (__rel_iplt_end = .)

.rela.plt       0x00000000        0x0
 *(SORT_BY_ALIGNMENT(.rela.plt))
                [!provide]                        PROVIDE (__rela_iplt_start = .)
 *(SORT_BY_ALIGNMENT(.rela.iplt))
                [!provide]                        PROVIDE (__rela_iplt_end = .)

.rel.dyn
 *(SORT_BY_ALIGNMENT(.rel.*))

.rela.dyn
 *(SORT_BY_ALIGNMENT(.rela.*))

/DISCARD/
 *(SORT_BY_ALIGNMENT(.plt))

/DISCARD/
 *(SORT_BY_ALIGNMENT(.iplt))
                0x10000000                        __rom_region_start = 0x10000000

rom_start       0x10000000      0x12c
                0x10000000                        __rom_start_address = .
 FILL mask 0x00
                0x10000000                        . = (. + (0x0 - (. - __rom_start_address)))
                0x10000000                        . = ALIGN (0x4)
                0x10000000                        . = ALIGN (0x80)
                0x10000000                        . = ALIGN (0x200)
                0x10000000                        _vector_start = .
 *(SORT_BY_ALIGNMENT(.exc_vector_table))
 *(SORT_BY_ALIGNMENT(.exc_vector_table.*))
 .exc_vector_table._vector_table_section
                0x10000000       0x40 zephyr/arch/arch/arm/core/cortex_m/libarch__arm__core__cortex_m.a(vector_table.S.obj)
                0x10000000                _vector_table
 *(SORT_BY_ALIGNMENT(.vectors))
                0x10000110                        _vector_end = .
                0x10000040                        . = ALIGN (0x4)
 *(SORT_BY_ALIGNMENT(.gnu.linkonce.irq_vector_table*))
 .gnu.linkonce.irq_vector_table
                0x10000040       0xd0 zephyr/CMakeFiles/zephyr_final.dir/isr_tables.c.obj
                0x10000040                _irq_vector_table
                0x10000110                        _vector_end = .
                0x10000110        0x4 LONG 0xffffded3
                0x10000114        0x2 SHORT 0x142
                0x10000116        0x2 SHORT 0x1021
                0x10000118        0x4 LONG 0x203
                0x1000011c        0x4 LONG 0x10000000 ABSOLUTE (_vector_start)
                0x10000120        0x2 SHORT 0x3ff
                0x10000122        0x2 SHORT 0x0
                0x10000124        0x4 LONG 0x0
                0x10000128        0x4 LONG 0xab123579

text            0x10000130     0x8bd0
                0x10000130                        __text_region_start = .
 *(SORT_BY_ALIGNMENT(.text))
 .text          0x10000130      0x21c C:/Users/20958/Downloads/zephyr-sdk-1.0.1_windows-x86_64_minimal/zephyr-sdk-1.0.1/gnu/arm-zephyr-eabi/bin/../lib/gcc/arm-zephyr-eabi/14.3.0/thumb/v8-m.main/nofp/space\libgcc.a(_arm_addsubsf3.o)
                0x10000130                __aeabi_frsub
                0x10000138                __subsf3
                0x10000138                __aeabi_fsub
                0x1000013c                __aeabi_fadd
                0x1000013c                __addsf3
                0x1000029c                __aeabi_ui2f
                0x1000029c                __floatunsisf
                0x100002a4                __aeabi_i2f
                0x100002a4                __floatsisf
                0x100002c0                __aeabi_ul2f
                0x100002c0                __floatundisf
                0x100002d0                __aeabi_l2f
                0x100002d0                __floatdisf
 .text          0x1000034c      0x2a0 C:/Users/20958/Downloads/zephyr-sdk-1.0.1_windows-x86_64_minimal/zephyr-sdk-1.0.1/gnu/arm-zephyr-eabi/bin/../lib/gcc/arm-zephyr-eabi/14.3.0/thumb/v8-m.main/nofp/space\libgcc.a(_arm_muldivsf3.o)
                0x1000034c                __mulsf3
                0x1000034c                __aeabi_fmul
                0x100004b4                __aeabi_fdiv
                0x100004b4                __divsf3
 .text          0x100005ec       0x4c C:/Users/20958/Downloads/zephyr-sdk-1.0.1_windows-x86_64_minimal/zephyr-sdk-1.0.1/gnu/arm-zephyr-eabi/bin/../lib/gcc/arm-zephyr-eabi/14.3.0/thumb/v8-m.main/nofp/space\libgcc.a(_arm_fixsfsi.o)
                0x100005ec                __aeabi_f2iz
                0x100005ec                __fixsfsi
 .text          0x10000638       0x30 C:/Users/20958/Downloads/zephyr-sdk-1.0.1_windows-x86_64_minimal/zephyr-sdk-1.0.1/gnu/arm-zephyr-eabi/bin/../lib/gcc/arm-zephyr-eabi/14.3.0/thumb/v8-m.main/nofp/space\libgcc.a(_aeabi_uldivmod.o)
                0x10000638                __aeabi_uldivmod
 .text          0x10000668        0x4 C:/Users/20958/Downloads/zephyr-sdk-1.0.1_windows-x86_64_minimal/zephyr-sdk-1.0.1/gnu/arm-zephyr-eabi/bin/../lib/gcc/arm-zephyr-eabi/14.3.0/thumb/v8-m.main/nofp/space\libgcc.a(_dvmd_tls.o)
                0x10000668                __aeabi_idiv0
                0x10000668                __aeabi_ldiv0
 .text          0x1000066c       0x10 C:/Users/20958/Downloads/zephyr-sdk-1.0.1_windows-x86_64_minimal/zephyr-sdk-1.0.1/gnu/arm-zephyr-eabi/bin/../lib/gcc/arm-zephyr-eabi/14.3.0/../../../../arm-zephyr-eabi/lib/thumb/v8-m.main/nofp/space\libc.a(strlen.S.o)
                0x1000066c                strlen
 .text          0x1000067c      0x2ba C:/Users/20958/Downloads/zephyr-sdk-1.0.1_windows-x86_64_minimal/zephyr-sdk-1.0.1/gnu/arm-zephyr-eabi/bin/../lib/gcc/arm-zephyr-eabi/14.3.0/thumb/v8-m.main/nofp/space\libgcc.a(_udivmoddi4.o)
                0x1000067c                __udivmoddi4
 *(SORT_BY_ALIGNMENT(.text.*))
 *fill*         0x10000936        0x2 
 .text.alarm_trigger_cb
                0x10000938        0xc app/libapp.a(main.c.obj)
 .text.sensor_channel_get.constprop.0.isra.0
                0x10000944       0x18 app/libapp.a(main.c.obj)
 .text.main     0x1000095c      0x1bc app/libapp.a(main.c.obj)
                0x1000095c                main
 .text.gpio_pin_interrupt_configure_dt.isra.0
                0x10000b18       0x30 app/libapp.a(sensor_node.c.obj)
 .text.sensor_node_attr_set
                0x10000b48       0xe4 app/libapp.a(sensor_node.c.obj)
 .text.sensor_node_channel_get
                0x10000c2c       0x88 app/libapp.a(sensor_node.c.obj)
 .text.sensor_node_uart_isr
                0x10000cb4       0x8c app/libapp.a(sensor_node.c.obj)
 .text.sensor_node_trigger_set
                0x10000d40       0x80 app/libapp.a(sensor_node.c.obj)
 .text.sensor_node_init
                0x10000dc0      0x1a8 app/libapp.a(sensor_node.c.obj)
 .text.boot_banner
                0x10000f68       0x10 zephyr/libzephyr.a(boot_banner.c.obj)
 .text.cbvprintf_package
                0x10000f78      0x364 zephyr/libzephyr.a(cbprintf_packaged.c.obj)
                0x10000f78                cbvprintf_package
 .text.cbprintf_package_convert
                0x100012dc      0x3e4 zephyr/libzephyr.a(cbprintf_packaged.c.obj)
                0x100012dc                cbprintf_package_convert
 .text.__printk_hook_install
                0x100016c0        0xc zephyr/libzephyr.a(printk.c.obj)
                0x100016c0                __printk_hook_install
 .text.activate_foreach_backend
                0x100016cc       0x60 zephyr/libzephyr.a(log_core.c.obj)
 .text.enable_logger
                0x1000172c       0x58 zephyr/libzephyr.a(log_core.c.obj)
 .text.log_process_thread_timer_expiry_fn
                0x10001784        0xc zephyr/libzephyr.a(log_core.c.obj)
 .text.z_log_init
                0x10001790       0x94 zephyr/libzephyr.a(log_core.c.obj)
 .text.log_format_func_t_get
                0x10001824        0xc zephyr/libzephyr.a(log_core.c.obj)
                0x10001824                log_format_func_t_get
 .text.log_set_timestamp_func
                0x10001830       0x20 zephyr/libzephyr.a(log_core.c.obj)
                0x10001830                log_set_timestamp_func
 .text.z_log_notify_backend_enabled
                0x10001850       0x1c zephyr/libzephyr.a(log_core.c.obj)
                0x10001850                z_log_notify_backend_enabled
 .text.z_log_dropped
                0x1000186c       0x3c zephyr/libzephyr.a(log_core.c.obj)
                0x1000186c                z_log_dropped
 .text.z_log_dropped_read_and_clear
                0x100018a8       0x18 zephyr/libzephyr.a(log_core.c.obj)
                0x100018a8                z_log_dropped_read_and_clear
 .text.dropped_notify
                0x100018c0       0x30 zephyr/libzephyr.a(log_core.c.obj)
                0x100018c0                dropped_notify
 .text.z_log_msg_init
                0x100018f0       0x20 zephyr/libzephyr.a(log_core.c.obj)
                0x100018f0                z_log_msg_init
 .text.log_core_init
                0x10001910       0x50 zephyr/libzephyr.a(log_core.c.obj)
                0x10001910                log_core_init
 .text.z_log_msg_alloc
                0x10001960       0x10 zephyr/libzephyr.a(log_core.c.obj)
                0x10001960                z_log_msg_alloc
 .text.z_log_msg_local_claim
                0x10001970        0xc zephyr/libzephyr.a(log_core.c.obj)
                0x10001970                z_log_msg_local_claim
 .text.z_log_msg_free
                0x1000197c       0x10 zephyr/libzephyr.a(log_core.c.obj)
                0x1000197c                z_log_msg_free
 .text.z_log_msg_pending
                0x1000198c        0xc zephyr/libzephyr.a(log_core.c.obj)
                0x1000198c                z_log_msg_pending
 .text.z_impl_log_process
                0x10001998       0xb0 zephyr/libzephyr.a(log_core.c.obj)
                0x10001998                z_impl_log_process
 .text.z_impl_log_panic
                0x10001a48       0x44 zephyr/libzephyr.a(log_core.c.obj)
                0x10001a48                z_impl_log_panic
 .text.log_process_thread_func
                0x10001a8c       0xa0 zephyr/libzephyr.a(log_core.c.obj)
 .text.z_log_msg_post_finalize
                0x10001b2c       0x78 zephyr/libzephyr.a(log_core.c.obj)
 .text.z_log_msg_commit
                0x10001ba4       0x24 zephyr/libzephyr.a(log_core.c.obj)
                0x10001ba4                z_log_msg_commit
 .text.log_source_name_get
                0x10001bc8       0x1c zephyr/libzephyr.a(log_mgmt.c.obj)
                0x10001bc8                log_source_name_get
 .text.z_impl_z_log_msg_static_create
                0x10001be4      0x100 zephyr/libzephyr.a(log_msg.c.obj)
                0x10001be4                z_impl_z_log_msg_static_create
 .text.z_log_msg_runtime_vcreate
                0x10001ce4       0xa4 zephyr/libzephyr.a(log_msg.c.obj)
                0x10001ce4                z_log_msg_runtime_vcreate
 .text.log_msg_get_source_id
                0x10001d88       0x18 zephyr/libzephyr.a(log_msg.c.obj)
                0x10001d88                log_msg_get_source_id
 .text.print_formatted
                0x10001da0       0x24 zephyr/libzephyr.a(log_output.c.obj)
 .text.newline_print
                0x10001dc4       0x1c zephyr/libzephyr.a(log_output.c.obj)
 .text.log_output_process
                0x10001de0      0x290 zephyr/libzephyr.a(log_output.c.obj)
                0x10001de0                log_output_process
 .text.log_output_dropped_process
                0x10002070       0x58 zephyr/libzephyr.a(log_output.c.obj)
                0x10002070                log_output_dropped_process
 .text.log_output_timestamp_freq_set
                0x100020c8       0x2c zephyr/libzephyr.a(log_output.c.obj)
                0x100020c8                log_output_timestamp_freq_set
 .text.char_out
                0x100020f4       0x24 zephyr/libzephyr.a(log_backend_uart.c.obj)
 .text.class_handler
                0x10002118       0x44 zephyr/libzephyr.a(usb_device.c.obj)
 .text.custom_handler
                0x1000215c       0x64 zephyr/libzephyr.a(usb_device.c.obj)
 .text.vendor_handler
                0x100021c0       0x3c zephyr/libzephyr.a(usb_device.c.obj)
 .text.usb_reset_alt_setting
                0x100021fc       0x10 zephyr/libzephyr.a(usb_device.c.obj)
 .text.is_ep_valid.part.0
                0x1000220c       0x38 zephyr/libzephyr.a(usb_device.c.obj)
 .text.usb_halt_endpoint_req
                0x10002244       0x7c zephyr/libzephyr.a(usb_device.c.obj)
 .text.get_ep_bm_from_addr.part.0
                0x100022c0       0x1c zephyr/libzephyr.a(usb_device.c.obj)
 .text.disable_endpoint
                0x100022dc       0x58 zephyr/libzephyr.a(usb_device.c.obj)
 .text.usb_handle_request.constprop.0
                0x10002334       0x2c zephyr/libzephyr.a(usb_device.c.obj)
 .text.forward_status_cb
                0x10002360       0xb0 zephyr/libzephyr.a(usb_device.c.obj)
 .text.set_endpoint
                0x10002410       0xcc zephyr/libzephyr.a(usb_device.c.obj)
 .text.usb_handle_standard_request
                0x100024dc      0x2a4 zephyr/libzephyr.a(usb_device.c.obj)
 .text.usb_write
                0x10002780       0x44 zephyr/libzephyr.a(usb_device.c.obj)
                0x10002780                usb_write
 .text.usb_data_to_host
                0x100027c4       0x60 zephyr/libzephyr.a(usb_device.c.obj)
 .text.usb_handle_control_transfer
                0x10002824       0xf4 zephyr/libzephyr.a(usb_device.c.obj)
 .text.usb_set_config
                0x10002918       0x2c zephyr/libzephyr.a(usb_device.c.obj)
                0x10002918                usb_set_config
 .text.usb_enable
                0x10002944      0x160 zephyr/libzephyr.a(usb_device.c.obj)
                0x10002944                usb_enable
 .text.usb_update_sn_string_descriptor
                0x10002aa4       0x88 zephyr/libzephyr.a(usb_descriptor.c.obj)
                0x10002aa4                usb_update_sn_string_descriptor
 .text.usb_get_device_descriptor
                0x10002b2c      0x254 zephyr/libzephyr.a(usb_descriptor.c.obj)
                0x10002b2c                usb_get_device_descriptor
 .text.usb_ep_get_transfer
                0x10002d80       0x2c zephyr/libzephyr.a(usb_transfer.c.obj)
 .text.usb_transfer_work
                0x10002dac      0x118 zephyr/libzephyr.a(usb_transfer.c.obj)
 .text.usb_transfer_ep_callback
                0x10002ec4       0x6c zephyr/libzephyr.a(usb_transfer.c.obj)
                0x10002ec4                usb_transfer_ep_callback
 .text.usb_transfer
                0x10002f30      0x118 zephyr/libzephyr.a(usb_transfer.c.obj)
                0x10002f30                usb_transfer
 .text.usb_cancel_transfer
                0x10003048       0x3c zephyr/libzephyr.a(usb_transfer.c.obj)
                0x10003048                usb_cancel_transfer
 .text.usb_cancel_transfers
                0x10003084       0x44 zephyr/libzephyr.a(usb_transfer.c.obj)
                0x10003084                usb_cancel_transfers
 .text.usb_transfer_init
                0x100030c8       0x30 zephyr/libzephyr.a(usb_transfer.c.obj)
                0x100030c8                usb_transfer_init
 .text.cdc_acm_irq_rx_enable
                0x100030f8       0x20 zephyr/libzephyr.a(cdc_acm.c.obj)
 .text.cdc_acm_irq_tx_enable
                0x10003118       0x20 zephyr/libzephyr.a(cdc_acm.c.obj)
 .text.cdc_acm_fifo_fill
                0x10003138       0x3c zephyr/libzephyr.a(cdc_acm.c.obj)
 .text.cdc_acm_write_cb
                0x10003174       0x54 zephyr/libzephyr.a(cdc_acm.c.obj)
 .text.cdc_acm_class_handle_req
                0x100031c8       0x64 zephyr/libzephyr.a(cdc_acm.c.obj)
                0x100031c8                cdc_acm_class_handle_req
 .text.cdc_acm_int_in
                0x1000322c       0x18 zephyr/libzephyr.a(cdc_acm.c.obj)
 .text.cdc_acm_reset_port
                0x10003244       0x3c zephyr/libzephyr.a(cdc_acm.c.obj)
 .text.cdc_acm_init
                0x10003280       0x48 zephyr/libzephyr.a(cdc_acm.c.obj)
 .text.cdc_acm_send_notification.isra.0
                0x100032c8       0x44 zephyr/libzephyr.a(cdc_acm.c.obj)
 .text.cdc_acm_poll_out
                0x1000330c       0x7c zephyr/libzephyr.a(cdc_acm.c.obj)
 .text.tx_work_handler
                0x10003388       0x78 zephyr/libzephyr.a(cdc_acm.c.obj)
 .text.cdc_acm_read_cb
                0x10003400       0x74 zephyr/libzephyr.a(cdc_acm.c.obj)
 .text.cdc_acm_dev_status_cb
                0x10003474       0x84 zephyr/libzephyr.a(cdc_acm.c.obj)
 .text.z_usb_work_q_init
                0x100034f8       0x30 zephyr/libzephyr.a(usb_work_q.c.obj)
 .text.z_thread_entry
                0x10003528       0x34 zephyr/libzephyr.a(thread_entry.c.obj)
                0x10003528                z_thread_entry
 .text.arch_bss_zero
                0x1000355c       0x18 zephyr/arch/common/libarch__common.a(init.c.obj)
                0x1000355c                arch_bss_zero
 .text.arch_data_copy
                0x10003574       0x38 zephyr/arch/common/libarch__common.a(xip.c.obj)
                0x10003574                arch_data_copy
 .text.z_arm_fatal_error
                0x100035ac       0xb8 zephyr/arch/arch/arm/core/libarch__arm__core.a(fatal.c.obj)
                0x100035ac                z_arm_fatal_error
 .text.z_SysNmiOnReset
                0x10003664        0x8 zephyr/arch/arch/arm/core/libarch__arm__core.a(nmi_on_reset.S.obj)
                0x10003664                z_SysNmiOnReset
 .text.arch_tls_stack_setup
                0x1000366c       0x40 zephyr/arch/arch/arm/core/libarch__arm__core.a(tls.c.obj)
                0x1000366c                arch_tls_stack_setup
 .text.usage_fault.isra.0
                0x100036ac       0xbc zephyr/arch/arch/arm/core/cortex_m/libarch__arm__core__cortex_m.a(fault.c.obj)
 .text.mem_manage_fault.isra.0
                0x10003768       0xd0 zephyr/arch/arch/arm/core/cortex_m/libarch__arm__core__cortex_m.a(fault.c.obj)
 .text.bus_fault.isra.0
                0x10003838       0xd0 zephyr/arch/arch/arm/core/cortex_m/libarch__arm__core__cortex_m.a(fault.c.obj)
 .text.z_arm_fault
                0x10003908      0x1d8 zephyr/arch/arch/arm/core/cortex_m/libarch__arm__core__cortex_m.a(fault.c.obj)
                0x10003908                z_arm_fault
 .text.z_arm_fault_init
                0x10003ae0       0x18 zephyr/arch/arch/arm/core/cortex_m/libarch__arm__core__cortex_m.a(fault.c.obj)
                0x10003ae0                z_arm_fault_init
 .text.__fault  0x10003af8       0x14 zephyr/arch/arch/arm/core/cortex_m/libarch__arm__core__cortex_m.a(fault_s.S.obj)
                0x10003af8                z_arm_usage_fault
                0x10003af8                z_arm_mpu_fault
                0x10003af8                z_arm_exc_spurious
                0x10003af8                z_arm_debug_monitor
                0x10003af8                z_arm_hard_fault
                0x10003af8                z_arm_bus_fault
 .text._reset_section
                0x10003b0c       0x38 zephyr/arch/arch/arm/core/cortex_m/libarch__arm__core__cortex_m.a(reset.S.obj)
                0x10003b0c                __start
                0x10003b0c                z_arm_reset
 .text.z_arm_svc
                0x10003b44       0x24 zephyr/arch/arch/arm/core/cortex_m/libarch__arm__core__cortex_m.a(svc.S.obj)
                0x10003b44                z_arm_svc
 .text.arm_irq_enable
                0x10003b68       0x1c zephyr/arch/arch/arm/core/cortex_m/libarch__arm__core__cortex_m.a(irq_manage.c.obj)
                0x10003b68                arm_irq_enable
 .text.arm_irq_disable
                0x10003b84       0x28 zephyr/arch/arch/arm/core/cortex_m/libarch__arm__core__cortex_m.a(irq_manage.c.obj)
                0x10003b84                arm_irq_disable
 .text.arm_irq_priority_set
                0x10003bac       0x2c zephyr/arch/arch/arm/core/cortex_m/libarch__arm__core__cortex_m.a(irq_manage.c.obj)
                0x10003bac                arm_irq_priority_set
 .text.relocate_vector_table
                0x10003bd8       0x1c zephyr/arch/arch/arm/core/cortex_m/libarch__arm__core__cortex_m.a(prep_c.c.obj)
                0x10003bd8                relocate_vector_table
 .text.z_prep_c
                0x10003bf4       0x38 zephyr/arch/arch/arm/core/cortex_m/libarch__arm__core__cortex_m.a(prep_c.c.obj)
                0x10003bf4                z_prep_c
 .text.arch_new_thread
                0x10003c2c       0x38 zephyr/arch/arch/arm/core/cortex_m/libarch__arm__core__cortex_m.a(thread.c.obj)
                0x10003c2c                arch_new_thread
 .text.arch_switch_to_main_thread
                0x10003c64       0x38 zephyr/arch/arch/arm/core/cortex_m/libarch__arm__core__cortex_m.a(thread.c.obj)
                0x10003c64                arch_switch_to_main_thread
 .text.z_arm_cpu_idle_init
                0x10003c9c        0xc zephyr/arch/arch/arm/core/cortex_m/libarch__arm__core__cortex_m.a(cpu_idle.c.obj)
                0x10003c9c                z_arm_cpu_idle_init
 .text._HandlerModeExit
                0x10003ca8       0x20 zephyr/arch/arch/arm/core/cortex_m/libarch__arm__core__cortex_m.a(exc_exit.c.obj)
                0x10003ca8                z_arm_int_exit
                0x10003ca8                z_arm_exc_exit
 .text.z_impl_k_thread_abort
                0x10003cc8       0x2c zephyr/arch/arch/arm/core/cortex_m/libarch__arm__core__cortex_m.a(thread_abort.c.obj)
                0x10003cc8                z_impl_k_thread_abort
 .text.z_arm_pendsv
                0x10003cf4       0x54 zephyr/arch/arch/arm/core/cortex_m/libarch__arm__core__cortex_m.a(swap_helper.S.obj)
                0x10003cf4                z_arm_pendsv
 .text.z_arm_interrupt_init
                0x10003d48       0x18 zephyr/arch/arch/arm/core/cortex_m/libarch__arm__core__cortex_m.a(irq_init.c.obj)
                0x10003d48                z_arm_interrupt_init
 .text._isr_wrapper
                0x10003d60       0x24 zephyr/arch/arch/arm/core/cortex_m/libarch__arm__core__cortex_m.a(isr_wrapper.c.obj)
                0x10003d60                _isr_wrapper
 .text.__aeabi_read_tp
                0x10003d84        0xc zephyr/arch/arch/arm/core/cortex_m/libarch__arm__core__cortex_m.a(__aeabi_read_tp.S.obj)
                0x10003d84                __aeabi_read_tp
 .text.cbvprintf
                0x10003d90       0x38 zephyr/lib/libc/picolibc/liblib__libc__picolibc.a(cbprintf.c.obj)
                0x10003d90                cbvprintf
 .text.z_impl_zephyr_fputc
                0x10003dc8       0x10 zephyr/lib/libc/picolibc/liblib__libc__picolibc.a(stdio.c.obj)
                0x10003dc8                z_impl_zephyr_fputc
 .text.__stdout_hook_install
                0x10003dd8       0x18 zephyr/lib/libc/picolibc/liblib__libc__picolibc.a(stdio.c.obj)
                0x10003dd8                __stdout_hook_install
 .text.abort    0x10003df0       0x1c zephyr/lib/libc/common/liblib__libc__common.a(abort.c.obj)
                0x10003df0                abort
 .text.malloc_prepare
                0x10003e0c       0x24 zephyr/lib/libc/common/liblib__libc__common.a(malloc.c.obj)
 .text.udc_rpi_get_ep_state
                0x10003e30       0x28 zephyr/drivers/usb/device/libdrivers__usb__device.a(usb_dc_rpi_pico.c.obj)
 .text.udc_rpi_cancel_endpoint
                0x10003e58       0x60 zephyr/drivers/usb/device/libdrivers__usb__device.a(usb_dc_rpi_pico.c.obj)
 .text.usb_rpi_init
                0x10003eb8       0x64 zephyr/drivers/usb/device/libdrivers__usb__device.a(usb_dc_rpi_pico.c.obj)
 .text.k_msgq_put.constprop.0.isra.0
                0x10003f1c        0xc zephyr/drivers/usb/device/libdrivers__usb__device.a(usb_dc_rpi_pico.c.obj)
 .text.udc_rpi_handle_resume
                0x10003f28       0x28 zephyr/drivers/usb/device/libdrivers__usb__device.a(usb_dc_rpi_pico.c.obj)
 .text.udc_rpi_thread_main
                0x10003f50       0x58 zephyr/drivers/usb/device/libdrivers__usb__device.a(usb_dc_rpi_pico.c.obj)
 .text.usb_dc_ep_start_read.part.0
                0x10003fa8       0x1c zephyr/drivers/usb/device/libdrivers__usb__device.a(usb_dc_rpi_pico.c.obj)
 .text.udc_rpi_start_xfer
                0x10003fc4       0x7c zephyr/drivers/usb/device/libdrivers__usb__device.a(usb_dc_rpi_pico.c.obj)
 .text.udc_rpi_isr
                0x10004040      0x2c0 zephyr/drivers/usb/device/libdrivers__usb__device.a(usb_dc_rpi_pico.c.obj)
 .text.usb_dc_attach
                0x10004300      0x140 zephyr/drivers/usb/device/libdrivers__usb__device.a(usb_dc_rpi_pico.c.obj)
                0x10004300                usb_dc_attach
 .text.usb_dc_set_status_callback
                0x10004440        0xc zephyr/drivers/usb/device/libdrivers__usb__device.a(usb_dc_rpi_pico.c.obj)
                0x10004440                usb_dc_set_status_callback
 .text.usb_dc_set_address
                0x1000444c       0x14 zephyr/drivers/usb/device/libdrivers__usb__device.a(usb_dc_rpi_pico.c.obj)
                0x1000444c                usb_dc_set_address
 .text.usb_dc_ep_check_cap
                0x10004460       0x34 zephyr/drivers/usb/device/libdrivers__usb__device.a(usb_dc_rpi_pico.c.obj)
                0x10004460                usb_dc_ep_check_cap
 .text.usb_dc_ep_set_stall
                0x10004494       0x40 zephyr/drivers/usb/device/libdrivers__usb__device.a(usb_dc_rpi_pico.c.obj)
                0x10004494                usb_dc_ep_set_stall
 .text.usb_dc_ep_write
                0x100044d4       0xb0 zephyr/drivers/usb/device/libdrivers__usb__device.a(usb_dc_rpi_pico.c.obj)
                0x100044d4                usb_dc_ep_write
 .text.usb_dc_ep_read_wait
                0x10004584       0xcc zephyr/drivers/usb/device/libdrivers__usb__device.a(usb_dc_rpi_pico.c.obj)
                0x10004584                usb_dc_ep_read_wait
 .text.usb_dc_ep_read_continue
                0x10004650       0x94 zephyr/drivers/usb/device/libdrivers__usb__device.a(usb_dc_rpi_pico.c.obj)
                0x10004650                usb_dc_ep_read_continue
 .text.rpi_pico_get_clock_src.isra.0
                0x100046e4       0x9c zephyr/drivers/clock_control/libdrivers__clock_control.a(clock_control_rpi_pico.c.obj)
 .text.rpi_pico_calc_clock_freq
                0x10004780      0x104 zephyr/drivers/clock_control/libdrivers__clock_control.a(clock_control_rpi_pico.c.obj)
 .text.rpi_pico_rosc_write.isra.0
                0x10004884       0x28 zephyr/drivers/clock_control/libdrivers__clock_control.a(clock_control_rpi_pico.c.obj)
 .text.clock_control_rpi_pico_init
                0x100048ac      0x1d8 zephyr/drivers/clock_control/libdrivers__clock_control.a(clock_control_rpi_pico.c.obj)
 .text.uart_console_init
                0x10004a84       0x28 zephyr/drivers/console/libdrivers__console.a(uart_console.c.obj)
 .text.console_out
                0x10004aac       0x28 zephyr/drivers/console/libdrivers__console.a(uart_console.c.obj)
 .text.gpio_rpi_get_pending_int
                0x10004ad4       0x30 zephyr/drivers/gpio/libdrivers__gpio.a(gpio_rpi_pico.c.obj)
 .text.gpio_rpi_configure
                0x10004b04       0xc8 zephyr/drivers/gpio/libdrivers__gpio.a(gpio_rpi_pico.c.obj)
 .text.gpio_rpi_isr
                0x10004bcc       0x88 zephyr/drivers/gpio/libdrivers__gpio.a(gpio_rpi_pico.c.obj)
 .text.reset_rpi_status
                0x10004c54       0x1c zephyr/drivers/reset/libdrivers__reset.a(reset_rpi_pico.c.obj)
 .text.reset_rpi_line_assert
                0x10004c70       0x10 zephyr/drivers/reset/libdrivers__reset.a(reset_rpi_pico.c.obj)
 .text.reset_rpi_line_deassert
                0x10004c80       0x1c zephyr/drivers/reset/libdrivers__reset.a(reset_rpi_pico.c.obj)
 .text.reset_rpi_line_toggle
                0x10004c9c       0x24 zephyr/drivers/reset/libdrivers__reset.a(reset_rpi_pico.c.obj)
 .text.pl011_runtime_configure_internal
                0x10004cc0      0x138 zephyr/drivers/serial/libdrivers__serial.a(uart_pl011.c.obj)
 .text.elapsed  0x10004df8       0x44 zephyr/drivers/timer/libdrivers__timer.a(cortex_m_systick.c.obj)
 .text.sys_clock_driver_init
                0x10004e3c       0x34 zephyr/drivers/timer/libdrivers__timer.a(cortex_m_systick.c.obj)
 .text.sys_clock_isr
                0x10004e70       0x6c zephyr/drivers/timer/libdrivers__timer.a(cortex_m_systick.c.obj)
                0x10004e70                sys_clock_isr
 .text.sys_clock_set_timeout
                0x10004edc       0xf8 zephyr/drivers/timer/libdrivers__timer.a(cortex_m_systick.c.obj)
                0x10004edc                sys_clock_set_timeout
 .text.sys_clock_elapsed
                0x10004fd4       0x3c zephyr/drivers/timer/libdrivers__timer.a(cortex_m_systick.c.obj)
                0x10004fd4                sys_clock_elapsed
 .text.sys_clock_cycle_get_32
                0x10005010       0x28 zephyr/drivers/timer/libdrivers__timer.a(cortex_m_systick.c.obj)
                0x10005010                sys_clock_cycle_get_32
 .text.clock_configure_internal
                0x10005038       0x98 modules/hal_rpi_pico/libmodules__hal_rpi_pico.a(clocks.c.obj)
 .text.pll_init
                0x100050d0       0xb4 modules/hal_rpi_pico/libmodules__hal_rpi_pico.a(pll.c.obj)
                0x100050d0                pll_init
 .text.xosc_init
                0x10005184       0x28 modules/hal_rpi_pico/libmodules__hal_rpi_pico.a(xosc.c.obj)
                0x10005184                xosc_init
 .text._gpio_set_irq_enabled
                0x100051ac       0x30 modules/hal_rpi_pico/libmodules__hal_rpi_pico.a(gpio.c.obj)
 .text.gpio_set_function
                0x100051dc       0x38 modules/hal_rpi_pico/libmodules__hal_rpi_pico.a(gpio.c.obj)
                0x100051dc                gpio_set_function
 .text.gpio_set_pulls
                0x10005214       0x24 modules/hal_rpi_pico/libmodules__hal_rpi_pico.a(gpio.c.obj)
                0x10005214                gpio_set_pulls
 .text.gpio_set_input_hysteresis_enabled
                0x10005238       0x1c modules/hal_rpi_pico/libmodules__hal_rpi_pico.a(gpio.c.obj)
                0x10005238                gpio_set_input_hysteresis_enabled
 .text.gpio_set_slew_rate
                0x10005254       0x1c modules/hal_rpi_pico/libmodules__hal_rpi_pico.a(gpio.c.obj)
                0x10005254                gpio_set_slew_rate
 .text.gpio_set_drive_strength
                0x10005270       0x20 modules/hal_rpi_pico/libmodules__hal_rpi_pico.a(gpio.c.obj)
                0x10005270                gpio_set_drive_strength
 .text.gpio_set_irq_enabled
                0x10005290       0x24 modules/hal_rpi_pico/libmodules__hal_rpi_pico.a(gpio.c.obj)
                0x10005290                gpio_set_irq_enabled
 .text.gpio_set_input_enabled
                0x100052b4       0x1c modules/hal_rpi_pico/libmodules__hal_rpi_pico.a(gpio.c.obj)
                0x100052b4                gpio_set_input_enabled
 .text.runtime_init_per_core_enable_coprocessors
                0x100052d0       0x1c modules/hal_rpi_pico/libmodules__hal_rpi_pico.a(runtime_init.c.obj)
                0x100052d0                runtime_init_per_core_enable_coprocessors
 .text.k_sys_fatal_error_handler
                0x100052ec       0x20 zephyr/kernel/libkernel.a(fatal.c.obj)
                0x100052ec                k_sys_fatal_error_handler
 .text.z_fatal_error
                0x1000530c       0xec zephyr/kernel/libkernel.a(fatal.c.obj)
                0x1000530c                z_fatal_error
 .text.z_sys_init_run_level
                0x100053f8       0x30 zephyr/kernel/libkernel.a(init.c.obj)
 .text.bg_thread_main
                0x10005428       0xbc zephyr/kernel/libkernel.a(init.c.obj)
 .text.z_init_cpu
                0x100054e4       0x68 zephyr/kernel/libkernel.a(init.c.obj)
                0x100054e4                z_init_cpu
 .text.z_cstart
                0x1000554c       0xb8 zephyr/kernel/libkernel.a(init.c.obj)
                0x1000554c                z_cstart
 .text.put_msg_in_queue
                0x10005604       0xc8 zephyr/kernel/libkernel.a(msg_q.c.obj)
 .text.z_impl_k_msgq_get
                0x100056cc       0xc4 zephyr/kernel/libkernel.a(msg_q.c.obj)
                0x100056cc                z_impl_k_msgq_get
 .text.z_impl_k_mutex_lock
                0x10005790       0xe4 zephyr/kernel/libkernel.a(mutex.c.obj)
                0x10005790                z_impl_k_mutex_lock
 .text.z_impl_k_mutex_unlock
                0x10005874       0xa0 zephyr/kernel/libkernel.a(mutex.c.obj)
                0x10005874                z_impl_k_mutex_unlock
 .text.z_impl_k_sem_give
                0x10005914       0x68 zephyr/kernel/libkernel.a(sem.c.obj)
                0x10005914                z_impl_k_sem_give
 .text.z_impl_k_sem_take
                0x1000597c       0x4c zephyr/kernel/libkernel.a(sem.c.obj)
                0x1000597c                z_impl_k_sem_take
 .text.work_queue_main
                0x100059c8      0x154 zephyr/kernel/libkernel.a(work.c.obj)
 .text.submit_to_queue_locked
                0x10005b1c       0xa0 zephyr/kernel/libkernel.a(work.c.obj)
 .text.k_work_queue_start
                0x10005bbc       0x7c zephyr/kernel/libkernel.a(work.c.obj)
                0x10005bbc                k_work_queue_start
 .text.k_work_schedule_for_queue
                0x10005c38       0x54 zephyr/kernel/libkernel.a(work.c.obj)
                0x10005c38                k_work_schedule_for_queue
 .text.z_setup_new_thread
                0x10005c8c       0x7c zephyr/kernel/libkernel.a(thread.c.obj)
                0x10005c8c                z_setup_new_thread
 .text.z_dummy_thread_init
                0x10005d08       0x14 zephyr/kernel/libkernel.a(thread.c.obj)
                0x10005d08                z_dummy_thread_init
 .text.z_impl_k_wakeup
                0x10005d1c       0x48 zephyr/kernel/libkernel.a(thread.c.obj)
                0x10005d1c                z_impl_k_wakeup
 .text.z_impl_k_thread_create
                0x10005d64       0x58 zephyr/kernel/libkernel.a(thread.c.obj)
                0x10005d64                z_impl_k_thread_create
 .text.z_swap_irqlock
                0x10005dbc       0x30 zephyr/kernel/libkernel.a(sched.c.obj)
 .text.unready_thread
                0x10005dec       0x54 zephyr/kernel/libkernel.a(sched.c.obj)
 .text.ready_thread
                0x10005e40       0x80 zephyr/kernel/libkernel.a(sched.c.obj)
 .text.reschedule.isra.0
                0x10005ec0       0x28 zephyr/kernel/libkernel.a(sched.c.obj)
 .text.move_current_to_end_of_prio_q
                0x10005ee8       0x6c zephyr/kernel/libkernel.a(sched.c.obj)
                0x10005ee8                move_current_to_end_of_prio_q
 .text.z_thread_halt
                0x10005f54      0x12c zephyr/kernel/libkernel.a(sched.c.obj)
                0x10005f54                z_thread_halt
 .text.z_sched_lock_reschedule
                0x10006080       0x44 zephyr/kernel/libkernel.a(sched.c.obj)
                0x10006080                z_sched_lock_reschedule
 .text.z_sched_yield
                0x100060c4       0x84 zephyr/kernel/libkernel.a(sched.c.obj)
                0x100060c4                z_sched_yield
 .text.z_pend_curr
                0x10006148       0x58 zephyr/kernel/libkernel.a(sched.c.obj)
                0x10006148                z_pend_curr
 .text.z_thread_prio_set
                0x100061a0       0xd8 zephyr/kernel/libkernel.a(sched.c.obj)
                0x100061a0                z_thread_prio_set
 .text.z_reschedule_irqlock
                0x10006278       0x28 zephyr/kernel/libkernel.a(sched.c.obj)
                0x10006278                z_reschedule_irqlock
 .text.z_tick_sleep
                0x100062a0       0x90 zephyr/kernel/libkernel.a(sleep.c.obj)
 .text.z_sched_init
                0x10006330       0x10 zephyr/kernel/libkernel.a(scheduler.c.obj)
                0x10006330                z_sched_init
 .text.k_sched_lock
                0x10006340       0x28 zephyr/kernel/libkernel.a(scheduler.c.obj)
                0x10006340                k_sched_lock
 .text.k_sched_unlock
                0x10006368       0x20 zephyr/kernel/libkernel.a(scheduler.c.obj)
                0x10006368                k_sched_unlock
 .text.z_impl_k_sched_current_thread_query
                0x10006388        0xc zephyr/kernel/libkernel.a(scheduler.c.obj)
                0x10006388                z_impl_k_sched_current_thread_query
 .text.z_sched_wait
                0x10006394       0x24 zephyr/kernel/libkernel.a(scheduler.c.obj)
                0x10006394                z_sched_wait
 .text.z_time_slice_size
                0x100063b8       0x40 zephyr/kernel/libkernel.a(timeslicing.c.obj)
 .text.slice_timeout
                0x100063f8       0x20 zephyr/kernel/libkernel.a(timeslicing.c.obj)
 .text.z_time_slice_reset
                0x10006418       0x44 zephyr/kernel/libkernel.a(timeslicing.c.obj)
                0x10006418                z_time_slice_reset
 .text.z_time_slice
                0x1000645c       0x5c zephyr/kernel/libkernel.a(timeslicing.c.obj)
                0x1000645c                z_time_slice
 .text.first    0x100064b8       0x10 zephyr/kernel/libkernel.a(timeout.c.obj)
 .text.elapsed  0x100064c8       0x1c zephyr/kernel/libkernel.a(timeout.c.obj)
 .text.z_add_timeout
                0x100064e4      0x130 zephyr/kernel/libkernel.a(timeout.c.obj)
                0x100064e4                z_add_timeout
 .text.z_abort_timeout
                0x10006614       0x90 zephyr/kernel/libkernel.a(timeout.c.obj)
                0x10006614                z_abort_timeout
 .text.sys_clock_announce_locked
                0x100066a4       0xd0 zephyr/kernel/libkernel.a(timeout.c.obj)
                0x100066a4                sys_clock_announce_locked
 .text.sys_clock_tick_get
                0x10006774       0x30 zephyr/kernel/libkernel.a(timeout.c.obj)
                0x10006774                sys_clock_tick_get
 .text.z_timer_expiration_handler
                0x100067a4       0xec zephyr/kernel/libkernel.a(timer.c.obj)
                0x100067a4                z_timer_expiration_handler
 .text.z_impl_k_timer_start
                0x10006890       0x50 zephyr/kernel/libkernel.a(timer.c.obj)
                0x10006890                z_impl_k_timer_start
 .text.z_impl_k_timer_stop
                0x100068e0       0x60 zephyr/kernel/libkernel.a(timer.c.obj)
                0x100068e0                z_impl_k_timer_stop
 .text.statics_init
                0x10006940       0x24 zephyr/kernel/libkernel.a(kheap.c.obj)
 .text.k_sys_work_q_init
                0x10006964       0x2c zephyr/kernel/libkernel.a(system_work_q.c.obj)
 .text.snprintf
                0x10006990       0x54 C:/Users/20958/Downloads/zephyr-sdk-1.0.1_windows-x86_64_minimal/zephyr-sdk-1.0.1/gnu/arm-zephyr-eabi/bin/../lib/gcc/arm-zephyr-eabi/14.3.0/../../../../arm-zephyr-eabi/lib/thumb/v8-m.main/nofp/space\libc.a(libc_tinystdio_snprintf.c.o)
                0x10006990                snprintf
 .text.__l_vfprintf
                0x100069e4      0x484 C:/Users/20958/Downloads/zephyr-sdk-1.0.1_windows-x86_64_minimal/zephyr-sdk-1.0.1/gnu/arm-zephyr-eabi/bin/../lib/gcc/arm-zephyr-eabi/14.3.0/../../../../arm-zephyr-eabi/lib/thumb/v8-m.main/nofp/space\libc.a(libc_tinystdio_vflprintf.c.o)
                0x100069e4                __l_vfprintf
 .text._OffsetAbsSyms
                0x10006e68        0x2 zephyr/CMakeFiles/offsets.dir/./arch/arm/core/offsets/offsets.c.obj
                0x10006e68                _OffsetAbsSyms
 .text.gpio_pin_set_dt.isra.0
                0x10006e6a       0x28 app/libapp.a(main.c.obj)
 .text.gpio_pin_configure_dt.constprop.0.isra.0
                0x10006e92       0x34 app/libapp.a(main.c.obj)
 .text.sensor_node_intr_gpio_cb
                0x10006ec6        0xe app/libapp.a(sensor_node.c.obj)
 .text.sensor_node_sample_fetch
                0x10006ed4       0x40 app/libapp.a(sensor_node.c.obj)
 .text.chunk_field
                0x10006f14       0x16 zephyr/libzephyr.a(heap.c.obj)
 .text.chunk_set
                0x10006f2a       0x16 zephyr/libzephyr.a(heap.c.obj)
 .text.chunk_size
                0x10006f40        0xc zephyr/libzephyr.a(heap.c.obj)
 .text.set_chunk_used
                0x10006f4c       0x30 zephyr/libzephyr.a(heap.c.obj)
 .text.set_chunk_size
                0x10006f7c        0x8 zephyr/libzephyr.a(heap.c.obj)
 .text.undersized_chunk
                0x10006f84       0x1c zephyr/libzephyr.a(heap.c.obj)
 .text.bucket_idx
                0x10006fa0       0x14 zephyr/libzephyr.a(heap.c.obj)
 .text.free_list_add
                0x10006fb4       0x82 zephyr/libzephyr.a(heap.c.obj)
 .text.sys_heap_init
                0x10007036       0xa4 zephyr/libzephyr.a(heap.c.obj)
                0x10007036                sys_heap_init
 .text.cbpprintf_external
                0x100070da       0x62 zephyr/libzephyr.a(cbprintf_packaged.c.obj)
                0x100070da                cbpprintf_external
 .text.is_ptr   0x1000713c       0x3a zephyr/libzephyr.a(cbprintf_packaged.c.obj)
                0x1000713c                is_ptr
 .text.arch_printk_char_out
                0x10007176        0x4 zephyr/libzephyr.a(printk.c.obj)
                0x10007176                arch_printk_char_out
 .text.printk   0x1000717a       0x1a zephyr/libzephyr.a(printk.c.obj)
                0x1000717a                printk
 .text.free_space
                0x10007194       0x26 zephyr/libzephyr.a(mpsc_pbuf.c.obj)
 .text.get_usage
                0x100071ba       0x22 zephyr/libzephyr.a(mpsc_pbuf.c.obj)
 .text.idx_inc  0x100071dc       0x1c zephyr/libzephyr.a(mpsc_pbuf.c.obj)
 .text.rd_idx_inc
                0x100071f8       0x18 zephyr/libzephyr.a(mpsc_pbuf.c.obj)
 .text.add_skip_item
                0x10007210       0x3e zephyr/libzephyr.a(mpsc_pbuf.c.obj)
 .text.drop_item_locked
                0x1000724e       0xf8 zephyr/libzephyr.a(mpsc_pbuf.c.obj)
 .text.post_drop_action
                0x10007346       0x36 zephyr/libzephyr.a(mpsc_pbuf.c.obj)
 .text.max_utilization_update
                0x1000737c       0x1a zephyr/libzephyr.a(mpsc_pbuf.c.obj)
 .text.mpsc_pbuf_init
                0x10007396       0x42 zephyr/libzephyr.a(mpsc_pbuf.c.obj)
                0x10007396                mpsc_pbuf_init
 .text.mpsc_pbuf_alloc
                0x100073d8       0xfa zephyr/libzephyr.a(mpsc_pbuf.c.obj)
                0x100073d8                mpsc_pbuf_alloc
 .text.mpsc_pbuf_commit
                0x100074d2       0x3e zephyr/libzephyr.a(mpsc_pbuf.c.obj)
                0x100074d2                mpsc_pbuf_commit
 .text.mpsc_pbuf_claim
                0x10007510       0xb6 zephyr/libzephyr.a(mpsc_pbuf.c.obj)
                0x10007510                mpsc_pbuf_claim
 .text.mpsc_pbuf_free
                0x100075c6       0x76 zephyr/libzephyr.a(mpsc_pbuf.c.obj)
                0x100075c6                mpsc_pbuf_free
 .text.mpsc_pbuf_is_pending
                0x1000763c       0x30 zephyr/libzephyr.a(mpsc_pbuf.c.obj)
                0x1000763c                mpsc_pbuf_is_pending
 .text.ring_buf_area_claim
                0x1000766c       0x30 zephyr/libzephyr.a(ring_buffer.c.obj)
                0x1000766c                ring_buf_area_claim
 .text.ring_buf_put_claim
                0x1000769c       0x1e zephyr/libzephyr.a(ring_buffer.c.obj)
 .text.ring_buf_get_claim
                0x100076ba       0x1e zephyr/libzephyr.a(ring_buffer.c.obj)
 .text.ring_buf_area_finish
                0x100076d8       0x32 zephyr/libzephyr.a(ring_buffer.c.obj)
                0x100076d8                ring_buf_area_finish
 .text.ring_buf_put
                0x1000770a       0x40 zephyr/libzephyr.a(ring_buffer.c.obj)
                0x1000770a                ring_buf_put
 .text.ring_buf_get
                0x1000774a       0x44 zephyr/libzephyr.a(ring_buffer.c.obj)
                0x1000774a                ring_buf_get
 .text._ConfigAbsSyms
                0x1000778e        0x2 zephyr/libzephyr.a(configs.c.obj)
                0x1000778e                _ConfigAbsSyms
 .text.log_msg_generic_get_wlen
                0x10007790       0x20 zephyr/libzephyr.a(log_core.c.obj)
 .text.dummy_timestamp
                0x100077b0        0x4 zephyr/libzephyr.a(log_core.c.obj)
 .text.atomic_inc
                0x100077b4       0x12 zephyr/libzephyr.a(log_core.c.obj)
 .text.default_lf_get_timestamp
                0x100077c6       0x10 zephyr/libzephyr.a(log_core.c.obj)
 .text.z_log_vprintk
                0x100077d6       0x1c zephyr/libzephyr.a(log_core.c.obj)
                0x100077d6                z_log_vprintk
 .text.z_log_notify_drop
                0x100077f2        0x6 zephyr/libzephyr.a(log_core.c.obj)
 .text.z_log_get_tag
                0x100077f8        0x4 zephyr/libzephyr.a(log_core.c.obj)
                0x100077f8                z_log_get_tag
 .text.log_backend_enable
                0x100077fc       0x12 zephyr/libzephyr.a(log_mgmt.c.obj)
                0x100077fc                log_backend_enable
 .text.z_cbprintf_cpy
                0x1000780e       0x2e zephyr/libzephyr.a(log_msg.c.obj)
 .text.z_log_msg_finalize
                0x1000783c       0x32 zephyr/libzephyr.a(log_msg.c.obj)
                0x1000783c                z_log_msg_finalize
 .text.z_log_msg_simple_create
                0x1000786e       0x6e zephyr/libzephyr.a(log_msg.c.obj)
 .text.z_impl_z_log_msg_simple_create_0
                0x100078dc       0x12 zephyr/libzephyr.a(log_msg.c.obj)
                0x100078dc                z_impl_z_log_msg_simple_create_0
 .text.z_impl_z_log_msg_simple_create_1
                0x100078ee       0x14 zephyr/libzephyr.a(log_msg.c.obj)
                0x100078ee                z_impl_z_log_msg_simple_create_1
 .text.z_impl_z_log_msg_simple_create_2
                0x10007902       0x18 zephyr/libzephyr.a(log_msg.c.obj)
                0x10007902                z_impl_z_log_msg_simple_create_2
 .text.log_output_write
                0x1000791a       0x1c zephyr/libzephyr.a(log_output.c.obj)
 .text.log_output_flush
                0x10007936       0x1a zephyr/libzephyr.a(log_output.c.obj)
 .text.out_func
                0x10007950       0x2e zephyr/libzephyr.a(log_output.c.obj)
 .text.cr_out_func
                0x1000797e       0x1c zephyr/libzephyr.a(log_output.c.obj)
 .text.log_output_msg_process
                0x1000799a       0x6c zephyr/libzephyr.a(log_output.c.obj)
                0x1000799a                log_output_msg_process
 .text.format_set
                0x10007a06        0xc zephyr/libzephyr.a(log_backend_uart.c.obj)
 .text.log_backend_uart_init
                0x10007a12        0xc zephyr/libzephyr.a(log_backend_uart.c.obj)
 .text.panic    0x10007a1e       0x32 zephyr/libzephyr.a(log_backend_uart.c.obj)
 .text.dropped  0x10007a50        0xa zephyr/libzephyr.a(log_backend_uart.c.obj)
 .text.process  0x10007a5a       0x1e zephyr/libzephyr.a(log_backend_uart.c.obj)
 .text.z_log_msg_simple_create_1
                0x10007a78        0x4 zephyr/libzephyr.a(usb_device.c.obj)
 .text.get_ep_bm_from_addr
                0x10007a7c       0x24 zephyr/libzephyr.a(usb_device.c.obj)
 .text.usb_get_dev_data_by_cfg
                0x10007aa0       0x16 zephyr/libzephyr.a(usb_descriptor.c.obj)
                0x10007aa0                usb_get_dev_data_by_cfg
 .text.usb_get_dev_data_by_iface
                0x10007ab6       0x1a zephyr/libzephyr.a(usb_descriptor.c.obj)
                0x10007ab6                usb_get_dev_data_by_iface
 .text.usb_get_dev_data_by_ep
                0x10007ad0       0x2c zephyr/libzephyr.a(usb_descriptor.c.obj)
                0x10007ad0                usb_get_dev_data_by_ep
 .text.usb_transfer_is_busy
                0x10007afc       0x16 zephyr/libzephyr.a(usb_transfer.c.obj)
                0x10007afc                usb_transfer_is_busy
 .text.cdc_interface_config
                0x10007b12       0x14 zephyr/libzephyr.a(cdc_acm.c.obj)
 .text.cdc_acm_irq_callback_work_handler
                0x10007b26        0xa zephyr/libzephyr.a(cdc_acm.c.obj)
 .text.cdc_acm_irq_tx_disable
                0x10007b30        0xa zephyr/libzephyr.a(cdc_acm.c.obj)
 .text.cdc_acm_irq_tx_ready
                0x10007b3a       0x20 zephyr/libzephyr.a(cdc_acm.c.obj)
 .text.cdc_acm_irq_rx_disable
                0x10007b5a        0xa zephyr/libzephyr.a(cdc_acm.c.obj)
 .text.cdc_acm_irq_rx_ready
                0x10007b64        0xe zephyr/libzephyr.a(cdc_acm.c.obj)
 .text.cdc_acm_irq_is_pending
                0x10007b72       0x18 zephyr/libzephyr.a(cdc_acm.c.obj)
 .text.cdc_acm_irq_callback_set
                0x10007b8a        0x8 zephyr/libzephyr.a(cdc_acm.c.obj)
 .text.cdc_acm_line_ctrl_get
                0x10007b92       0x32 zephyr/libzephyr.a(cdc_acm.c.obj)
 .text.cdc_acm_configure
                0x10007bc4       0x18 zephyr/libzephyr.a(cdc_acm.c.obj)
 .text.cdc_acm_config_get
                0x10007bdc       0x5c zephyr/libzephyr.a(cdc_acm.c.obj)
 .text.cdc_acm_line_ctrl_set
                0x10007c38       0xc0 zephyr/libzephyr.a(cdc_acm.c.obj)
 .text.cdc_acm_fifo_read
                0x10007cf8       0x48 zephyr/libzephyr.a(cdc_acm.c.obj)
 .text.cdc_acm_poll_in
                0x10007d40       0x12 zephyr/libzephyr.a(cdc_acm.c.obj)
 .text.cdc_acm_irq_update
                0x10007d52       0x2e zephyr/libzephyr.a(cdc_acm.c.obj)
 .text.arch_early_memset
                0x10007d80        0x4 zephyr/arch/common/libarch__common.a(init.c.obj)
                0x10007d80                arch_early_memset
 .text.arch_early_memcpy
                0x10007d84        0x4 zephyr/arch/common/libarch__common.a(init.c.obj)
                0x10007d84                arch_early_memcpy
 .text.z_do_kernel_oops
                0x10007d88        0x8 zephyr/arch/arch/arm/core/libarch__arm__core.a(fatal.c.obj)
                0x10007d88                z_do_kernel_oops
 .text.z_arm_nmi
                0x10007d90        0xe zephyr/arch/arch/arm/core/libarch__arm__core.a(nmi.c.obj)
                0x10007d90                z_arm_nmi
 .text.z_log_msg_simple_create_0.constprop.0
                0x10007d9e        0x8 zephyr/arch/arch/arm/core/cortex_m/libarch__arm__core__cortex_m.a(fault.c.obj)
 .text.z_irq_spurious
                0x10007da6        0x8 zephyr/arch/arch/arm/core/cortex_m/libarch__arm__core__cortex_m.a(irq_manage.c.obj)
                0x10007da6                z_irq_spurious
 .text.arch_coprocessors_disable
                0x10007dae        0x6 zephyr/arch/arch/arm/core/cortex_m/libarch__arm__core__cortex_m.a(thread.c.obj)
                0x10007dae                arch_coprocessors_disable
 .text.arch_irq_unlock_outlined
                0x10007db4        0xe zephyr/arch/arch/arm/core/cortex_m/libarch__arm__core__cortex_m.a(thread.c.obj)
                0x10007db4                arch_irq_unlock_outlined
 .text.arch_cpu_idle
                0x10007dc2       0x1a zephyr/arch/arch/arm/core/cortex_m/libarch__arm__core__cortex_m.a(cpu_idle.c.obj)
                0x10007dc2                arch_cpu_idle
 .text.__assert_no_args
                0x10007ddc        0x6 zephyr/lib/libc/picolibc/liblib__libc__picolibc.a(assert.c.obj)
                0x10007ddc                __assert_no_args
 .text.cbputc   0x10007de2        0xc zephyr/lib/libc/picolibc/liblib__libc__picolibc.a(cbprintf.c.obj)
 .text.picolibc_put
                0x10007dee        0xa zephyr/lib/libc/picolibc/liblib__libc__picolibc.a(stdio.c.obj)
 .text.soc_reset_hook
                0x10007df8        0x4 zephyr/soc/soc/rp2350a/rp2350/libsoc__raspberrypi__rpi_pico__rp2350.a(soc.c.obj)
                0x10007df8                soc_reset_hook
 .text.z_log_msg_simple_create_0
                0x10007dfc        0x4 zephyr/drivers/usb/device/libdrivers__usb__device.a(usb_dc_rpi_pico.c.obj)
 .text.usb_dc_ep_set_callback
                0x10007e00       0x16 zephyr/drivers/usb/device/libdrivers__usb__device.a(usb_dc_rpi_pico.c.obj)
                0x10007e00                usb_dc_ep_set_callback
 .text.usb_dc_ep_start_read
                0x10007e16       0x22 zephyr/drivers/usb/device/libdrivers__usb__device.a(usb_dc_rpi_pico.c.obj)
                0x10007e16                usb_dc_ep_start_read
 .text.usb_dc_ep_configure
                0x10007e38       0x1e zephyr/drivers/usb/device/libdrivers__usb__device.a(usb_dc_rpi_pico.c.obj)
                0x10007e38                usb_dc_ep_configure
 .text.usb_dc_ep_clear_stall
                0x10007e56       0x28 zephyr/drivers/usb/device/libdrivers__usb__device.a(usb_dc_rpi_pico.c.obj)
                0x10007e56                usb_dc_ep_clear_stall
 .text.usb_dc_ep_is_stalled
                0x10007e7e       0x1a zephyr/drivers/usb/device/libdrivers__usb__device.a(usb_dc_rpi_pico.c.obj)
                0x10007e7e                usb_dc_ep_is_stalled
 .text.usb_dc_ep_enable
                0x10007e98       0x4a zephyr/drivers/usb/device/libdrivers__usb__device.a(usb_dc_rpi_pico.c.obj)
                0x10007e98                usb_dc_ep_enable
 .text.usb_dc_ep_disable
                0x10007ee2       0x28 zephyr/drivers/usb/device/libdrivers__usb__device.a(usb_dc_rpi_pico.c.obj)
                0x10007ee2                usb_dc_ep_disable
 .text.udc_rpi_get_ep_buffer_len
                0x10007f0a       0x10 zephyr/drivers/usb/device/libdrivers__usb__device.a(usb_dc_rpi_pico.c.obj)
                0x10007f0a                udc_rpi_get_ep_buffer_len
 .text.usb_dc_ep_read
                0x10007f1a       0x26 zephyr/drivers/usb/device/libdrivers__usb__device.a(usb_dc_rpi_pico.c.obj)
                0x10007f1a                usb_dc_ep_read
 .text.usb_dc_ep_mps
                0x10007f40       0x12 zephyr/drivers/usb/device/libdrivers__usb__device.a(usb_dc_rpi_pico.c.obj)
                0x10007f40                usb_dc_ep_mps
 .text.clock_control_rpi_pico_on
                0x10007f52       0x3c zephyr/drivers/clock_control/libdrivers__clock_control.a(clock_control_rpi_pico.c.obj)
 .text.clock_control_rpi_pico_off
                0x10007f8e       0x3c zephyr/drivers/clock_control/libdrivers__clock_control.a(clock_control_rpi_pico.c.obj)
 .text.rpi_pico_is_clock_enabled.isra.0
                0x10007fca       0x50 zephyr/drivers/clock_control/libdrivers__clock_control.a(clock_control_rpi_pico.c.obj)
 .text.clock_control_rpi_pico_get_status
                0x1000801a       0x18 zephyr/drivers/clock_control/libdrivers__clock_control.a(clock_control_rpi_pico.c.obj)
 .text.clock_control_rpi_pico_get_rate
                0x10008032       0x1e zephyr/drivers/clock_control/libdrivers__clock_control.a(clock_control_rpi_pico.c.obj)
 .text.rpi_pico_clkid_tuple_reorder_by_dependencies
                0x10008050       0x4c zephyr/drivers/clock_control/libdrivers__clock_control.a(clock_control_rpi_pico.c.obj)
                0x10008050                rpi_pico_clkid_tuple_reorder_by_dependencies
 .text.gpio_rpi_port_get_raw
                0x1000809c        0xa zephyr/drivers/gpio/libdrivers__gpio.a(gpio_rpi_pico.c.obj)
 .text.gpio_rpi_port_set_bits_raw
                0x100080a6       0x24 zephyr/drivers/gpio/libdrivers__gpio.a(gpio_rpi_pico.c.obj)
 .text.gpio_rpi_port_clear_bits_raw
                0x100080ca       0x24 zephyr/drivers/gpio/libdrivers__gpio.a(gpio_rpi_pico.c.obj)
 .text.gpio_rpi_port_toggle_bits
                0x100080ee       0x16 zephyr/drivers/gpio/libdrivers__gpio.a(gpio_rpi_pico.c.obj)
 .text.gpio_rpi_manage_callback
                0x10008104       0x54 zephyr/drivers/gpio/libdrivers__gpio.a(gpio_rpi_pico.c.obj)
 .text.gpio_rpi_bank_init
                0x10008158        0xe zephyr/drivers/gpio/libdrivers__gpio.a(gpio_rpi_pico.c.obj)
 .text.gpio_rpi_pin_interrupt_configure
                0x10008166       0x42 zephyr/drivers/gpio/libdrivers__gpio.a(gpio_rpi_pico.c.obj)
 .text.bank_0_config_func
                0x100081a8       0x16 zephyr/drivers/gpio/libdrivers__gpio.a(gpio_rpi_pico.c.obj)
 .text.gpio_rpi_port_set_masked_raw
                0x100081be       0x40 zephyr/drivers/gpio/libdrivers__gpio.a(gpio_rpi_pico.c.obj)
 .text.z_impl_hwinfo_get_device_id
                0x100081fe       0x38 zephyr/drivers/hwinfo/libdrivers__hwinfo.a(hwinfo_rpi_pico.c.obj)
                0x100081fe                z_impl_hwinfo_get_device_id
 .text.pinctrl_lookup_state
                0x10008236       0x24 zephyr/drivers/pinctrl/libdrivers__pinctrl.a(common.c.obj)
                0x10008236                pinctrl_lookup_state
 .text.pinctrl_configure_pins
                0x1000825a       0xc2 zephyr/drivers/pinctrl/libdrivers__pinctrl.a(pinctrl_rpi_pico.c.obj)
                0x1000825a                pinctrl_configure_pins
 .text.pwr_on_raspberrypi_pico_uart
                0x1000831c        0x4 zephyr/drivers/serial/libdrivers__serial.a(uart_pl011.c.obj)
 .text.clk_enable_raspberrypi_pico_uart
                0x10008320        0x4 zephyr/drivers/serial/libdrivers__serial.a(uart_pl011.c.obj)
 .text.pl011_poll_in
                0x10008324       0x2a zephyr/drivers/serial/libdrivers__serial.a(uart_pl011.c.obj)
 .text.pl011_poll_out
                0x1000834e        0xe zephyr/drivers/serial/libdrivers__serial.a(uart_pl011.c.obj)
 .text.pl011_err_check
                0x1000835c       0x24 zephyr/drivers/serial/libdrivers__serial.a(uart_pl011.c.obj)
 .text.pl011_runtime_config_get
                0x10008380       0x10 zephyr/drivers/serial/libdrivers__serial.a(uart_pl011.c.obj)
 .text.pl011_fifo_fill
                0x10008390       0x1e zephyr/drivers/serial/libdrivers__serial.a(uart_pl011.c.obj)
 .text.pl011_fifo_read
                0x100083ae       0x1e zephyr/drivers/serial/libdrivers__serial.a(uart_pl011.c.obj)
 .text.pl011_irq_tx_enable
                0x100083cc       0x62 zephyr/drivers/serial/libdrivers__serial.a(uart_pl011.c.obj)
 .text.pl011_irq_tx_disable
                0x1000842e       0x14 zephyr/drivers/serial/libdrivers__serial.a(uart_pl011.c.obj)
 .text.pl011_irq_tx_complete
                0x10008442       0x10 zephyr/drivers/serial/libdrivers__serial.a(uart_pl011.c.obj)
 .text.pl011_irq_tx_ready
                0x10008452       0x2c zephyr/drivers/serial/libdrivers__serial.a(uart_pl011.c.obj)
 .text.pl011_irq_rx_enable
                0x1000847e        0xe zephyr/drivers/serial/libdrivers__serial.a(uart_pl011.c.obj)
 .text.pl011_irq_rx_disable
                0x1000848c        0xe zephyr/drivers/serial/libdrivers__serial.a(uart_pl011.c.obj)
 .text.pl011_irq_rx_ready
                0x1000849a       0x26 zephyr/drivers/serial/libdrivers__serial.a(uart_pl011.c.obj)
 .text.pl011_irq_err_enable
                0x100084c0        0xe zephyr/drivers/serial/libdrivers__serial.a(uart_pl011.c.obj)
 .text.pl011_irq_err_disable
                0x100084ce        0xe zephyr/drivers/serial/libdrivers__serial.a(uart_pl011.c.obj)
 .text.pl011_irq_is_pending
                0x100084dc       0x16 zephyr/drivers/serial/libdrivers__serial.a(uart_pl011.c.obj)
 .text.pl011_irq_callback_set
                0x100084f2        0x8 zephyr/drivers/serial/libdrivers__serial.a(uart_pl011.c.obj)
 .text.pl011_isr
                0x100084fa       0x3c zephyr/drivers/serial/libdrivers__serial.a(uart_pl011.c.obj)
                0x100084fa                pl011_isr
 .text.pl011_irq_config_func_0
                0x10008536       0x16 zephyr/drivers/serial/libdrivers__serial.a(uart_pl011.c.obj)
 .text.pl011_runtime_configure
                0x1000854c        0x6 zephyr/drivers/serial/libdrivers__serial.a(uart_pl011.c.obj)
 .text.pl011_init
                0x10008552      0x112 zephyr/drivers/serial/libdrivers__serial.a(uart_pl011.c.obj)
 .text.clock_configure
                0x10008664       0x52 modules/hal_rpi_pico/libmodules__hal_rpi_pico.a(clocks.c.obj)
                0x10008664                clock_configure
 .text.tick_start
                0x100086b6       0x14 modules/hal_rpi_pico/libmodules__hal_rpi_pico.a(ticks.c.obj)
                0x100086b6                tick_start
 .text.gpio_set_irqover
                0x100086ca       0x1e modules/hal_rpi_pico/libmodules__hal_rpi_pico.a(gpio.c.obj)
                0x100086ca                gpio_set_irqover
 .text.gpio_set_inover
                0x100086e8       0x1e modules/hal_rpi_pico/libmodules__hal_rpi_pico.a(gpio.c.obj)
                0x100086e8                gpio_set_inover
 .text.gpio_set_outover
                0x10008706       0x1e modules/hal_rpi_pico/libmodules__hal_rpi_pico.a(gpio.c.obj)
                0x10008706                gpio_set_outover
 .text.gpio_set_oeover
                0x10008724       0x1e modules/hal_rpi_pico/libmodules__hal_rpi_pico.a(gpio.c.obj)
                0x10008724                gpio_set_oeover
 .text.gpio_init
                0x10008742       0x12 modules/hal_rpi_pico/libmodules__hal_rpi_pico.a(gpio.c.obj)
                0x10008742                gpio_init
 .text.flash_get_unique_id
                0x10008754       0x3a modules/hal_rpi_pico/libmodules__hal_rpi_pico.a(flash.c.obj)
                0x10008754                flash_get_unique_id
 .text.z_impl_k_busy_wait
                0x1000878e       0x1c zephyr/kernel/libkernel.a(busy_wait.c.obj)
                0x1000878e                z_impl_k_busy_wait
 .text.do_device_init
                0x100087aa       0x30 zephyr/kernel/libkernel.a(device.c.obj)
                0x100087aa                do_device_init
 .text.z_impl_device_is_ready
                0x100087da       0x16 zephyr/kernel/libkernel.a(device.c.obj)
                0x100087da                z_impl_device_is_ready
 .text.arch_system_halt
                0x100087f0       0x10 zephyr/kernel/libkernel.a(fatal.c.obj)
                0x100087f0                arch_system_halt
 .text.idle     0x10008800       0x16 zephyr/kernel/libkernel.a(idle.c.obj)
                0x10008800                idle
 .text.unpend_thread_no_timeout
                0x10008816       0x1a zephyr/kernel/libkernel.a(msg_q.c.obj)
 .text.z_impl_k_msgq_put
                0x10008830        0xe zephyr/kernel/libkernel.a(msg_q.c.obj)
                0x10008830                z_impl_k_msgq_put
 .text.adjust_owner_prio.isra.0
                0x1000883e       0x10 zephyr/kernel/libkernel.a(mutex.c.obj)
 .text.z_impl_k_sem_init
                0x1000884e       0x18 zephyr/kernel/libkernel.a(sem.c.obj)
                0x1000884e                z_impl_k_sem_init
 .text.flag_test_and_clear
                0x10008866       0x16 zephyr/kernel/libkernel.a(work.c.obj)
 .text.notify_queue_locked.isra.0
                0x1000887c        0xe zephyr/kernel/libkernel.a(work.c.obj)
 .text.work_timeout
                0x1000888a       0x4e zephyr/kernel/libkernel.a(work.c.obj)
 .text.k_work_init
                0x100088d8       0x12 zephyr/kernel/libkernel.a(work.c.obj)
                0x100088d8                k_work_init
 .text.z_work_submit_to_queue
                0x100088ea       0x26 zephyr/kernel/libkernel.a(work.c.obj)
                0x100088ea                z_work_submit_to_queue
 .text.k_work_submit_to_queue
                0x10008910       0x20 zephyr/kernel/libkernel.a(work.c.obj)
                0x10008910                k_work_submit_to_queue
 .text.k_work_init_delayable
                0x10008930       0x18 zephyr/kernel/libkernel.a(work.c.obj)
                0x10008930                k_work_init_delayable
 .text.k_is_in_isr
                0x10008948        0xc zephyr/kernel/libkernel.a(thread.c.obj)
                0x10008948                k_is_in_isr
 .text.z_impl_k_thread_name_set
                0x10008954        0x6 zephyr/kernel/libkernel.a(thread.c.obj)
                0x10008954                z_impl_k_thread_name_set
 .text.k_thread_name_get
                0x1000895a        0x4 zephyr/kernel/libkernel.a(thread.c.obj)
                0x1000895a                k_thread_name_get
 .text.z_thread_abort
                0x1000895e       0x3e zephyr/kernel/libkernel.a(thread.c.obj)
                0x1000895e                z_thread_abort
 .text.z_impl_k_yield
                0x1000899c        0x4 zephyr/kernel/libkernel.a(thread.c.obj)
                0x1000899c                z_impl_k_yield
 .text.sys_dlist_remove
                0x100089a0       0x10 zephyr/kernel/libkernel.a(sched.c.obj)
 .text.unpend_thread_no_timeout
                0x100089b0       0x14 zephyr/kernel/libkernel.a(sched.c.obj)
 .text.add_to_waitq_locked
                0x100089c4       0x4c zephyr/kernel/libkernel.a(sched.c.obj)
 .text.z_ready_thread
                0x10008a10       0x1e zephyr/kernel/libkernel.a(sched.c.obj)
                0x10008a10                z_ready_thread
 .text.z_sched_ready_locked
                0x10008a2e        0x4 zephyr/kernel/libkernel.a(sched.c.obj)
                0x10008a2e                z_sched_ready_locked
 .text.z_sched_unready_locked
                0x10008a32        0x4 zephyr/kernel/libkernel.a(sched.c.obj)
                0x10008a32                z_sched_unready_locked
 .text.z_unpend_thread_no_timeout
                0x10008a36       0x22 zephyr/kernel/libkernel.a(sched.c.obj)
                0x10008a36                z_unpend_thread_no_timeout
 .text.z_sched_wake_thread_locked
                0x10008a58       0x28 zephyr/kernel/libkernel.a(sched.c.obj)
                0x10008a58                z_sched_wake_thread_locked
 .text.z_thread_timeout
                0x10008a80       0x30 zephyr/kernel/libkernel.a(sched.c.obj)
                0x10008a80                z_thread_timeout
 .text.z_unpend1_no_timeout
                0x10008ab0       0x2c zephyr/kernel/libkernel.a(sched.c.obj)
                0x10008ab0                z_unpend1_no_timeout
 .text.z_reschedule
                0x10008adc        0x6 zephyr/kernel/libkernel.a(sched.c.obj)
                0x10008adc                z_reschedule
 .text.z_impl_k_sleep
                0x10008ae2       0x32 zephyr/kernel/libkernel.a(sleep.c.obj)
                0x10008ae2                z_impl_k_sleep
 .text.z_impl_k_usleep
                0x10008b14       0x22 zephyr/kernel/libkernel.a(sleep.c.obj)
                0x10008b14                z_impl_k_usleep
 .text.z_sched_wake
                0x10008b36       0x56 zephyr/kernel/libkernel.a(scheduler.c.obj)
                0x10008b36                z_sched_wake
 .text.next_timeout
                0x10008b8c       0x2e zephyr/kernel/libkernel.a(timeout.c.obj)
 .text.sys_clock_tick_get_32
                0x10008bba        0x8 zephyr/kernel/libkernel.a(timeout.c.obj)
                0x10008bba                sys_clock_tick_get_32
 .text.z_impl_k_uptime_ticks
                0x10008bc2        0x4 zephyr/kernel/libkernel.a(timeout.c.obj)
                0x10008bc2                z_impl_k_uptime_ticks
 .text.k_timer_init
                0x10008bc6       0x22 zephyr/kernel/libkernel.a(timer.c.obj)
                0x10008bc6                k_timer_init
 .text.k_heap_init
                0x10008be8       0x10 zephyr/kernel/libkernel.a(kheap.c.obj)
                0x10008be8                k_heap_init
 .text.memcpy   0x10008bf8       0x1a C:/Users/20958/Downloads/zephyr-sdk-1.0.1_windows-x86_64_minimal/zephyr-sdk-1.0.1/gnu/arm-zephyr-eabi/bin/../lib/gcc/arm-zephyr-eabi/14.3.0/../../../../arm-zephyr-eabi/lib/thumb/v8-m.main/nofp/space\libc.a(memcpy.c.o)
                0x10008bf8                __aeabi_memcpy
                0x10008bf8                __aeabi_memcpy4
                0x10008bf8                __aeabi_memcpy8
                0x10008bf8                memcpy
 .text.memset   0x10008c12       0x10 C:/Users/20958/Downloads/zephyr-sdk-1.0.1_windows-x86_64_minimal/zephyr-sdk-1.0.1/gnu/arm-zephyr-eabi/bin/../lib/gcc/arm-zephyr-eabi/14.3.0/../../../../arm-zephyr-eabi/lib/thumb/v8-m.main/nofp/space\libc.a(memset.c.o)
                0x10008c12                memset
 .text.strnlen  0x10008c22       0x18 C:/Users/20958/Downloads/zephyr-sdk-1.0.1_windows-x86_64_minimal/zephyr-sdk-1.0.1/gnu/arm-zephyr-eabi/bin/../lib/gcc/arm-zephyr-eabi/14.3.0/../../../../arm-zephyr-eabi/lib/thumb/v8-m.main/nofp/space\libc.a(libc_string_strnlen.c.o)
                0x10008c22                strnlen
 .text.__ultoa_invert
                0x10008c3a       0xac C:/Users/20958/Downloads/zephyr-sdk-1.0.1_windows-x86_64_minimal/zephyr-sdk-1.0.1/gnu/arm-zephyr-eabi/bin/../lib/gcc/arm-zephyr-eabi/14.3.0/../../../../arm-zephyr-eabi/lib/thumb/v8-m.main/nofp/space\libc.a(libc_tinystdio_vflprintf.c.o)
 .text.__file_str_put
                0x10008ce6       0x10 C:/Users/20958/Downloads/zephyr-sdk-1.0.1_windows-x86_64_minimal/zephyr-sdk-1.0.1/gnu/arm-zephyr-eabi/bin/../lib/gcc/arm-zephyr-eabi/14.3.0/../../../../arm-zephyr-eabi/lib/thumb/v8-m.main/nofp/space\libc.a(libc_tinystdio_filestrput.c.o)
                0x10008ce6                __file_str_put
 *fill*         0x10008cf6        0x2 
 .text.__file_str_put.__stub
                0x10008cf8        0x8 linker stubs
 *(SORT_BY_ALIGNMENT(.gnu.linkonce.t.*))
 *(SORT_BY_ALIGNMENT(.glue_7t))
 .glue_7t       0x10008d00        0x0 linker stubs
 *(SORT_BY_ALIGNMENT(.glue_7))
 .glue_7        0x10008d00        0x0 linker stubs
 *(SORT_BY_ALIGNMENT(.vfp11_veneer))
 .vfp11_veneer  0x10008d00        0x0 linker stubs
 *(SORT_BY_ALIGNMENT(.v4_bx))
 .v4_bx         0x10008d00        0x0 linker stubs
                0x10008d00                        . = ALIGN (0x4)
 *fill*         0x10008d00        0x0 
                0x10008d00                        __text_region_end = .

.ARM.exidx      0x10008d00        0x8
                0x10008d00                        __exidx_start = .
 *(SORT_BY_ALIGNMENT(.ARM.exidx*) SORT_BY_ALIGNMENT(gnu.linkonce.armexidx.*))
 .ARM.exidx     0x10008d00        0x8 C:/Users/20958/Downloads/zephyr-sdk-1.0.1_windows-x86_64_minimal/zephyr-sdk-1.0.1/gnu/arm-zephyr-eabi/bin/../lib/gcc/arm-zephyr-eabi/14.3.0/thumb/v8-m.main/nofp/space\libgcc.a(_udivmoddi4.o)
                0x10008d08                        __exidx_end = .
                0x10008d08                        __rodata_region_start = .

initlevel       0x10008d08       0x78
                0x10008d08                        __init_start = .
                0x10008d08                        __init_EARLY_start = .
 *(SORT_BY_NAME(SORT_BY_ALIGNMENT(.z_init_EARLY_P_?_*)))
 *(SORT_BY_NAME(SORT_BY_ALIGNMENT(.z_init_EARLY_P_??_*)))
 *(SORT_BY_NAME(SORT_BY_ALIGNMENT(.z_init_EARLY_P_???_*)))
                0x10008d08                        __init_PRE_KERNEL_1_start = .
 *(SORT_BY_NAME(SORT_BY_ALIGNMENT(.z_init_PRE_KERNEL_1_P_?_*)))
 *(SORT_BY_NAME(SORT_BY_ALIGNMENT(.z_init_PRE_KERNEL_1_P_??_*)))
 .z_init_PRE_KERNEL_1_P_30_SUB_00025_
                0x10008d08        0x8 zephyr/drivers/clock_control/libdrivers__clock_control.a(clock_control_rpi_pico.c.obj)
 .z_init_PRE_KERNEL_1_P_30_SUB_0_
                0x10008d10        0x8 zephyr/kernel/libkernel.a(kheap.c.obj)
 .z_init_PRE_KERNEL_1_P_35_SUB_00027_
                0x10008d18        0x8 zephyr/drivers/reset/libdrivers__reset.a(reset_rpi_pico.c.obj)
 .z_init_PRE_KERNEL_1_P_50_SUB_00034_
                0x10008d20        0x8 zephyr/drivers/serial/libdrivers__serial.a(uart_pl011.c.obj)
 .z_init_PRE_KERNEL_1_P_50_SUB_00083_
                0x10008d28        0x8 zephyr/libzephyr.a(cdc_acm.c.obj)
 .z_init_PRE_KERNEL_1_P_60_SUB_0_
                0x10008d30        0x8 zephyr/drivers/console/libdrivers__console.a(uart_console.c.obj)
 *(SORT_BY_NAME(SORT_BY_ALIGNMENT(.z_init_PRE_KERNEL_1_P_???_*)))
                0x10008d38                        __init_PRE_KERNEL_2_start = .
 *(SORT_BY_NAME(SORT_BY_ALIGNMENT(.z_init_PRE_KERNEL_2_P_?_*)))
 .z_init_PRE_KERNEL_2_P_0_SUB_0_
                0x10008d38        0x8 zephyr/drivers/timer/libdrivers__timer.a(cortex_m_systick.c.obj)
 *(SORT_BY_NAME(SORT_BY_ALIGNMENT(.z_init_PRE_KERNEL_2_P_??_*)))
 *(SORT_BY_NAME(SORT_BY_ALIGNMENT(.z_init_PRE_KERNEL_2_P_???_*)))
                0x10008d40                        __init_POST_KERNEL_start = .
 *(SORT_BY_NAME(SORT_BY_ALIGNMENT(.z_init_POST_KERNEL_P_?_*)))
 .z_init_POST_KERNEL_P_0_SUB_0_
                0x10008d40        0x8 zephyr/libzephyr.a(log_core.c.obj)
 *(SORT_BY_NAME(SORT_BY_ALIGNMENT(.z_init_POST_KERNEL_P_??_*)))
 .z_init_POST_KERNEL_P_35_SUB_0_
                0x10008d48        0x8 zephyr/lib/libc/common/liblib__libc__common.a(malloc.c.obj)
 .z_init_POST_KERNEL_P_40_SUB_00036_
                0x10008d50        0x8 zephyr/drivers/gpio/libdrivers__gpio.a(gpio_rpi_pico.c.obj)
 .z_init_POST_KERNEL_P_40_SUB_0_
                0x10008d58        0x8 zephyr/libzephyr.a(usb_work_q.c.obj)
 .z_init_POST_KERNEL_P_40_SUB_0_
                0x10008d60        0x8 zephyr/kernel/libkernel.a(system_work_q.c.obj)
 .z_init_POST_KERNEL_P_50_SUB_0_
                0x10008d68        0x8 zephyr/drivers/usb/device/libdrivers__usb__device.a(usb_dc_rpi_pico.c.obj)
 .z_init_POST_KERNEL_P_90_SUB_00037_
                0x10008d70        0x8 app/libapp.a(sensor_node.c.obj)
 *(SORT_BY_NAME(SORT_BY_ALIGNMENT(.z_init_POST_KERNEL_P_???_*)))
                0x10008d78                        __init_APPLICATION_start = .
 *(SORT_BY_NAME(SORT_BY_ALIGNMENT(.z_init_APPLICATION_P_?_*)))
 .z_init_APPLICATION_P_0_SUB_0_
                0x10008d78        0x8 zephyr/libzephyr.a(boot_banner.c.obj)
 *(SORT_BY_NAME(SORT_BY_ALIGNMENT(.z_init_APPLICATION_P_??_*)))
 *(SORT_BY_NAME(SORT_BY_ALIGNMENT(.z_init_APPLICATION_P_???_*)))
                0x10008d80                        __init_SMP_start = .
 *(SORT_BY_NAME(SORT_BY_ALIGNMENT(.z_init_SMP_P_?_*)))
 *(SORT_BY_NAME(SORT_BY_ALIGNMENT(.z_init_SMP_P_??_*)))
 *(SORT_BY_NAME(SORT_BY_ALIGNMENT(.z_init_SMP_P_???_*)))
                0x10008d80                        __init_end = .

device_area     0x10008d80       0xa8
                0x10008d80                        _device_list_start = .
 *(SORT_BY_NAME(SORT_BY_ALIGNMENT(._device.static.*_?_*)))
 *(SORT_BY_NAME(SORT_BY_ALIGNMENT(._device.static.*_??_*)))
 ._device.static.1_30_
                0x10008d80       0x1c zephyr/drivers/clock_control/libdrivers__clock_control.a(clock_control_rpi_pico.c.obj)
                0x10008d80                __device_dts_ord_25
 ._device.static.1_35_
                0x10008d9c       0x1c zephyr/drivers/reset/libdrivers__reset.a(reset_rpi_pico.c.obj)
                0x10008d9c                __device_dts_ord_27
 ._device.static.1_50_
                0x10008db8       0x1c zephyr/libzephyr.a(cdc_acm.c.obj)
                0x10008db8                __device_dts_ord_83
 ._device.static.1_50_
                0x10008dd4       0x1c zephyr/drivers/serial/libdrivers__serial.a(uart_pl011.c.obj)
                0x10008dd4                __device_dts_ord_34
 ._device.static.3_40_
                0x10008df0       0x1c zephyr/drivers/gpio/libdrivers__gpio.a(gpio_rpi_pico.c.obj)
                0x10008df0                __device_dts_ord_36
 ._device.static.3_90_
                0x10008e0c       0x1c app/libapp.a(sensor_node.c.obj)
                0x10008e0c                __device_dts_ord_37
 *(SORT_BY_NAME(SORT_BY_ALIGNMENT(._device.static.*_???_*)))
 *(SORT_BY_NAME(SORT_BY_ALIGNMENT(._device.static.*_????_*)))
 *(SORT_BY_NAME(SORT_BY_ALIGNMENT(._device.static.*_?????_*)))
                0x10008e28                        _device_list_end = .

sw_isr_table    0x10008e28      0x1a0
                0x10008e28                        . = ALIGN (0x4)
 *(SORT_BY_ALIGNMENT(.gnu.linkonce.sw_isr_table*))
 .gnu.linkonce.sw_isr_table
                0x10008e28      0x1a0 zephyr/CMakeFiles/zephyr_final.dir/isr_tables.c.obj
                0x10008e28                _sw_isr_table

initlevel_error
 *(SORT_BY_NAME(SORT_BY_ALIGNMENT(.z_init_*)))
                0x00000001                        ASSERT ((SIZEOF (initlevel_error) == 0x0), Undefined initialization levels used.)

app_shmem_regions
                0x10008fc8        0x0
                0x10008fc8                        __app_shmem_regions_start = .
 *(SORT_BY_NAME(SORT_BY_ALIGNMENT(.app_regions.*)))
                0x10008fc8                        __app_shmem_regions_end = .

k_p4wq_initparam_area
                0x10008fc8        0x0
                0x10008fc8                        _k_p4wq_initparam_list_start = .
 *(SORT_BY_NAME(SORT_BY_ALIGNMENT(._k_p4wq_initparam.static.*)))
                0x10008fc8                        _k_p4wq_initparam_list_end = .

_static_thread_data_area
                0x10008fc8        0x0
                0x10008fc8                        __static_thread_data_list_start = .
 *(SORT_BY_NAME(SORT_BY_ALIGNMENT(.__static_thread_data.static.*)))
                0x10008fc8                        __static_thread_data_list_end = .

device_deps     0x10008fc8        0x0
                0x10008fc8                        __device_deps_start = .
 *(SORT_BY_NAME(SORT_BY_ALIGNMENT(.__device_deps_pass2*)))
                0x10008fc8                        __device_deps_end = .

device_api_area
                0x10008fc8      0x14c
                0x10008fc8                        _gpio_driver_api_list_start = .
 *(SORT_BY_NAME(SORT_BY_ALIGNMENT(._gpio_driver_api.static.*)))
 ._gpio_driver_api.static.gpio_rpi_driver_api_
                0x10008fc8       0x24 zephyr/drivers/gpio/libdrivers__gpio.a(gpio_rpi_pico.c.obj)
                0x10008fec                        _gpio_driver_api_list_end = .
                0x10008fec                        _gpio_driver_api_ext_end = .
                0x10008fec                        _reset_driver_api_list_start = .
 *(SORT_BY_NAME(SORT_BY_ALIGNMENT(._reset_driver_api.static.*)))
 ._reset_driver_api.static.reset_rpi_driver_api_
                0x10008fec       0x10 zephyr/drivers/reset/libdrivers__reset.a(reset_rpi_pico.c.obj)
                0x10008ffc                        _reset_driver_api_list_end = .
                0x10008ffc                        _reset_driver_api_ext_end = .
                0x10008ffc                        _sensor_driver_api_list_start = .
 *(SORT_BY_NAME(SORT_BY_ALIGNMENT(._sensor_driver_api.static.*)))
                0x10008ffc                        _sensor_driver_api_list_end = .
                0x10008ffc                        _sensor_driver_api_ext_end = .
                0x10008ffc                        _shared_irq_driver_api_list_start = .
 *(SORT_BY_NAME(SORT_BY_ALIGNMENT(._shared_irq_driver_api.static.*)))
                0x10008ffc                        _shared_irq_driver_api_list_end = .
                0x10008ffc                        _shared_irq_driver_api_ext_end = .
                0x10008ffc                        _dmic_driver_api_list_start = .
 *(SORT_BY_NAME(SORT_BY_ALIGNMENT(._dmic_driver_api.static.*)))
                0x10008ffc                        _dmic_driver_api_list_end = .
                0x10008ffc                        _dmic_driver_api_ext_end = .
                0x10008ffc                        _crypto_driver_api_list_start = .
 *(SORT_BY_NAME(SORT_BY_ALIGNMENT(._crypto_driver_api.static.*)))
                0x10008ffc                        _crypto_driver_api_list_end = .
                0x10008ffc                        _crypto_driver_api_ext_end = .
                0x10008ffc                        _adc_driver_api_list_start = .
 *(SORT_BY_NAME(SORT_BY_ALIGNMENT(._adc_driver_api.static.*)))
                0x10008ffc                        _adc_driver_api_list_end = .
                0x10008ffc                        _adc_driver_api_ext_end = .
                0x10008ffc                        _auxdisplay_driver_api_list_start = .
 *(SORT_BY_NAME(SORT_BY_ALIGNMENT(._auxdisplay_driver_api.static.*)))
                0x10008ffc                        _auxdisplay_driver_api_list_end = .
                0x10008ffc                        _auxdisplay_driver_api_ext_end = .
                0x10008ffc                        _bbram_driver_api_list_start = .
 *(SORT_BY_NAME(SORT_BY_ALIGNMENT(._bbram_driver_api.static.*)))
                0x10008ffc                        _bbram_driver_api_list_end = .
                0x10008ffc                        _bbram_driver_api_ext_end = .
                0x10008ffc                        _biometric_driver_api_list_start = .
 *(SORT_BY_NAME(SORT_BY_ALIGNMENT(._biometric_driver_api.static.*)))
                0x10008ffc                        _biometric_driver_api_list_end = .
                0x10008ffc                        _biometric_driver_api_ext_end = .
                0x10008ffc                        _bt_hci_driver_api_list_start = .
 *(SORT_BY_NAME(SORT_BY_ALIGNMENT(._bt_hci_driver_api.static.*)))
                0x10008ffc                        _bt_hci_driver_api_list_end = .
                0x10008ffc                        _bt_hci_driver_api_ext_end = .
                0x10008ffc                        _buzzer_driver_api_list_start = .
 *(SORT_BY_NAME(SORT_BY_ALIGNMENT(._buzzer_driver_api.static.*)))
                0x10008ffc                        _buzzer_driver_api_list_end = .
                0x10008ffc                        _buzzer_driver_api_ext_end = .
                0x10008ffc                        _can_driver_api_list_start = .
 *(SORT_BY_NAME(SORT_BY_ALIGNMENT(._can_driver_api.static.*)))
                0x10008ffc                        _can_driver_api_list_end = .
                0x10008ffc                        _can_driver_api_ext_end = .
                0x10008ffc                        _cellular_driver_api_list_start = .
 *(SORT_BY_NAME(SORT_BY_ALIGNMENT(._cellular_driver_api.static.*)))
                0x10008ffc                        _cellular_driver_api_list_end = .
                0x10008ffc                        _cellular_driver_api_ext_end = .
                0x10008ffc                        _charger_driver_api_list_start = .
 *(SORT_BY_NAME(SORT_BY_ALIGNMENT(._charger_driver_api.static.*)))
                0x10008ffc                        _charger_driver_api_list_end = .
                0x10008ffc                        _charger_driver_api_ext_end = .
                0x10008ffc                        _clock_control_driver_api_list_start = .
 *(SORT_BY_NAME(SORT_BY_ALIGNMENT(._clock_control_driver_api.static.*)))
 ._clock_control_driver_api.static.clock_control_rpi_pico_api_
                0x10008ffc       0x1c zephyr/drivers/clock_control/libdrivers__clock_control.a(clock_control_rpi_pico.c.obj)
                0x10009018                        _clock_control_driver_api_list_end = .
                0x10009018                        _nrf_clock_control_driver_api_list_start = .
 *(SORT_BY_NAME(SORT_BY_ALIGNMENT(._nrf_clock_control_driver_api.static.*)))
                0x10009018                        _nrf_clock_control_driver_api_list_end = .
                0x10009018                        _nrf_clock_control_driver_api_ext_end = .
                0x10009018                        _clock_control_driver_api_ext_end = .
                0x10009018                        _comparator_driver_api_list_start = .
 *(SORT_BY_NAME(SORT_BY_ALIGNMENT(._comparator_driver_api.static.*)))
                0x10009018                        _comparator_driver_api_list_end = .
                0x10009018                        _comparator_driver_api_ext_end = .
                0x10009018                        _coredump_driver_api_list_start = .
 *(SORT_BY_NAME(SORT_BY_ALIGNMENT(._coredump_driver_api.static.*)))
                0x10009018                        _coredump_driver_api_list_end = .
                0x10009018                        _coredump_driver_api_ext_end = .
                0x10009018                        _counter_driver_api_list_start = .
 *(SORT_BY_NAME(SORT_BY_ALIGNMENT(._counter_driver_api.static.*)))
                0x10009018                        _counter_driver_api_list_end = .
                0x10009018                        _counter_driver_api_ext_end = .
                0x10009018                        _crc_driver_api_list_start = .
 *(SORT_BY_NAME(SORT_BY_ALIGNMENT(._crc_driver_api.static.*)))
                0x10009018                        _crc_driver_api_list_end = .
                0x10009018                        _crc_driver_api_ext_end = .
                0x10009018                        _dac_driver_api_list_start = .
 *(SORT_BY_NAME(SORT_BY_ALIGNMENT(._dac_driver_api.static.*)))
                0x10009018                        _dac_driver_api_list_end = .
                0x10009018                        _dac_driver_api_ext_end = .
                0x10009018                        _dai_driver_api_list_start = .
 *(SORT_BY_NAME(SORT_BY_ALIGNMENT(._dai_driver_api.static.*)))
                0x10009018                        _dai_driver_api_list_end = .
                0x10009018                        _dai_driver_api_ext_end = .
                0x10009018                        _dali_driver_api_list_start = .
 *(SORT_BY_NAME(SORT_BY_ALIGNMENT(._dali_driver_api.static.*)))
                0x10009018                        _dali_driver_api_list_end = .
                0x10009018                        _dali_driver_api_ext_end = .
                0x10009018                        _display_driver_api_list_start = .
 *(SORT_BY_NAME(SORT_BY_ALIGNMENT(._display_driver_api.static.*)))
                0x10009018                        _display_driver_api_list_end = .
                0x10009018                        _display_driver_api_ext_end = .
                0x10009018                        _dma_driver_api_list_start = .
 *(SORT_BY_NAME(SORT_BY_ALIGNMENT(._dma_driver_api.static.*)))
                0x10009018                        _dma_driver_api_list_end = .
                0x10009018                        _dma_driver_api_ext_end = .
                0x10009018                        _edac_driver_api_list_start = .
 *(SORT_BY_NAME(SORT_BY_ALIGNMENT(._edac_driver_api.static.*)))
                0x10009018                        _edac_driver_api_list_end = .
                0x10009018                        _edac_driver_api_ext_end = .
                0x10009018                        _eeprom_driver_api_list_start = .
 *(SORT_BY_NAME(SORT_BY_ALIGNMENT(._eeprom_driver_api.static.*)))
                0x10009018                        _eeprom_driver_api_list_end = .
                0x10009018                        _eeprom_driver_api_ext_end = .
                0x10009018                        _emul_bbram_driver_api_list_start = .
 *(SORT_BY_NAME(SORT_BY_ALIGNMENT(._emul_bbram_driver_api.static.*)))
                0x10009018                        _emul_bbram_driver_api_list_end = .
                0x10009018                        _emul_bbram_driver_api_ext_end = .
                0x10009018                        _fuel_gauge_emul_driver_api_list_start = .
 *(SORT_BY_NAME(SORT_BY_ALIGNMENT(._fuel_gauge_emul_driver_api.static.*)))
                0x10009018                        _fuel_gauge_emul_driver_api_list_end = .
                0x10009018                        _fuel_gauge_emul_driver_api_ext_end = .
                0x10009018                        _emul_sensor_driver_api_list_start = .
 *(SORT_BY_NAME(SORT_BY_ALIGNMENT(._emul_sensor_driver_api.static.*)))
                0x10009018                        _emul_sensor_driver_api_list_end = .
                0x10009018                        _emul_sensor_driver_api_ext_end = .
                0x10009018                        _entropy_driver_api_list_start = .
 *(SORT_BY_NAME(SORT_BY_ALIGNMENT(._entropy_driver_api.static.*)))
                0x10009018                        _entropy_driver_api_list_end = .
                0x10009018                        _entropy_driver_api_ext_end = .
                0x10009018                        _espi_driver_api_list_start = .
 *(SORT_BY_NAME(SORT_BY_ALIGNMENT(._espi_driver_api.static.*)))
                0x10009018                        _espi_driver_api_list_end = .
                0x10009018                        _emul_espi_driver_api_list_start = .
 *(SORT_BY_NAME(SORT_BY_ALIGNMENT(._emul_espi_driver_api.static.*)))
                0x10009018                        _emul_espi_driver_api_list_end = .
                0x10009018                        _emul_espi_driver_api_ext_end = .
                0x10009018                        _espi_driver_api_ext_end = .
                0x10009018                        _espi_saf_driver_api_list_start = .
 *(SORT_BY_NAME(SORT_BY_ALIGNMENT(._espi_saf_driver_api.static.*)))
                0x10009018                        _espi_saf_driver_api_list_end = .
                0x10009018                        _espi_saf_driver_api_ext_end = .
                0x10009018                        _flash_driver_api_list_start = .
 *(SORT_BY_NAME(SORT_BY_ALIGNMENT(._flash_driver_api.static.*)))
                0x10009018                        _flash_driver_api_list_end = .
                0x10009018                        _flash_driver_api_ext_end = .
                0x10009018                        _fpga_driver_api_list_start = .
 *(SORT_BY_NAME(SORT_BY_ALIGNMENT(._fpga_driver_api.static.*)))
                0x10009018                        _fpga_driver_api_list_end = .
                0x10009018                        _fpga_driver_api_ext_end = .
                0x10009018                        _fuel_gauge_driver_api_list_start = .
 *(SORT_BY_NAME(SORT_BY_ALIGNMENT(._fuel_gauge_driver_api.static.*)))
                0x10009018                        _fuel_gauge_driver_api_list_end = .
                0x10009018                        _fuel_gauge_driver_api_ext_end = .
                0x10009018                        _gnss_driver_api_list_start = .
 *(SORT_BY_NAME(SORT_BY_ALIGNMENT(._gnss_driver_api.static.*)))
                0x10009018                        _gnss_driver_api_list_end = .
                0x10009018                        _gnss_driver_api_ext_end = .
                0x10009018                        _haptics_driver_api_list_start = .
 *(SORT_BY_NAME(SORT_BY_ALIGNMENT(._haptics_driver_api.static.*)))
                0x10009018                        _haptics_driver_api_list_end = .
                0x10009018                        _haptics_driver_api_ext_end = .
                0x10009018                        _hwspinlock_driver_api_list_start = .
 *(SORT_BY_NAME(SORT_BY_ALIGNMENT(._hwspinlock_driver_api.static.*)))
                0x10009018                        _hwspinlock_driver_api_list_end = .
                0x10009018                        _hwspinlock_driver_api_ext_end = .
                0x10009018                        _i2c_driver_api_list_start = .
 *(SORT_BY_NAME(SORT_BY_ALIGNMENT(._i2c_driver_api.static.*)))
                0x10009018                        _i2c_driver_api_list_end = .
                0x10009018                        _i3c_driver_api_list_start = .
 *(SORT_BY_NAME(SORT_BY_ALIGNMENT(._i3c_driver_api.static.*)))
                0x10009018                        _i3c_driver_api_list_end = .
                0x10009018                        _i3c_driver_api_ext_end = .
                0x10009018                        _i2c_driver_api_ext_end = .
                0x10009018                        _i2c_target_driver_api_list_start = .
 *(SORT_BY_NAME(SORT_BY_ALIGNMENT(._i2c_target_driver_api.static.*)))
                0x10009018                        _i2c_target_driver_api_list_end = .
                0x10009018                        _i2c_target_driver_api_ext_end = .
                0x10009018                        _i2s_driver_api_list_start = .
 *(SORT_BY_NAME(SORT_BY_ALIGNMENT(._i2s_driver_api.static.*)))
                0x10009018                        _i2s_driver_api_list_end = .
                0x10009018                        _i2s_driver_api_ext_end = .
                0x10009018                        _ipm_driver_api_list_start = .
 *(SORT_BY_NAME(SORT_BY_ALIGNMENT(._ipm_driver_api.static.*)))
                0x10009018                        _ipm_driver_api_list_end = .
                0x10009018                        _ipm_driver_api_ext_end = .
                0x10009018                        _led_driver_api_list_start = .
 *(SORT_BY_NAME(SORT_BY_ALIGNMENT(._led_driver_api.static.*)))
                0x10009018                        _led_driver_api_list_end = .
                0x10009018                        _led_driver_api_ext_end = .
                0x10009018                        _led_strip_driver_api_list_start = .
 *(SORT_BY_NAME(SORT_BY_ALIGNMENT(._led_strip_driver_api.static.*)))
                0x10009018                        _led_strip_driver_api_list_end = .
                0x10009018                        _led_strip_driver_api_ext_end = .
                0x10009018                        _lora_driver_api_list_start = .
 *(SORT_BY_NAME(SORT_BY_ALIGNMENT(._lora_driver_api.static.*)))
                0x10009018                        _lora_driver_api_list_end = .
                0x10009018                        _lora_driver_api_ext_end = .